Archive member included to satisfy reference by file (symbol)

C:/ST/STM32CubeIDE_2.2.0/STM32CubeIDE/plugins/com.st.stm32cube.ide.mcu.externaltools.gnu-tools-for-stm32.14.3.rel1.win32_1.0.100.202602081740/tools/bin/../lib/gcc/arm-none-eabi/14.3.1/../../../../arm-none-eabi/lib/thumb/v7e-m+fp/hard\libc_nano.a(libc_a-exit.o)
                              C:/ST/STM32CubeIDE_2.2.0/STM32CubeIDE/plugins/com.st.stm32cube.ide.mcu.externaltools.gnu-tools-for-stm32.14.3.rel1.win32_1.0.100.202602081740/tools/bin/../lib/gcc/arm-none-eabi/14.3.1/../../../../arm-none-eabi/lib/thumb/v7e-m+fp/hard/crt0.o (exit)
C:/ST/STM32CubeIDE_2.2.0/STM32CubeIDE/plugins/com.st.stm32cube.ide.mcu.externaltools.gnu-tools-for-stm32.14.3.rel1.win32_1.0.100.202602081740/tools/bin/../lib/gcc/arm-none-eabi/14.3.1/../../../../arm-none-eabi/lib/thumb/v7e-m+fp/hard\libc_nano.a(libc_a-findfp.o)
                              ./Middlewares/Third_Party/FreeRTOS/Source/tasks.o (__sf)
C:/ST/STM32CubeIDE_2.2.0/STM32CubeIDE/plugins/com.st.stm32cube.ide.mcu.externaltools.gnu-tools-for-stm32.14.3.rel1.win32_1.0.100.202602081740/tools/bin/../lib/gcc/arm-none-eabi/14.3.1/../../../../arm-none-eabi/lib/thumb/v7e-m+fp/hard\libc_nano.a(libc_a-fwalk.o)
                              C:/ST/STM32CubeIDE_2.2.0/STM32CubeIDE/plugins/com.st.stm32cube.ide.mcu.externaltools.gnu-tools-for-stm32.14.3.rel1.win32_1.0.100.202602081740/tools/bin/../lib/gcc/arm-none-eabi/14.3.1/../../../../arm-none-eabi/lib/thumb/v7e-m+fp/hard\libc_nano.a(libc_a-findfp.o) (_fwalk_sglue)
C:/ST/STM32CubeIDE_2.2.0/STM32CubeIDE/plugins/com.st.stm32cube.ide.mcu.externaltools.gnu-tools-for-stm32.14.3.rel1.win32_1.0.100.202602081740/tools/bin/../lib/gcc/arm-none-eabi/14.3.1/../../../../arm-none-eabi/lib/thumb/v7e-m+fp/hard\libc_nano.a(libc_a-snprintf.o)
                              ./Core/Src/main.o (snprintf)
C:/ST/STM32CubeIDE_2.2.0/STM32CubeIDE/plugins/com.st.stm32cube.ide.mcu.externaltools.gnu-tools-for-stm32.14.3.rel1.win32_1.0.100.202602081740/tools/bin/../lib/gcc/arm-none-eabi/14.3.1/../../../../arm-none-eabi/lib/thumb/v7e-m+fp/hard\libc_nano.a(libc_a-stdio.o)
                              C:/ST/STM32CubeIDE_2.2.0/STM32CubeIDE/plugins/com.st.stm32cube.ide.mcu.externaltools.gnu-tools-for-stm32.14.3.rel1.win32_1.0.100.202602081740/tools/bin/../lib/gcc/arm-none-eabi/14.3.1/../../../../arm-none-eabi/lib/thumb/v7e-m+fp/hard\libc_nano.a(libc_a-findfp.o) (__sread)
C:/ST/STM32CubeIDE_2.2.0/STM32CubeIDE/plugins/com.st.stm32cube.ide.mcu.externaltools.gnu-tools-for-stm32.14.3.rel1.win32_1.0.100.202602081740/tools/bin/../lib/gcc/arm-none-eabi/14.3.1/../../../../arm-none-eabi/lib/thumb/v7e-m+fp/hard\libc_nano.a(libc_a-vsnprintf.o)
                              ./Core/Src/nonlinear_test.o (vsnprintf)
C:/ST/STM32CubeIDE_2.2.0/STM32CubeIDE/plugins/com.st.stm32cube.ide.mcu.externaltools.gnu-tools-for-stm32.14.3.rel1.win32_1.0.100.202602081740/tools/bin/../lib/gcc/arm-none-eabi/14.3.1/../../../../arm-none-eabi/lib/thumb/v7e-m+fp/hard\libc_nano.a(libc_a-memcmp.o)
                              ./Core/Src/control_a5_math.o (memcmp)
C:/ST/STM32CubeIDE_2.2.0/STM32CubeIDE/plugins/com.st.stm32cube.ide.mcu.externaltools.gnu-tools-for-stm32.14.3.rel1.win32_1.0.100.202602081740/tools/bin/../lib/gcc/arm-none-eabi/14.3.1/../../../../arm-none-eabi/lib/thumb/v7e-m+fp/hard\libc_nano.a(libc_a-memset.o)
                              C:/ST/STM32CubeIDE_2.2.0/STM32CubeIDE/plugins/com.st.stm32cube.ide.mcu.externaltools.gnu-tools-for-stm32.14.3.rel1.win32_1.0.100.202602081740/tools/bin/../lib/gcc/arm-none-eabi/14.3.1/../../../../arm-none-eabi/lib/thumb/v7e-m+fp/hard/crt0.o (memset)
C:/ST/STM32CubeIDE_2.2.0/STM32CubeIDE/plugins/com.st.stm32cube.ide.mcu.externaltools.gnu-tools-for-stm32.14.3.rel1.win32_1.0.100.202602081740/tools/bin/../lib/gcc/arm-none-eabi/14.3.1/../../../../arm-none-eabi/lib/thumb/v7e-m+fp/hard\libc_nano.a(libc_a-closer.o)
                              C:/ST/STM32CubeIDE_2.2.0/STM32CubeIDE/plugins/com.st.stm32cube.ide.mcu.externaltools.gnu-tools-for-stm32.14.3.rel1.win32_1.0.100.202602081740/tools/bin/../lib/gcc/arm-none-eabi/14.3.1/../../../../arm-none-eabi/lib/thumb/v7e-m+fp/hard\libc_nano.a(libc_a-stdio.o) (_close_r)
C:/ST/STM32CubeIDE_2.2.0/STM32CubeIDE/plugins/com.st.stm32cube.ide.mcu.externaltools.gnu-tools-for-stm32.14.3.rel1.win32_1.0.100.202602081740/tools/bin/../lib/gcc/arm-none-eabi/14.3.1/../../../../arm-none-eabi/lib/thumb/v7e-m+fp/hard\libc_nano.a(libc_a-reent.o)
                              ./Middlewares/Third_Party/FreeRTOS/Source/tasks.o (_reclaim_reent)
C:/ST/STM32CubeIDE_2.2.0/STM32CubeIDE/plugins/com.st.stm32cube.ide.mcu.externaltools.gnu-tools-for-stm32.14.3.rel1.win32_1.0.100.202602081740/tools/bin/../lib/gcc/arm-none-eabi/14.3.1/../../../../arm-none-eabi/lib/thumb/v7e-m+fp/hard\libc_nano.a(libc_a-impure.o)
                              ./Middlewares/Third_Party/FreeRTOS/Source/tasks.o (_impure_ptr)
[...]
Memory Configuration

Name             Origin             Length             Attributes
CCMRAM           0x10000000         0x00010000         xrw
RAM              0x20000000         0x00020000         xrw
FLASH            0x08000000         0x00100000         xr
*default*        0x00000000         0xffffffff

Linker script and memory map

LOAD C:/ST/STM32CubeIDE_2.2.0/STM32CubeIDE/plugins/com.st.stm32cube.ide.mcu.externaltools.gnu-tools-for-stm32.14.3.rel1.win32_1.0.100.202602081740/tools/bin/../lib/gcc/arm-none-eabi/14.3.1/thumb/v7e-m+fp/hard/crti.o
LOAD C:/ST/STM32CubeIDE_2.2.0/STM32CubeIDE/plugins/com.st.stm32cube.ide.mcu.externaltools.gnu-tools-for-stm32.14.3.rel1.win32_1.0.100.202602081740/tools/bin/../lib/gcc/arm-none-eabi/14.3.1/thumb/v7e-m+fp/hard/crtbegin.o
LOAD C:/ST/STM32CubeIDE_2.2.0/STM32CubeIDE/plugins/com.st.stm32cube.ide.mcu.externaltools.gnu-tools-for-stm32.14.3.rel1.win32_1.0.100.202602081740/tools/bin/../lib/gcc/arm-none-eabi/14.3.1/../../../../arm-none-eabi/lib/thumb/v7e-m+fp/hard/crt0.o
LOAD ./Core/Src/app_engine.o
LOAD ./Core/Src/control_a5_capture.o
LOAD ./Core/Src/control_a5_math.o
LOAD ./Core/Src/control_engine.o
LOAD ./Core/Src/freertos.o
LOAD ./Core/Src/ma600.o
LOAD ./Core/Src/ma600_acquisition.o
LOAD ./Core/Src/main.o
LOAD ./Core/Src/motor.o
LOAD ./Core/Src/motor_pwm.o
LOAD ./Core/Src/nonlinear_test.o
LOAD ./Core/Src/position_controller.o
LOAD ./Core/Src/stm32f4xx_hal_msp.o
LOAD ./Core/Src/stm32f4xx_hal_timebase_tim.o
LOAD ./Core/Src/stm32f4xx_it.o
LOAD ./Core/Src/syscalls.o
LOAD ./Core/Src/sysmem.o
LOAD ./Core/Src/system_stm32f4xx.o
LOAD ./Core/Startup/startup_stm32f405rgtx.o
LOAD ./Drivers/STM32F4xx_HAL_Driver/Src/stm32f4xx_hal.o
LOAD ./Drivers/STM32F4xx_HAL_Driver/Src/stm32f4xx_hal_adc.o
LOAD ./Drivers/STM32F4xx_HAL_Driver/Src/stm32f4xx_hal_adc_ex.o
LOAD ./Drivers/STM32F4xx_HAL_Driver/Src/stm32f4xx_hal_cortex.o
LOAD ./Drivers/STM32F4xx_HAL_Driver/Src/stm32f4xx_hal_dma.o
LOAD ./Drivers/STM32F4xx_HAL_Driver/Src/stm32f4xx_hal_dma_ex.o
LOAD ./Drivers/STM32F4xx_HAL_Driver/Src/stm32f4xx_hal_exti.o
LOAD ./Drivers/STM32F4xx_HAL_Driver/Src/stm32f4xx_hal_flash.o
LOAD ./Drivers/STM32F4xx_HAL_Driver/Src/stm32f4xx_hal_flash_ex.o
LOAD ./Drivers/STM32F4xx_HAL_Driver/Src/stm32f4xx_hal_flash_ramfunc.o
LOAD ./Drivers/STM32F4xx_HAL_Driver/Src/stm32f4xx_hal_gpio.o
LOAD ./Drivers/STM32F4xx_HAL_Driver/Src/stm32f4xx_hal_i2c.o
LOAD ./Drivers/STM32F4xx_HAL_Driver/Src/stm32f4xx_hal_i2c_ex.o
LOAD ./Drivers/STM32F4xx_HAL_Driver/Src/stm32f4xx_hal_pwr.o
LOAD ./Drivers/STM32F4xx_HAL_Driver/Src/stm32f4xx_hal_pwr_ex.o
LOAD ./Drivers/STM32F4xx_HAL_Driver/Src/stm32f4xx_hal_rcc.o
LOAD ./Drivers/STM32F4xx_HAL_Driver/Src/stm32f4xx_hal_rcc_ex.o
LOAD ./Drivers/STM32F4xx_HAL_Driver/Src/stm32f4xx_hal_spi.o
LOAD ./Drivers/STM32F4xx_HAL_Driver/Src/stm32f4xx_hal_tim.o
LOAD ./Drivers/STM32F4xx_HAL_Driver/Src/stm32f4xx_hal_tim_ex.o
LOAD ./Drivers/STM32F4xx_HAL_Driver/Src/stm32f4xx_hal_uart.o
LOAD ./Drivers/STM32F4xx_HAL_Driver/Src/stm32f4xx_ll_adc.o
LOAD ./Middlewares/Third_Party/FreeRTOS/Source/CMSIS_RTOS_V2/cmsis_os2.o
LOAD ./Middlewares/Third_Party/FreeRTOS/Source/croutine.o
LOAD ./Middlewares/Third_Party/FreeRTOS/Source/event_groups.o
LOAD ./Middlewares/Third_Party/FreeRTOS/Source/list.o
LOAD ./Middlewares/Third_Party/FreeRTOS/Source/queue.o
LOAD ./Middlewares/Third_Party/FreeRTOS/Source/stream_buffer.o
LOAD ./Middlewares/Third_Party/FreeRTOS/Source/tasks.o
LOAD ./Middlewares/Third_Party/FreeRTOS/Source/timers.o
LOAD ./Middlewares/Third_Party/FreeRTOS/Source/portable/GCC/ARM_CM4F/port.o
LOAD ./Middlewares/Third_Party/FreeRTOS/Source/portable/MemMang/heap_4.o
START GROUP
LOAD C:/ST/STM32CubeIDE_2.2.0/STM32CubeIDE/plugins/com.st.stm32cube.ide.mcu.externaltools.gnu-tools-for-stm32.14.3.rel1.win32_1.0.100.202602081740/tools/bin/../lib/gcc/arm-none-eabi/14.3.1/../../../../arm-none-eabi/lib/thumb/v7e-m+fp/hard\libc_nano.a
LOAD C:/ST/STM32CubeIDE_2.2.0/STM32CubeIDE/plugins/com.st.stm32cube.ide.mcu.externaltools.gnu-tools-for-stm32.14.3.rel1.win32_1.0.100.202602081740/tools/bin/../lib/gcc/arm-none-eabi/14.3.1/../../../../arm-none-eabi/lib/thumb/v7e-m+fp/hard\libm.a
END GROUP
START GROUP
LOAD C:/ST/STM32CubeIDE_2.2.0/STM32CubeIDE/plugins/com.st.stm32cube.ide.mcu.externaltools.gnu-tools-for-stm32.14.3.rel1.win32_1.0.100.202602081740/tools/bin/../lib/gcc/arm-none-eabi/14.3.1/thumb/v7e-m+fp/hard\libgcc.a
LOAD C:/ST/STM32CubeIDE_2.2.0/STM32CubeIDE/plugins/com.st.stm32cube.ide.mcu.externaltools.gnu-tools-for-stm32.14.3.rel1.win32_1.0.100.202602081740/tools/bin/../lib/gcc/arm-none-eabi/14.3.1/../../../../arm-none-eabi/lib/thumb/v7e-m+fp/hard\libc_nano.a
END GROUP
START GROUP
LOAD C:/ST/STM32CubeIDE_2.2.0/STM32CubeIDE/plugins/com.st.stm32cube.ide.mcu.externaltools.gnu-tools-for-stm32.14.3.rel1.win32_1.0.100.202602081740/tools/bin/../lib/gcc/arm-none-eabi/14.3.1/thumb/v7e-m+fp/hard\libgcc.a
LOAD C:/ST/STM32CubeIDE_2.2.0/STM32CubeIDE/plugins/com.st.stm32cube.ide.mcu.externaltools.gnu-tools-for-stm32.14.3.rel1.win32_1.0.100.202602081740/tools/bin/../lib/gcc/arm-none-eabi/14.3.1/../../../../arm-none-eabi/lib/thumb/v7e-m+fp/hard\libc_nano.a
LOAD C:/ST/STM32CubeIDE_2.2.0/STM32CubeIDE/plugins/com.st.stm32cube.ide.mcu.externaltools.gnu-tools-for-stm32.14.3.rel1.win32_1.0.100.202602081740/tools/bin/../lib/gcc/arm-none-eabi/14.3.1/../../../../arm-none-eabi/lib/thumb/v7e-m+fp/hard\libnosys.a
END GROUP
START GROUP
LOAD C:/ST/STM32CubeIDE_2.2.0/STM32CubeIDE/plugins/com.st.stm32cube.ide.mcu.externaltools.gnu-tools-for-stm32.14.3.rel1.win32_1.0.100.202602081740/tools/bin/../lib/gcc/arm-none-eabi/14.3.1/thumb/v7e-m+fp/hard\libgcc.a
LOAD C:/ST/STM32CubeIDE_2.2.0/STM32CubeIDE/plugins/com.st.stm32cube.ide.mcu.externaltools.gnu-tools-for-stm32.14.3.rel1.win32_1.0.100.202602081740/tools/bin/../lib/gcc/arm-none-eabi/14.3.1/../../../../arm-none-eabi/lib/thumb/v7e-m+fp/hard\libc_nano.a
LOAD C:/ST/STM32CubeIDE_2.2.0/STM32CubeIDE/plugins/com.st.stm32cube.ide.mcu.externaltools.gnu-tools-for-stm32.14.3.rel1.win32_1.0.100.202602081740/tools/bin/../lib/gcc/arm-none-eabi/14.3.1/../../../../arm-none-eabi/lib/thumb/v7e-m+fp/hard\libnosys.a
END GROUP
LOAD C:/ST/STM32CubeIDE_2.2.0/STM32CubeIDE/plugins/com.st.stm32cube.ide.mcu.externaltools.gnu-tools-for-stm32.14.3.rel1.win32_1.0.100.202602081740/tools/bin/../lib/gcc/arm-none-eabi/14.3.1/thumb/v7e-m+fp/hard/crtend.o
LOAD C:/ST/STM32CubeIDE_2.2.0/STM32CubeIDE/plugins/com.st.stm32cube.ide.mcu.externaltools.gnu-tools-for-stm32.14.3.rel1.win32_1.0.100.202602081740/tools/bin/../lib/gcc/arm-none-eabi/14.3.1/thumb/v7e-m+fp/hard/crtn.o
                0x20020000                        _estack = (ORIGIN (RAM) + LENGTH (RAM))
                0x00000200                        _Min_Heap_Size = 0x200
                0x00000400                        _Min_Stack_Size = 0x400

.isr_vector     0x08000000      0x188
                0x08000000                        . = ALIGN (0x4)
 *(.isr_vector)
 .isr_vector    0x08000000      0x188 ./Core/Startup/startup_stm32f405rgtx.o
                0x08000000                g_pfnVectors
                0x08000188                        . = ALIGN (0x4)

.text           0x08000190     0xfe14
                0x08000190                        . = ALIGN (0x4)
 *(.text)
 .text          0x08000190       0x40 C:/ST/STM32CubeIDE_2.2.0/STM32CubeIDE/plugins/com.st.stm32cube.ide.mcu.externaltools.gnu-tools-for-stm32.14.3.rel1.win32_1.0.100.202602081740/tools/bin/../lib/gcc/arm-none-eabi/14.3.1/thumb/v7e-m+fp/hard/crtbegin.o
 .text          0x080001d0       0x10 C:/ST/STM32CubeIDE_2.2.0/STM32CubeIDE/plugins/com.st.stm32cube.ide.mcu.externaltools.gnu-tools-for-stm32.14.3.rel1.win32_1.0.100.202602081740/tools/bin/../lib/gcc/arm-none-eabi/14.3.1/../../../../arm-none-eabi/lib/thumb/v7e-m+fp/hard\libc_nano.a(libc_a-strlen.o)
                0x080001d0                strlen
 .text          0x080001e0       0xa0 C:/ST/STM32CubeIDE_2.2.0/STM32CubeIDE/plugins/com.st.stm32cube.ide.mcu.externaltools.gnu-tools-for-stm32.14.3.rel1.win32_1.0.100.202602081740/tools/bin/../lib/gcc/arm-none-eabi/14.3.1/../../../../arm-none-eabi/lib/thumb/v7e-m+fp/hard\libc_nano.a(libc_a-memchr.o)
                0x080001e0                memchr
 .text          0x08000280      0x378 C:/ST/STM32CubeIDE_2.2.0/STM32CubeIDE/plugins/com.st.stm32cube.ide.mcu.externaltools.gnu-tools-for-stm32.14.3.rel1.win32_1.0.100.202602081740/tools/bin/../lib/gcc/arm-none-eabi/14.3.1/thumb/v7e-m+fp/hard\libgcc.a(_arm_addsubdf3.o)
                0x08000280                __aeabi_drsub
                0x08000288                __aeabi_dsub
                0x08000288                __subdf3
                0x0800028c                __aeabi_dadd
                0x0800028c                __adddf3
                0x08000504                __floatunsidf
                0x08000504                __aeabi_ui2d
                0x08000524                __floatsidf
                0x08000524                __aeabi_i2d
                0x08000548                __aeabi_f2d
                0x08000548                __extendsfdf2
                0x0800058c                __floatundidf
                0x0800058c                __aeabi_ul2d
                0x0800059c                __floatdidf
                0x0800059c                __aeabi_l2d
 .text          0x080005f8      0x424 C:/ST/STM32CubeIDE_2.2.0/STM32CubeIDE/plugins/com.st.stm32cube.ide.mcu.externaltools.gnu-tools-for-stm32.14.3.rel1.win32_1.0.100.202602081740/tools/bin/../lib/gcc/arm-none-eabi/14.3.1/thumb/v7e-m+fp/hard\libgcc.a(_arm_muldivdf3.o)
                0x080005f8                __aeabi_dmul
                0x080005f8                __muldf3
                0x0800084c                __divdf3
                0x0800084c                __aeabi_ddiv
 .text          0x08000a1c      0x110 C:/ST/STM32CubeIDE_2.2.0/STM32CubeIDE/plugins/com.st.stm32cube.ide.mcu.externaltools.gnu-tools-for-stm32.14.3.rel1.win32_1.0.100.202602081740/tools/bin/../lib/gcc/arm-none-eabi/14.3.1/thumb/v7e-m+fp/hard\libgcc.a(_arm_cmpdf2.o)
                0x08000a1c                __gtdf2
                0x08000a1c                __gedf2
                0x08000a24                __ltdf2
                0x08000a24                __ledf2
                0x08000a2c                __nedf2
                0x08000a2c                __eqdf2
                0x08000a2c                __cmpdf2
                0x08000aa8                __aeabi_cdrcmple
                0x08000ab8                __aeabi_cdcmpeq
                0x08000ab8                __aeabi_cdcmple
                0x08000ac8                __aeabi_dcmpeq
                0x08000adc                __aeabi_dcmplt
                0x08000af0                __aeabi_dcmple
                0x08000b04                __aeabi_dcmpge
                0x08000b18                __aeabi_dcmpgt
 .text          0x08000b2c       0x2c C:/ST/STM32CubeIDE_2.2.0/STM32CubeIDE/plugins/com.st.stm32cube.ide.mcu.externaltools.gnu-tools-for-stm32.14.3.rel1.win32_1.0.100.202602081740/tools/bin/../lib/gcc/arm-none-eabi/14.3.1/thumb/v7e-m+fp/hard\libgcc.a(_arm_unorddf2.o)
                0x08000b2c                __unorddf2
                0x08000b2c                __aeabi_dcmpun
 .text          0x08000b58       0x40 C:/ST/STM32CubeIDE_2.2.0/STM32CubeIDE/plugins/com.st.stm32cube.ide.mcu.externaltools.gnu-tools-for-stm32.14.3.rel1.win32_1.0.100.202602081740/tools/bin/../lib/gcc/arm-none-eabi/14.3.1/thumb/v7e-m+fp/hard\libgcc.a(_arm_fixunsdfsi.o)
                0x08000b58                __aeabi_d2uiz
                0x08000b58                __fixunsdfsi
 .text          0x08000b98       0xa0 C:/ST/STM32CubeIDE_2.2.0/STM32CubeIDE/plugins/com.st.stm32cube.ide.mcu.externaltools.gnu-tools-for-stm32.14.3.rel1.win32_1.0.100.202602081740/tools/bin/../lib/gcc/arm-none-eabi/14.3.1/thumb/v7e-m+fp/hard\libgcc.a(_arm_truncdfsf2.o)
                0x08000b98                __truncdfsf2
                0x08000b98                __aeabi_d2f
 .text          0x08000c38      0x21c C:/ST/STM32CubeIDE_2.2.0/STM32CubeIDE/plugins/com.st.stm32cube.ide.mcu.externaltools.gnu-tools-for-stm32.14.3.rel1.win32_1.0.100.202602081740/tools/bin/../lib/gcc/arm-none-eabi/14.3.1/thumb/v7e-m+fp/hard\libgcc.a(_arm_addsubsf3.o)
                0x08000c38                __aeabi_frsub
                0x08000c40                __subsf3
                0x08000c40                __aeabi_fsub
                0x08000c44                __aeabi_fadd
                0x08000c44                __addsf3
                0x08000da4                __aeabi_ui2f
                0x08000da4                __floatunsisf
                0x08000dac                __aeabi_i2f
                0x08000dac                __floatsisf
                0x08000dc8                __aeabi_ul2f
                0x08000dc8                __floatundisf
                0x08000dd8                __aeabi_l2f
                0x08000dd8                __floatdisf
 .text          0x08000e54       0xa0 C:/ST/STM32CubeIDE_2.2.0/STM32CubeIDE/plugins/com.st.stm32cube.ide.mcu.externaltools.gnu-tools-for-stm32.14.3.rel1.win32_1.0.100.202602081740/tools/bin/../lib/gcc/arm-none-eabi/14.3.1/thumb/v7e-m+fp/hard\libgcc.a(_aeabi_ldivmod.o)
                0x08000e54                __aeabi_ldivmod
 .text          0x08000ef4       0x30 C:/ST/STM32CubeIDE_2.2.0/STM32CubeIDE/plugins/com.st.stm32cube.ide.mcu.externaltools.gnu-tools-for-stm32.14.3.rel1.win32_1.0.100.202602081740/tools/bin/../lib/gcc/arm-none-eabi/14.3.1/thumb/v7e-m+fp/hard\libgcc.a(_aeabi_uldivmod.o)
                0x08000ef4                __aeabi_uldivmod
 .text          0x08000f24      0x2f8 C:/ST/STM32CubeIDE_2.2.0/STM32CubeIDE/plugins/com.st.stm32cube.ide.mcu.externaltools.gnu-tools-for-stm32.14.3.rel1.win32_1.0.100.202602081740/tools/bin/../lib/gcc/arm-none-eabi/14.3.1/thumb/v7e-m+fp/hard\libgcc.a(_udivmoddi4.o)
                0x08000f24                __udivmoddi4
 .text          0x0800121c        0x4 C:/ST/STM32CubeIDE_2.2.0/STM32CubeIDE/plugins/com.st.stm32cube.ide.mcu.externaltools.gnu-tools-for-stm32.14.3.rel1.win32_1.0.100.202602081740/tools/bin/../lib/gcc/arm-none-eabi/14.3.1/thumb/v7e-m+fp/hard\libgcc.a(_dvmd_tls.o)
                0x0800121c                __aeabi_idiv0
                0x0800121c                __aeabi_ldiv0
 *(.text*)
 .text.AppEngine_Init
                0x08001220        0x4 ./Core/Src/app_engine.o
                0x08001220                AppEngine_Init
 .text.AppEngine_RequestStart
                0x08001224        0x4 ./Core/Src/app_engine.o
                0x08001224                AppEngine_RequestStart
 .text.AppEngine_IsBusy
                0x08001228        0x4 ./Core/Src/app_engine.o
                0x08001228                AppEngine_IsBusy
 .text.AppEngine_ModeId
                0x0800122c        0x8 ./Core/Src/app_engine.o
                0x0800122c                AppEngine_ModeId
 .text.AppEngine_ProfileId
                0x08001234        0x8 ./Core/Src/app_engine.o
                0x08001234                AppEngine_ProfileId
 .text.AppEngine_SourceId
                0x0800123c        0x8 ./Core/Src/app_engine.o
                0x0800123c                AppEngine_SourceId
 .text.AppEngine_ProfileFingerprint
                0x08001244       0x40 ./Core/Src/app_engine.o
                0x08001244                AppEngine_ProfileFingerprint
 .text.vApplicationStackOverflowHook
                0x08001284       0x1c ./Core/Src/freertos.o
                0x08001284                vApplicationStackOverflowHook
 .text.vApplicationMallocFailedHook
                0x080012a0       0x1c ./Core/Src/freertos.o
                0x080012a0                vApplicationMallocFailedHook
 .text.MA600_Deselect
                0x080012bc       0x10 ./Core/Src/ma600.o
 .text.MA600_Select
                0x080012cc       0x10 ./Core/Src/ma600.o
 .text.MA600_ReadRegChecked.part.0
                0x080012dc       0x64 ./Core/Src/ma600.o
 .text.HAL_SPI_TxRxCpltCallback
                0x08001340       0x34 ./Core/Src/ma600.o
                0x08001340                HAL_SPI_TxRxCpltCallback
 .text.HAL_SPI_ErrorCallback
                0x08001374       0x34 ./Core/Src/ma600.o
                0x08001374                HAL_SPI_ErrorCallback
 .text.MA600_AngleTransportName
                0x080013a8        0x8 ./Core/Src/ma600.o
                0x080013a8                MA600_AngleTransportName
 .text.MA600_RawToDegrees
                0x080013b0       0x24 ./Core/Src/ma600.o
                0x080013b0                MA600_RawToDegrees
 .text.MA600_ReadStatus
                0x080013d4       0x38 ./Core/Src/ma600.o
                0x080013d4                MA600_ReadStatus
 .text.MA600_ReadRawChecked
                0x0800140c      0x11c ./Core/Src/ma600.o
                0x0800140c                MA600_ReadRawChecked
 .text.MA600_ReadRegChecked
                0x08001528        0xa ./Core/Src/ma600.o
                0x08001528                MA600_ReadRegChecked
 *fill*         0x08001532        0x2 
 .text.MA600_ClearErrorFlags
                0x08001534       0x38 ./Core/Src/ma600.o
                0x08001534                MA600_ClearErrorFlags
 .text.MA600_PrecheckAndClearStatus
                0x0800156c       0x6c ./Core/Src/ma600.o
                0x0800156c                MA600_PrecheckAndClearStatus
 .text.MA600_UnwrapContextInit
                0x080015d8       0x1a ./Core/Src/ma600.o
                0x080015d8                MA600_UnwrapContextInit
 .text.MA600_UnwrapUpdate
                0x080015f2       0x7e ./Core/Src/ma600.o
                0x080015f2                MA600_UnwrapUpdate
 .text.MA600_ReadConfiguration
                0x08001670      0x120 ./Core/Src/ma600.o
                0x08001670                MA600_ReadConfiguration
 .text.MA600_ValidateConfigurationSafetyGate
                0x08001790       0x30 ./Core/Src/ma600.o
                0x08001790                MA600_ValidateConfigurationSafetyGate
 .text.MA600_ValidateConfigurationLockedGate
                0x080017c0       0x66 ./Core/Src/ma600.o
                0x080017c0                MA600_ValidateConfigurationLockedGate
 *fill*         0x08001826        0x2 
 .text.MA600_ConfigGateResultName
                0x08001828       0x18 ./Core/Src/ma600.o
                0x08001828                MA600_ConfigGateResultName
 .text.MA600_ConfigurationGateSelfTest
                0x08001840      0x11c ./Core/Src/ma600.o
                0x08001840                MA600_ConfigurationGateSelfTest
 .text.MA600_DwtInit
                0x0800195c       0x28 ./Core/Src/ma600.o
                0x0800195c                MA600_DwtInit
 .text.MA600_Init
                0x08001984        0xe ./Core/Src/ma600.o
                0x08001984                MA600_Init
 *fill*         0x08001992        0x2 
 .text.MA600_DwtUsToCycles
                0x08001994       0x18 ./Core/Src/ma600.o
                0x08001994                MA600_DwtUsToCycles
 .text.SafeSubI64
                0x080019ac       0x3c ./Core/Src/ma600_acquisition.o
 .text.InsertionSortI64
                0x080019e8       0x40 ./Core/Src/ma600_acquisition.o
 .text.DefaultPointNow
                0x08001a28        0xc ./Core/Src/ma600_acquisition.o
 .text.DefaultPointWaitUntil
                0x08001a34       0x14 ./Core/Src/ma600_acquisition.o
 .text.PointSelfTestNow
                0x08001a48        0x4 ./Core/Src/ma600_acquisition.o
 .text.PointSelfTestWaitUntil
                0x08001a4c       0x20 ./Core/Src/ma600_acquisition.o
 .text.PointSelfTestRead
                0x08001a6c       0x3e ./Core/Src/ma600_acquisition.o
 .text.PointSelfTestInitIo
                0x08001aaa       0x20 ./Core/Src/ma600_acquisition.o
 .text.DefaultPointRead
                0x08001aca        0x8 ./Core/Src/ma600_acquisition.o
 .text.MA600_AcquisitionInit
                0x08001ad2       0x1a ./Core/Src/ma600_acquisition.o
                0x08001ad2                MA600_AcquisitionInit
 .text.MA600_AcquireSample
                0x08001aec       0xe4 ./Core/Src/ma600_acquisition.o
                0x08001aec                MA600_AcquireSample
 .text.MA600_UnwrappedRawToDegrees
                0x08001bd0       0x24 ./Core/Src/ma600_acquisition.o
                0x08001bd0                MA600_UnwrappedRawToDegrees
 .text.MA600_DivRoundNearestAwayFromZero
                0x08001bf4       0x7e ./Core/Src/ma600_acquisition.o
                0x08001bf4                MA600_DivRoundNearestAwayFromZero
 .text.MedianOfSortedI64.constprop.0
                0x08001c72       0x74 ./Core/Src/ma600_acquisition.o
 .text.MA600_ComputeCanonicalPointMeanQ16
                0x08001ce6       0xb2 ./Core/Src/ma600_acquisition.o
                0x08001ce6                MA600_ComputeCanonicalPointMeanQ16
 .text.MA600_ComputeCanonicalErrorAtTargetQ16
                0x08001d98       0x4e ./Core/Src/ma600_acquisition.o
                0x08001d98                MA600_ComputeCanonicalErrorAtTargetQ16
 *fill*         0x08001de6        0x2 
 .text.MA600_ReadAveragedPointWithIo
                0x08001de8      0x514 ./Core/Src/ma600_acquisition.o
                0x08001de8                MA600_ReadAveragedPointWithIo
 .text.MA600_ReadAveragedPoint
                0x080022fc       0x40 ./Core/Src/ma600_acquisition.o
                0x080022fc                MA600_ReadAveragedPoint
 .text.MA600_PointSamplerSelfTest
                0x0800233c      0x874 ./Core/Src/ma600_acquisition.o
                0x0800233c                MA600_PointSamplerSelfTest
 .text.StartDefaultTask
                0x08002bb0      0x414 ./Core/Src/main.o
                0x08002bb0                StartDefaultTask
 .text.HAL_TIM_PeriodElapsedCallback
                0x08002fc4       0x14 ./Core/Src/main.o
                0x08002fc4                HAL_TIM_PeriodElapsedCallback
 .text.Error_Handler
                0x08002fd8       0x28 ./Core/Src/main.o
                0x08002fd8                Error_Handler
 .text.SystemClock_Config
                0x08003000       0xa0 ./Core/Src/main.o
                0x08003000                SystemClock_Config
 .text.startup.main
                0x080030a0      0x580 ./Core/Src/main.o
                0x080030a0                main
 .text.Motor_Init
                0x08003620       0x24 ./Core/Src/motor.o
                0x08003620                Motor_Init
 .text.Motor_Enable
                0x08003644        0x4 ./Core/Src/motor.o
                0x08003644                Motor_Enable
 .text.Motor_Disable
                0x08003648        0x4 ./Core/Src/motor.o
                0x08003648                Motor_Disable
 .text.Motor_SetElectricalPos
                0x0800364c        0x4 ./Core/Src/motor.o
                0x0800364c                Motor_SetElectricalPos
 .text.Motor_ResetPositionController
                0x08003650       0x1c ./Core/Src/motor.o
                0x08003650                Motor_ResetPositionController
 .text.Motor_ResetControlSession
                0x0800366c        0xe ./Core/Src/motor.o
                0x0800366c                Motor_ResetControlSession
 *fill*         0x0800367a        0x2 
 .text.Motor_RunControllerSelfTest
                0x0800367c       0xbc ./Core/Src/motor.o
                0x0800367c                Motor_RunControllerSelfTest
 .text.Motor_GetControllerState
                0x08003738       0x4c ./Core/Src/motor.o
                0x08003738                Motor_GetControllerState
 .text.Motor_MoveToAngle
                0x08003784       0x9c ./Core/Src/motor.o
                0x08003784                Motor_MoveToAngle
 .text.Motor_ElectricalOffset
                0x08003820       0x10 ./Core/Src/motor.o
                0x08003820                Motor_ElectricalOffset
 .text.Motor_GetPolePairs
                0x08003830        0x4 ./Core/Src/motor.o
                0x08003830                Motor_GetPolePairs
 .text.Motor_GetPoleCount
                0x08003834        0x4 ./Core/Src/motor.o
                0x08003834                Motor_GetPoleCount
 .text.Motor_GetCommandedPos
                0x08003838       0x18 ./Core/Src/motor.o
                0x08003838                Motor_GetCommandedPos
 .text.Motor_GetHomeControllerProfileId
                0x08003850        0x8 ./Core/Src/motor.o
                0x08003850                Motor_GetHomeControllerProfileId
 .text.MotorPwm_PhaseValue
                0x08003858       0x7c ./Core/Src/motor_pwm.o
 .text.MotorPwm_Enable
                0x080038d4       0x20 ./Core/Src/motor_pwm.o
                0x080038d4                MotorPwm_Enable
 .text.MotorPwm_Disable
                0x080038f4       0x20 ./Core/Src/motor_pwm.o
                0x080038f4                MotorPwm_Disable
 .text.MotorPwm_SetElectricalPos
                0x08003914       0x68 ./Core/Src/motor_pwm.o
                0x08003914                MotorPwm_SetElectricalPos
 .text.MotorPwm_ResetCommand
                0x0800397c       0x10 ./Core/Src/motor_pwm.o
                0x0800397c                MotorPwm_ResetCommand
 .text.MotorPwm_Init
                0x0800398c       0x4c ./Core/Src/motor_pwm.o
                0x0800398c                MotorPwm_Init
 .text.MotorPwm_GetCommandState
                0x080039d8       0x14 ./Core/Src/motor_pwm.o
                0x080039d8                MotorPwm_GetCommandState
 .text.FindKnownJigByUid
                0x080039ec       0x80 ./Core/Src/nonlinear_test.o
 .text.MA600_ResultName
                0x08003a6c       0x18 ./Core/Src/nonlinear_test.o
 .text.ControllerStateIsReset
                0x08003a84       0x76 ./Core/Src/nonlinear_test.o
 *fill*         0x08003afa        0x2 
 .text.LogLineLarge
                0x08003afc       0x48 ./Core/Src/nonlinear_test.o
 .text.LogLine  0x08003b44       0x3c ./Core/Src/nonlinear_test.o
 .text.FormatDegN
                0x08003b80       0x74 ./Core/Src/nonlinear_test.o
 .text.WaitForPointSettle
                0x08003bf4      0x170 ./Core/Src/nonlinear_test.o
 .text.ComputeHarmonicFull
                0x08003d64      0x118 ./Core/Src/nonlinear_test.o
 .text.AccumulateCounterDelta.part.0
                0x08003e7c       0x4c ./Core/Src/nonlinear_test.o
 .text.NlSmoothstepCommandRaw.part.0
                0x08003ec8       0x4e ./Core/Src/nonlinear_test.o
 .text.FormatI64.part.0.constprop.0
                0x08003f16       0x90 ./Core/Src/nonlinear_test.o
 .text.FormatI64PipeList.part.0.constprop.0
                0x08003fa6       0x68 ./Core/Src/nonlinear_test.o
 *fill*         0x0800400e        0x2 
 .text.FinalizeApproachEarlyExit.constprop.0
                0x08004010       0xe8 ./Core/Src/nonlinear_test.o
 .text.RecordShadowPoint.constprop.0
                0x080040f8      0x184 ./Core/Src/nonlinear_test.o
 .text.ExtendCommandBlind.constprop.0
                0x0800427c       0x9c ./Core/Src/nonlinear_test.o
 .text.SortAscending.constprop.0
                0x08004318       0x40 ./Core/Src/nonlinear_test.o
 .text.FindHarmonic.constprop.0
                0x08004358       0x28 ./Core/Src/nonlinear_test.o
 .text.ComputeResidualRms.constprop.0
                0x08004380       0xdc ./Core/Src/nonlinear_test.o
 .text.ComputeModelMetricsByOrders.constprop.0
                0x0800445c      0x198 ./Core/Src/nonlinear_test.o
 .text.FormatDeg2.constprop.0
                0x080045f4       0x60 ./Core/Src/nonlinear_test.o
 .text.RampCommandToTarget.constprop.0
                0x08004654      0x144 ./Core/Src/nonlinear_test.o
 .text.ReadLogAndGateConfiguration
                0x08004798      0x158 ./Core/Src/nonlinear_test.o
 .text.PrintSweepLog.constprop.0
                0x080048f0     0x18dc ./Core/Src/nonlinear_test.o
 *fill*         0x080061cc        0x4 
 .text.NonlinearTest_Run.constprop.0
                0x080061d0     0x1868 ./Core/Src/nonlinear_test.o
 .text.RunBatchSweep
                0x08007a38      0x168 ./Core/Src/nonlinear_test.o
 .text.NonlinearEngine_Task
                0x08007ba0      0x1d0 ./Core/Src/nonlinear_test.o
 .text.NonlinearEngine_Init
                0x08007d70       0xa8 ./Core/Src/nonlinear_test.o
                0x08007d70                NonlinearEngine_Init
 .text.NonlinearEngine_RequestStart
                0x08007e18       0x3c ./Core/Src/nonlinear_test.o
                0x08007e18                NonlinearEngine_RequestStart
 .text.NonlinearEngine_IsBusy
                0x08007e54        0xc ./Core/Src/nonlinear_test.o
                0x08007e54                NonlinearEngine_IsBusy
 .text.PositionController_Reset
                0x08007e60       0x10 ./Core/Src/position_controller.o
                0x08007e60                PositionController_Reset
 .text.PositionController_Init
                0x08007e70       0x24 ./Core/Src/position_controller.o
                0x08007e70                PositionController_Init
 .text.PositionController_Update
                0x08007e94      0x10c ./Core/Src/position_controller.o
                0x08007e94                PositionController_Update
 .text.PositionController_GetCommandedPosition
                0x08007fa0       0x14 ./Core/Src/position_controller.o
                0x08007fa0                PositionController_GetCommandedPosition
 .text.PositionController_RunSelfTest
                0x08007fb4      0x278 ./Core/Src/position_controller.o
                0x08007fb4                PositionController_RunSelfTest
 .text.HAL_MspInit
                0x0800822c       0x40 ./Core/Src/stm32f4xx_hal_msp.o
                0x0800822c                HAL_MspInit
 .text.HAL_ADC_MspInit
                0x0800826c       0xb4 ./Core/Src/stm32f4xx_hal_msp.o
                0x0800826c                HAL_ADC_MspInit
 .text.HAL_I2C_MspInit
                0x08008320      0x120 ./Core/Src/stm32f4xx_hal_msp.o
                0x08008320                HAL_I2C_MspInit
 .text.HAL_SPI_MspInit
                0x08008440       0xfc ./Core/Src/stm32f4xx_hal_msp.o
                0x08008440                HAL_SPI_MspInit
 .text.HAL_TIM_Base_MspInit
                0x0800853c       0xa0 ./Core/Src/stm32f4xx_hal_msp.o
                0x0800853c                HAL_TIM_Base_MspInit
 .text.HAL_TIM_PWM_MspInit
                0x080085dc       0x40 ./Core/Src/stm32f4xx_hal_msp.o
                0x080085dc                HAL_TIM_PWM_MspInit
 .text.HAL_TIM_MspPostInit
                0x0800861c       0x90 ./Core/Src/stm32f4xx_hal_msp.o
                0x0800861c                HAL_TIM_MspPostInit
 .text.HAL_UART_MspInit
                0x080086ac      0x1d4 ./Core/Src/stm32f4xx_hal_msp.o
                0x080086ac                HAL_UART_MspInit
 .text.HAL_InitTick
                0x08008880       0xa0 ./Core/Src/stm32f4xx_hal_timebase_tim.o
                0x08008880                HAL_InitTick
 .text.NMI_Handler
                0x08008920        0x2 ./Core/Src/stm32f4xx_it.o
                0x08008920                NMI_Handler
 .text.HardFault_Handler
                0x08008922        0x2 ./Core/Src/stm32f4xx_it.o
                0x08008922                HardFault_Handler
 .text.MemManage_Handler
                0x08008924        0x2 ./Core/Src/stm32f4xx_it.o
                0x08008924                MemManage_Handler
 .text.BusFault_Handler
                0x08008926        0x2 ./Core/Src/stm32f4xx_it.o
                0x08008926                BusFault_Handler
 .text.UsageFault_Handler
                0x08008928        0x2 ./Core/Src/stm32f4xx_it.o
                0x08008928                UsageFault_Handler
 .text.DebugMon_Handler
                0x0800892a        0x2 ./Core/Src/stm32f4xx_it.o
                0x0800892a                DebugMon_Handler
 .text.DMA1_Stream1_IRQHandler
                0x0800892c        0xc ./Core/Src/stm32f4xx_it.o
                0x0800892c                DMA1_Stream1_IRQHandler
 .text.DMA1_Stream3_IRQHandler
                0x08008938        0xc ./Core/Src/stm32f4xx_it.o
                0x08008938                DMA1_Stream3_IRQHandler
 .text.DMA1_Stream5_IRQHandler
                0x08008944        0xc ./Core/Src/stm32f4xx_it.o
                0x08008944                DMA1_Stream5_IRQHandler
 .text.DMA1_Stream6_IRQHandler
                0x08008950        0xc ./Core/Src/stm32f4xx_it.o
                0x08008950                DMA1_Stream6_IRQHandler
 .text.ADC_IRQHandler
                0x0800895c        0xc ./Core/Src/stm32f4xx_it.o
                0x0800895c                ADC_IRQHandler
 .text.TIM2_IRQHandler
                0x08008968        0xc ./Core/Src/stm32f4xx_it.o
                0x08008968                TIM2_IRQHandler
 .text.I2C2_EV_IRQHandler
                0x08008974        0xc ./Core/Src/stm32f4xx_it.o
                0x08008974                I2C2_EV_IRQHandler
 .text.I2C2_ER_IRQHandler
                0x08008980        0xc ./Core/Src/stm32f4xx_it.o
                0x08008980                I2C2_ER_IRQHandler
 .text.USART2_IRQHandler
                0x0800898c        0xc ./Core/Src/stm32f4xx_it.o
                0x0800898c                USART2_IRQHandler
 .text.USART3_IRQHandler
                0x08008998        0xc ./Core/Src/stm32f4xx_it.o
                0x08008998                USART3_IRQHandler
 .text.TIM8_TRG_COM_TIM14_IRQHandler
                0x080089a4       0x1c ./Core/Src/stm32f4xx_it.o
                0x080089a4                TIM8_TRG_COM_TIM14_IRQHandler
 .text.DMA1_Stream7_IRQHandler
                0x080089c0        0xc ./Core/Src/stm32f4xx_it.o
                0x080089c0                DMA1_Stream7_IRQHandler
 .text.DMA2_Stream0_IRQHandler
                0x080089cc        0xc ./Core/Src/stm32f4xx_it.o
                0x080089cc                DMA2_Stream0_IRQHandler
 .text.DMA2_Stream2_IRQHandler
                0x080089d8        0xc ./Core/Src/stm32f4xx_it.o
                0x080089d8                DMA2_Stream2_IRQHandler
 .text.DMA2_Stream3_IRQHandler
                0x080089e4        0xc ./Core/Src/stm32f4xx_it.o
                0x080089e4                DMA2_Stream3_IRQHandler
 .text.SPI1_IRQHandler
                0x080089f0        0xc ./Core/Src/stm32f4xx_it.o
                0x080089f0                SPI1_IRQHandler
 .text._sbrk    0x080089fc       0x3c ./Core/Src/sysmem.o
                0x080089fc                _sbrk
 .text.SystemInit
                0x08008a38       0x14 ./Core/Src/system_stm32f4xx.o
                0x08008a38                SystemInit
 .text.Reset_Handler
                0x08008a4c       0x50 ./Core/Startup/startup_stm32f405rgtx.o
                0x08008a4c                Reset_Handler
 .text.Default_Handler
                0x08008a9c        0x2 ./Core/Startup/startup_stm32f405rgtx.o
                0x08008a9c                RTC_Alarm_IRQHandler
                0x08008a9c                HASH_RNG_IRQHandler
                0x08008a9c                EXTI2_IRQHandler
                0x08008a9c                TIM8_CC_IRQHandler
                0x08008a9c                TIM1_CC_IRQHandler
                0x08008a9c                DMA2_Stream5_IRQHandler
                0x08008a9c                PVD_IRQHandler
                0x08008a9c                SDIO_IRQHandler
                0x08008a9c                TAMP_STAMP_IRQHandler
                0x08008a9c                CAN2_RX1_IRQHandler
                0x08008a9c                EXTI3_IRQHandler
                0x08008a9c                TIM1_UP_TIM10_IRQHandler
                0x08008a9c                TIM8_UP_TIM13_IRQHandler
                0x08008a9c                I2C3_ER_IRQHandler
                0x08008a9c                EXTI0_IRQHandler
                0x08008a9c                DMA1_Stream2_IRQHandler
                0x08008a9c                CAN1_RX0_IRQHandler
                0x08008a9c                FPU_IRQHandler
                0x08008a9c                OTG_HS_WKUP_IRQHandler
                0x08008a9c                CAN2_SCE_IRQHandler
                0x08008a9c                TIM6_DAC_IRQHandler
                0x08008a9c                TIM1_BRK_TIM9_IRQHandler
                0x08008a9c                CAN2_RX0_IRQHandler
                0x08008a9c                USART6_IRQHandler
                0x08008a9c                CAN1_RX1_IRQHandler
                0x08008a9c                UART5_IRQHandler
                0x08008a9c                TIM4_IRQHandler
                0x08008a9c                I2C1_EV_IRQHandler
                0x08008a9c                UART4_IRQHandler
                0x08008a9c                TIM3_IRQHandler
                0x08008a9c                RCC_IRQHandler
                0x08008a9c                TIM8_BRK_TIM12_IRQHandler
                0x08008a9c                Default_Handler
                0x08008a9c                EXTI15_10_IRQHandler
                0x08008a9c                TIM7_IRQHandler
                0x08008a9c                CAN2_TX_IRQHandler
                0x08008a9c                TIM5_IRQHandler
                0x08008a9c                DMA2_Stream7_IRQHandler
                0x08008a9c                I2C3_EV_IRQHandler
                0x08008a9c                EXTI9_5_IRQHandler
                0x08008a9c                RTC_WKUP_IRQHandler
                0x08008a9c                SPI2_IRQHandler
                0x08008a9c                OTG_HS_EP1_IN_IRQHandler
                0x08008a9c                DMA1_Stream0_IRQHandler
                0x08008a9c                CAN1_TX_IRQHandler
                0x08008a9c                EXTI4_IRQHandler
                0x08008a9c                FSMC_IRQHandler
                0x08008a9c                OTG_HS_EP1_OUT_IRQHandler
                0x08008a9c                WWDG_IRQHandler
                0x08008a9c                OTG_FS_WKUP_IRQHandler
                0x08008a9c                TIM1_TRG_COM_TIM11_IRQHandler
                0x08008a9c                OTG_HS_IRQHandler
                0x08008a9c                EXTI1_IRQHandler
                0x08008a9c                DMA2_Stream1_IRQHandler
                0x08008a9c                CAN1_SCE_IRQHandler
                0x08008a9c                FLASH_IRQHandler
                0x08008a9c                DMA2_Stream4_IRQHandler
                0x08008a9c                USART1_IRQHandler
                0x08008a9c                OTG_FS_IRQHandler
                0x08008a9c                SPI3_IRQHandler
                0x08008a9c                DMA1_Stream4_IRQHandler
                0x08008a9c                I2C1_ER_IRQHandler
                0x08008a9c                DMA2_Stream6_IRQHandler
 *fill*         0x08008a9e        0x2 
 .text.HAL_Init
                0x08008aa0       0x34 ./Drivers/STM32F4xx_HAL_Driver/Src/stm32f4xx_hal.o
                0x08008aa0                HAL_Init
 .text.HAL_IncTick
                0x08008ad4       0x18 ./Drivers/STM32F4xx_HAL_Driver/Src/stm32f4xx_hal.o
                0x08008ad4                HAL_IncTick
 .text.HAL_GetTick
                0x08008aec        0xc ./Drivers/STM32F4xx_HAL_Driver/Src/stm32f4xx_hal.o
                0x08008aec                HAL_GetTick
 .text.HAL_ADC_Init
                0x08008af8      0x14c ./Drivers/STM32F4xx_HAL_Driver/Src/stm32f4xx_hal_adc.o
                0x08008af8                HAL_ADC_Init
 .text.HAL_ADC_ConvCpltCallback
                0x08008c44        0x2 ./Drivers/STM32F4xx_HAL_Driver/Src/stm32f4xx_hal_adc.o
                0x08008c44                HAL_ADC_ConvCpltCallback
 .text.HAL_ADC_LevelOutOfWindowCallback
                0x08008c46        0x2 ./Drivers/STM32F4xx_HAL_Driver/Src/stm32f4xx_hal_adc.o
                0x08008c46                HAL_ADC_LevelOutOfWindowCallback
 .text.HAL_ADC_ErrorCallback
                0x08008c48        0x2 ./Drivers/STM32F4xx_HAL_Driver/Src/stm32f4xx_hal_adc.o
                0x08008c48                HAL_ADC_ErrorCallback
 .text.HAL_ADC_IRQHandler
                0x08008c4a      0x11c ./Drivers/STM32F4xx_HAL_Driver/Src/stm32f4xx_hal_adc.o
                0x08008c4a                HAL_ADC_IRQHandler
 *fill*         0x08008d66        0x2 
 .text.HAL_ADC_ConfigChannel
                0x08008d68      0x120 ./Drivers/STM32F4xx_HAL_Driver/Src/stm32f4xx_hal_adc.o
                0x08008d68                HAL_ADC_ConfigChannel
 .text.HAL_ADCEx_InjectedConvCpltCallback
                0x08008e88        0x2 ./Drivers/STM32F4xx_HAL_Driver/Src/stm32f4xx_hal_adc_ex.o
                0x08008e88                HAL_ADCEx_InjectedConvCpltCallback
 *fill*         0x08008e8a        0x2 
 .text.HAL_NVIC_SetPriorityGrouping
                0x08008e8c       0x24 ./Drivers/STM32F4xx_HAL_Driver/Src/stm32f4xx_hal_cortex.o
                0x08008e8c                HAL_NVIC_SetPriorityGrouping
 .text.HAL_NVIC_SetPriority
                0x08008eb0       0x64 ./Drivers/STM32F4xx_HAL_Driver/Src/stm32f4xx_hal_cortex.o
                0x08008eb0                HAL_NVIC_SetPriority
 .text.HAL_NVIC_EnableIRQ
                0x08008f14       0x1c ./Drivers/STM32F4xx_HAL_Driver/Src/stm32f4xx_hal_cortex.o
                0x08008f14                HAL_NVIC_EnableIRQ
 .text.DMA_CalcBaseAndBitshift
                0x08008f30       0x2c ./Drivers/STM32F4xx_HAL_Driver/Src/stm32f4xx_hal_dma.o
 .text.HAL_DMA_Init
                0x08008f5c       0xfc ./Drivers/STM32F4xx_HAL_Driver/Src/stm32f4xx_hal_dma.o
                0x08008f5c                HAL_DMA_Init
 .text.HAL_DMA_Start_IT
                0x08009058       0x72 ./Drivers/STM32F4xx_HAL_Driver/Src/stm32f4xx_hal_dma.o
                0x08009058                HAL_DMA_Start_IT
 .text.HAL_DMA_Abort
                0x080090ca       0x7c ./Drivers/STM32F4xx_HAL_Driver/Src/stm32f4xx_hal_dma.o
                0x080090ca                HAL_DMA_Abort
 .text.HAL_DMA_Abort_IT
                0x08009146       0x24 ./Drivers/STM32F4xx_HAL_Driver/Src/stm32f4xx_hal_dma.o
                0x08009146                HAL_DMA_Abort_IT
 *fill*         0x0800916a        0x2 
 .text.HAL_DMA_IRQHandler
                0x0800916c      0x17c ./Drivers/STM32F4xx_HAL_Driver/Src/stm32f4xx_hal_dma.o
                0x0800916c                HAL_DMA_IRQHandler
 .text.HAL_DMA_GetState
                0x080092e8        0x6 ./Drivers/STM32F4xx_HAL_Driver/Src/stm32f4xx_hal_dma.o
                0x080092e8                HAL_DMA_GetState
 *fill*         0x080092ee        0x2 
 .text.HAL_GPIO_Init
                0x080092f0      0x1b0 ./Drivers/STM32F4xx_HAL_Driver/Src/stm32f4xx_hal_gpio.o
                0x080092f0                HAL_GPIO_Init
 .text.HAL_GPIO_ReadPin
                0x080094a0        0xc ./Drivers/STM32F4xx_HAL_Driver/Src/stm32f4xx_hal_gpio.o
                0x080094a0                HAL_GPIO_ReadPin
 .text.HAL_GPIO_WritePin
                0x080094ac        0xa ./Drivers/STM32F4xx_HAL_Driver/Src/stm32f4xx_hal_gpio.o
                0x080094ac                HAL_GPIO_WritePin
 .text.HAL_GPIO_TogglePin
                0x080094b6       0x12 ./Drivers/STM32F4xx_HAL_Driver/Src/stm32f4xx_hal_gpio.o
                0x080094b6                HAL_GPIO_TogglePin
 .text.HAL_I2C_Init
                0x080094c8      0x150 ./Drivers/STM32F4xx_HAL_Driver/Src/stm32f4xx_hal_i2c.o
                0x080094c8                HAL_I2C_Init
 .text.HAL_I2C_MasterTxCpltCallback
                0x08009618        0x2 ./Drivers/STM32F4xx_HAL_Driver/Src/stm32f4xx_hal_i2c.o
                0x08009618                HAL_I2C_MasterTxCpltCallback
 .text.HAL_I2C_MasterRxCpltCallback
                0x0800961a        0x2 ./Drivers/STM32F4xx_HAL_Driver/Src/stm32f4xx_hal_i2c.o
                0x0800961a                HAL_I2C_MasterRxCpltCallback
 .text.HAL_I2C_SlaveTxCpltCallback
                0x0800961c        0x2 ./Drivers/STM32F4xx_HAL_Driver/Src/stm32f4xx_hal_i2c.o
                0x0800961c                HAL_I2C_SlaveTxCpltCallback
 .text.HAL_I2C_SlaveRxCpltCallback
                0x0800961e        0x2 ./Drivers/STM32F4xx_HAL_Driver/Src/stm32f4xx_hal_i2c.o
                0x0800961e                HAL_I2C_SlaveRxCpltCallback
 .text.HAL_I2C_AddrCallback
                0x08009620        0x2 ./Drivers/STM32F4xx_HAL_Driver/Src/stm32f4xx_hal_i2c.o
                0x08009620                HAL_I2C_AddrCallback
 .text.HAL_I2C_ListenCpltCallback
                0x08009622        0x2 ./Drivers/STM32F4xx_HAL_Driver/Src/stm32f4xx_hal_i2c.o
                0x08009622                HAL_I2C_ListenCpltCallback
 .text.HAL_I2C_MemTxCpltCallback
                0x08009624        0x2 ./Drivers/STM32F4xx_HAL_Driver/Src/stm32f4xx_hal_i2c.o
                0x08009624                HAL_I2C_MemTxCpltCallback
 .text.I2C_MemoryTransmit_TXE_BTF
                0x08009626       0xa2 ./Drivers/STM32F4xx_HAL_Driver/Src/stm32f4xx_hal_i2c.o
 .text.HAL_I2C_MemRxCpltCallback
                0x080096c8        0x2 ./Drivers/STM32F4xx_HAL_Driver/Src/stm32f4xx_hal_i2c.o
                0x080096c8                HAL_I2C_MemRxCpltCallback
 .text.HAL_I2C_ErrorCallback
                0x080096ca        0x2 ./Drivers/STM32F4xx_HAL_Driver/Src/stm32f4xx_hal_i2c.o
                0x080096ca                HAL_I2C_ErrorCallback
 .text.HAL_I2C_AbortCpltCallback
                0x080096cc        0x2 ./Drivers/STM32F4xx_HAL_Driver/Src/stm32f4xx_hal_i2c.o
                0x080096cc                HAL_I2C_AbortCpltCallback
 *fill*         0x080096ce        0x2 
 .text.I2C_DMAAbort
                0x080096d0       0xc0 ./Drivers/STM32F4xx_HAL_Driver/Src/stm32f4xx_hal_i2c.o
 .text.I2C_ITError
                0x08009790      0x150 ./Drivers/STM32F4xx_HAL_Driver/Src/stm32f4xx_hal_i2c.o
 .text.HAL_I2C_EV_IRQHandler
                0x080098e0      0x888 ./Drivers/STM32F4xx_HAL_Driver/Src/stm32f4xx_hal_i2c.o
                0x080098e0                HAL_I2C_EV_IRQHandler
 .text.HAL_I2C_ER_IRQHandler
                0x0800a168      0x130 ./Drivers/STM32F4xx_HAL_Driver/Src/stm32f4xx_hal_i2c.o
                0x0800a168                HAL_I2C_ER_IRQHandler
 .text.HAL_RCC_OscConfig
                0x0800a298      0x35c ./Drivers/STM32F4xx_HAL_Driver/Src/stm32f4xx_hal_rcc.o
                0x0800a298                HAL_RCC_OscConfig
 .text.HAL_RCC_GetSysClockFreq
                0x0800a5f4       0x5c ./Drivers/STM32F4xx_HAL_Driver/Src/stm32f4xx_hal_rcc.o
                0x0800a5f4                HAL_RCC_GetSysClockFreq
 .text.HAL_RCC_ClockConfig
                0x0800a650      0x134 ./Drivers/STM32F4xx_HAL_Driver/Src/stm32f4xx_hal_rcc.o
                0x0800a650                HAL_RCC_ClockConfig
 .text.HAL_RCC_GetPCLK1Freq
                0x0800a784       0x20 ./Drivers/STM32F4xx_HAL_Driver/Src/stm32f4xx_hal_rcc.o
                0x0800a784                HAL_RCC_GetPCLK1Freq
 .text.HAL_RCC_GetPCLK2Freq
                0x0800a7a4       0x20 ./Drivers/STM32F4xx_HAL_Driver/Src/stm32f4xx_hal_rcc.o
                0x0800a7a4                HAL_RCC_GetPCLK2Freq
 .text.HAL_RCC_GetClockConfig
                0x0800a7c4       0x3c ./Drivers/STM32F4xx_HAL_Driver/Src/stm32f4xx_hal_rcc.o
                0x0800a7c4                HAL_RCC_GetClockConfig
 .text.SPI_AbortRx_ISR
                0x0800a800       0x58 ./Drivers/STM32F4xx_HAL_Driver/Src/stm32f4xx_hal_spi.o
 .text.SPI_AbortTx_ISR
                0x0800a858       0x1a ./Drivers/STM32F4xx_HAL_Driver/Src/stm32f4xx_hal_spi.o
 *fill*         0x0800a872        0x2 
 .text.SPI_WaitFlagStateUntilTimeout.constprop.0
                0x0800a874       0xb0 ./Drivers/STM32F4xx_HAL_Driver/Src/stm32f4xx_hal_spi.o
 .text.SPI_EndRxTransaction
                0x0800a924       0x54 ./Drivers/STM32F4xx_HAL_Driver/Src/stm32f4xx_hal_spi.o
 .text.SPI_EndRxTxTransaction
                0x0800a978       0x58 ./Drivers/STM32F4xx_HAL_Driver/Src/stm32f4xx_hal_spi.o
 .text.HAL_SPI_Init
                0x0800a9d0       0xb8 ./Drivers/STM32F4xx_HAL_Driver/Src/stm32f4xx_hal_spi.o
                0x0800a9d0                HAL_SPI_Init
 .text.HAL_SPI_Transmit
                0x0800aa88      0x15a ./Drivers/STM32F4xx_HAL_Driver/Src/stm32f4xx_hal_spi.o
                0x0800aa88                HAL_SPI_Transmit
 .text.HAL_SPI_TransmitReceive
                0x0800abe2      0x1e0 ./Drivers/STM32F4xx_HAL_Driver/Src/stm32f4xx_hal_spi.o
                0x0800abe2                HAL_SPI_TransmitReceive
 .text.HAL_SPI_Receive
                0x0800adc2      0x13a ./Drivers/STM32F4xx_HAL_Driver/Src/stm32f4xx_hal_spi.o
                0x0800adc2                HAL_SPI_Receive
 .text.HAL_SPI_TransmitReceive_DMA
                0x0800aefc      0x108 ./Drivers/STM32F4xx_HAL_Driver/Src/stm32f4xx_hal_spi.o
                0x0800aefc                HAL_SPI_TransmitReceive_DMA
 .text.HAL_SPI_Abort
                0x0800b004      0x124 ./Drivers/STM32F4xx_HAL_Driver/Src/stm32f4xx_hal_spi.o
                0x0800b004                HAL_SPI_Abort
 .text.HAL_SPI_RxCpltCallback
                0x0800b128        0x2 ./Drivers/STM32F4xx_HAL_Driver/Src/stm32f4xx_hal_spi.o
                0x0800b128                HAL_SPI_RxCpltCallback
 .text.HAL_SPI_RxHalfCpltCallback
                0x0800b12a        0x2 ./Drivers/STM32F4xx_HAL_Driver/Src/stm32f4xx_hal_spi.o
                0x0800b12a                HAL_SPI_RxHalfCpltCallback
 .text.SPI_DMAHalfReceiveCplt
                0x0800b12c        0xa ./Drivers/STM32F4xx_HAL_Driver/Src/stm32f4xx_hal_spi.o
 .text.HAL_SPI_TxRxHalfCpltCallback
                0x0800b136        0x2 ./Drivers/STM32F4xx_HAL_Driver/Src/stm32f4xx_hal_spi.o
                0x0800b136                HAL_SPI_TxRxHalfCpltCallback
 .text.SPI_DMAHalfTransmitReceiveCplt
                0x0800b138        0xa ./Drivers/STM32F4xx_HAL_Driver/Src/stm32f4xx_hal_spi.o
 .text.SPI_DMAError
                0x0800b142       0x22 ./Drivers/STM32F4xx_HAL_Driver/Src/stm32f4xx_hal_spi.o
 .text.SPI_DMAReceiveCplt
                0x0800b164       0x66 ./Drivers/STM32F4xx_HAL_Driver/Src/stm32f4xx_hal_spi.o
 .text.SPI_DMATransmitReceiveCplt
                0x0800b1ca       0x5a ./Drivers/STM32F4xx_HAL_Driver/Src/stm32f4xx_hal_spi.o
 .text.HAL_SPI_IRQHandler
                0x0800b224      0x10c ./Drivers/STM32F4xx_HAL_Driver/Src/stm32f4xx_hal_spi.o
                0x0800b224                HAL_SPI_IRQHandler
 .text.SPI_DMAAbortOnError
                0x0800b330       0x10 ./Drivers/STM32F4xx_HAL_Driver/Src/stm32f4xx_hal_spi.o
 .text.TIM_OC1_SetConfig
                0x0800b340       0x58 ./Drivers/STM32F4xx_HAL_Driver/Src/stm32f4xx_hal_tim.o
 .text.TIM_OC3_SetConfig
                0x0800b398       0x5c ./Drivers/STM32F4xx_HAL_Driver/Src/stm32f4xx_hal_tim.o
 .text.TIM_OC4_SetConfig
                0x0800b3f4       0x4c ./Drivers/STM32F4xx_HAL_Driver/Src/stm32f4xx_hal_tim.o
 .text.HAL_TIM_Base_Start_IT
                0x0800b440       0x74 ./Drivers/STM32F4xx_HAL_Driver/Src/stm32f4xx_hal_tim.o
                0x0800b440                HAL_TIM_Base_Start_IT
 .text.HAL_TIM_IC_MspInit
                0x0800b4b4        0x2 ./Drivers/STM32F4xx_HAL_Driver/Src/stm32f4xx_hal_tim.o
                0x0800b4b4                HAL_TIM_IC_MspInit
 .text.HAL_TIM_OC_DelayElapsedCallback
                0x0800b4b6        0x2 ./Drivers/STM32F4xx_HAL_Driver/Src/stm32f4xx_hal_tim.o
                0x0800b4b6                HAL_TIM_OC_DelayElapsedCallback
 .text.HAL_TIM_IC_CaptureCallback
                0x0800b4b8        0x2 ./Drivers/STM32F4xx_HAL_Driver/Src/stm32f4xx_hal_tim.o
                0x0800b4b8                HAL_TIM_IC_CaptureCallback
 .text.HAL_TIM_PWM_PulseFinishedCallback
                0x0800b4ba        0x2 ./Drivers/STM32F4xx_HAL_Driver/Src/stm32f4xx_hal_tim.o
                0x0800b4ba                HAL_TIM_PWM_PulseFinishedCallback
 .text.HAL_TIM_TriggerCallback
                0x0800b4bc        0x2 ./Drivers/STM32F4xx_HAL_Driver/Src/stm32f4xx_hal_tim.o
                0x0800b4bc                HAL_TIM_TriggerCallback
 .text.HAL_TIM_IRQHandler
                0x0800b4be      0x144 ./Drivers/STM32F4xx_HAL_Driver/Src/stm32f4xx_hal_tim.o
                0x0800b4be                HAL_TIM_IRQHandler
 *fill*         0x0800b602        0x2 
 .text.TIM_Base_SetConfig
                0x0800b604       0xa0 ./Drivers/STM32F4xx_HAL_Driver/Src/stm32f4xx_hal_tim.o
                0x0800b604                TIM_Base_SetConfig
 .text.HAL_TIM_Base_Init
                0x0800b6a4       0x58 ./Drivers/STM32F4xx_HAL_Driver/Src/stm32f4xx_hal_tim.o
                0x0800b6a4                HAL_TIM_Base_Init
 .text.HAL_TIM_PWM_Init
                0x0800b6fc       0x58 ./Drivers/STM32F4xx_HAL_Driver/Src/stm32f4xx_hal_tim.o
                0x0800b6fc                HAL_TIM_PWM_Init
 .text.HAL_TIM_IC_Init
                0x0800b754       0x58 ./Drivers/STM32F4xx_HAL_Driver/Src/stm32f4xx_hal_tim.o
                0x0800b754                HAL_TIM_IC_Init
 .text.TIM_OC2_SetConfig
                0x0800b7ac       0x60 ./Drivers/STM32F4xx_HAL_Driver/Src/stm32f4xx_hal_tim.o
                0x0800b7ac                TIM_OC2_SetConfig
 .text.HAL_TIM_PWM_ConfigChannel
                0x0800b80c       0xb0 ./Drivers/STM32F4xx_HAL_Driver/Src/stm32f4xx_hal_tim.o
                0x0800b80c                HAL_TIM_PWM_ConfigChannel
 .text.TIM_TI1_SetConfig
                0x0800b8bc       0x70 ./Drivers/STM32F4xx_HAL_Driver/Src/stm32f4xx_hal_tim.o
                0x0800b8bc                TIM_TI1_SetConfig
 .text.HAL_TIM_IC_ConfigChannel
                0x0800b92c      0x118 ./Drivers/STM32F4xx_HAL_Driver/Src/stm32f4xx_hal_tim.o
                0x0800b92c                HAL_TIM_IC_ConfigChannel
 .text.TIM_ETR_SetConfig
                0x0800ba44       0x14 ./Drivers/STM32F4xx_HAL_Driver/Src/stm32f4xx_hal_tim.o
                0x0800ba44                TIM_ETR_SetConfig
 .text.HAL_TIM_ConfigClockSource
                0x0800ba58      0x132 ./Drivers/STM32F4xx_HAL_Driver/Src/stm32f4xx_hal_tim.o
                0x0800ba58                HAL_TIM_ConfigClockSource
 .text.TIM_CCxChannelCmd
                0x0800bb8a       0x1c ./Drivers/STM32F4xx_HAL_Driver/Src/stm32f4xx_hal_tim.o
                0x0800bb8a                TIM_CCxChannelCmd
 *fill*         0x0800bba6        0x2 
 .text.HAL_TIM_OC_Start
                0x0800bba8       0xbc ./Drivers/STM32F4xx_HAL_Driver/Src/stm32f4xx_hal_tim.o
                0x0800bba8                HAL_TIM_OC_Start
 .text.HAL_TIM_PWM_Start
                0x0800bc64        0x4 ./Drivers/STM32F4xx_HAL_Driver/Src/stm32f4xx_hal_tim.o
                0x0800bc64                HAL_TIM_PWM_Start
 .text.HAL_TIMEx_MasterConfigSynchronization
                0x0800bc68       0x7c ./Drivers/STM32F4xx_HAL_Driver/Src/stm32f4xx_hal_tim_ex.o
                0x0800bc68                HAL_TIMEx_MasterConfigSynchronization
 .text.HAL_TIMEx_ConfigBreakDeadTime
                0x0800bce4       0x4c ./Drivers/STM32F4xx_HAL_Driver/Src/stm32f4xx_hal_tim_ex.o
                0x0800bce4                HAL_TIMEx_ConfigBreakDeadTime
 .text.HAL_TIMEx_CommutCallback
                0x0800bd30        0x2 ./Drivers/STM32F4xx_HAL_Driver/Src/stm32f4xx_hal_tim_ex.o
                0x0800bd30                HAL_TIMEx_CommutCallback
 .text.HAL_TIMEx_BreakCallback
                0x0800bd32        0x2 ./Drivers/STM32F4xx_HAL_Driver/Src/stm32f4xx_hal_tim_ex.o
                0x0800bd32                HAL_TIMEx_BreakCallback
 .text.UART_EndRxTransfer
                0x0800bd34       0x5c ./Drivers/STM32F4xx_HAL_Driver/Src/stm32f4xx_hal_uart.o
 .text.UART_SetConfig
                0x0800bd90       0xbc ./Drivers/STM32F4xx_HAL_Driver/Src/stm32f4xx_hal_uart.o
 .text.UART_WaitOnFlagUntilTimeout.constprop.0
                0x0800be4c       0x6c ./Drivers/STM32F4xx_HAL_Driver/Src/stm32f4xx_hal_uart.o
 .text.HAL_UART_Init
                0x0800beb8       0x5c ./Drivers/STM32F4xx_HAL_Driver/Src/stm32f4xx_hal_uart.o
                0x0800beb8                HAL_UART_Init
 .text.HAL_UART_Transmit
                0x0800bf14       0xaa ./Drivers/STM32F4xx_HAL_Driver/Src/stm32f4xx_hal_uart.o
                0x0800bf14                HAL_UART_Transmit
 .text.HAL_UART_TxCpltCallback
                0x0800bfbe        0x2 ./Drivers/STM32F4xx_HAL_Driver/Src/stm32f4xx_hal_uart.o
                0x0800bfbe                HAL_UART_TxCpltCallback
 .text.HAL_UART_RxCpltCallback
                0x0800bfc0        0x2 ./Drivers/STM32F4xx_HAL_Driver/Src/stm32f4xx_hal_uart.o
                0x0800bfc0                HAL_UART_RxCpltCallback
 .text.HAL_UART_ErrorCallback
                0x0800bfc2        0x2 ./Drivers/STM32F4xx_HAL_Driver/Src/stm32f4xx_hal_uart.o
                0x0800bfc2                HAL_UART_ErrorCallback
 .text.UART_DMAAbortOnError
                0x0800bfc4       0x10 ./Drivers/STM32F4xx_HAL_Driver/Src/stm32f4xx_hal_uart.o
 .text.HAL_UARTEx_RxEventCallback
                0x0800bfd4        0x2 ./Drivers/STM32F4xx_HAL_Driver/Src/stm32f4xx_hal_uart.o
                0x0800bfd4                HAL_UARTEx_RxEventCallback
 .text.UART_Receive_IT.isra.0
                0x0800bfd6       0xb2 ./Drivers/STM32F4xx_HAL_Driver/Src/stm32f4xx_hal_uart.o
 .text.HAL_UART_IRQHandler
                0x0800c088      0x28c ./Drivers/STM32F4xx_HAL_Driver/Src/stm32f4xx_hal_uart.o
                0x0800c088                HAL_UART_IRQHandler
 .text.SysTick_Handler
                0x0800c314       0x1a ./Middlewares/Third_Party/FreeRTOS/Source/CMSIS_RTOS_V2/cmsis_os2.o
                0x0800c314                SysTick_Handler
 *fill*         0x0800c32e        0x2 
 .text.osKernelInitialize
                0x0800c330       0x24 ./Middlewares/Third_Party/FreeRTOS/Source/CMSIS_RTOS_V2/cmsis_os2.o
                0x0800c330                osKernelInitialize
 .text.osKernelStart
                0x0800c354       0x34 ./Middlewares/Third_Party/FreeRTOS/Source/CMSIS_RTOS_V2/cmsis_os2.o
                0x0800c354                osKernelStart
 .text.osKernelGetTickCount
                0x0800c388        0xe ./Middlewares/Third_Party/FreeRTOS/Source/CMSIS_RTOS_V2/cmsis_os2.o
                0x0800c388                osKernelGetTickCount
 .text.osThreadNew
                0x0800c396       0x8c ./Middlewares/Third_Party/FreeRTOS/Source/CMSIS_RTOS_V2/cmsis_os2.o
                0x0800c396                osThreadNew
 .text.osDelay  0x0800c422       0x18 ./Middlewares/Third_Party/FreeRTOS/Source/CMSIS_RTOS_V2/cmsis_os2.o
                0x0800c422                osDelay
 .text.osDelayUntil
                0x0800c43a       0x2e ./Middlewares/Third_Party/FreeRTOS/Source/CMSIS_RTOS_V2/cmsis_os2.o
                0x0800c43a                osDelayUntil
 .text.osSemaphoreDelete
                0x0800c468       0x26 ./Middlewares/Third_Party/FreeRTOS/Source/CMSIS_RTOS_V2/cmsis_os2.o
                0x0800c468                osSemaphoreDelete
 .text.osMessageQueueNew
                0x0800c48e       0x76 ./Middlewares/Third_Party/FreeRTOS/Source/CMSIS_RTOS_V2/cmsis_os2.o
                0x0800c48e                osMessageQueueNew
 .text.osMessageQueuePut
                0x0800c504       0x62 ./Middlewares/Third_Party/FreeRTOS/Source/CMSIS_RTOS_V2/cmsis_os2.o
                0x0800c504                osMessageQueuePut
 .text.osMessageQueueGet
                0x0800c566       0x60 ./Middlewares/Third_Party/FreeRTOS/Source/CMSIS_RTOS_V2/cmsis_os2.o
                0x0800c566                osMessageQueueGet
 .text.osMessageQueueDelete
                0x0800c5c6        0x4 ./Middlewares/Third_Party/FreeRTOS/Source/CMSIS_RTOS_V2/cmsis_os2.o
                0x0800c5c6                osMessageQueueDelete
 *fill*         0x0800c5ca        0x2 
 .text.vApplicationGetIdleTaskMemory
                0x0800c5cc       0x18 ./Middlewares/Third_Party/FreeRTOS/Source/CMSIS_RTOS_V2/cmsis_os2.o
                0x0800c5cc                vApplicationGetIdleTaskMemory
 .text.vApplicationGetTimerTaskMemory
                0x0800c5e4       0x18 ./Middlewares/Third_Party/FreeRTOS/Source/CMSIS_RTOS_V2/cmsis_os2.o
                0x0800c5e4                vApplicationGetTimerTaskMemory
 .text.vListInitialise
                0x0800c5fc       0x16 ./Middlewares/Third_Party/FreeRTOS/Source/list.o
                0x0800c5fc                vListInitialise
 .text.vListInitialiseItem
                0x0800c612        0x6 ./Middlewares/Third_Party/FreeRTOS/Source/list.o
                0x0800c612                vListInitialiseItem
 .text.vListInsertEnd
                0x0800c618       0x16 ./Middlewares/Third_Party/FreeRTOS/Source/list.o
                0x0800c618                vListInsertEnd
 .text.vListInsert
                0x0800c62e       0x2e ./Middlewares/Third_Party/FreeRTOS/Source/list.o
                0x0800c62e                vListInsert
 .text.uxListRemove
                0x0800c65c       0x20 ./Middlewares/Third_Party/FreeRTOS/Source/list.o
                0x0800c65c                uxListRemove
 .text.prvIsQueueEmpty
                0x0800c67c       0x16 ./Middlewares/Third_Party/FreeRTOS/Source/queue.o
 .text.prvCopyDataToQueue
                0x0800c692       0x66 ./Middlewares/Third_Party/FreeRTOS/Source/queue.o
 .text.prvCopyDataFromQueue
                0x0800c6f8       0x2a ./Middlewares/Third_Party/FreeRTOS/Source/queue.o
 .text.prvUnlockQueue
                0x0800c722       0x6c ./Middlewares/Third_Party/FreeRTOS/Source/queue.o
 .text.xQueueGenericReset
                0x0800c78e       0x7e ./Middlewares/Third_Party/FreeRTOS/Source/queue.o
                0x0800c78e                xQueueGenericReset
 .text.xQueueGenericCreateStatic
                0x0800c80c       0x9c ./Middlewares/Third_Party/FreeRTOS/Source/queue.o
                0x0800c80c                xQueueGenericCreateStatic
 .text.xQueueGenericCreate
                0x0800c8a8       0x4e ./Middlewares/Third_Party/FreeRTOS/Source/queue.o
                0x0800c8a8                xQueueGenericCreate
 .text.xQueueGenericSend
                0x0800c8f6      0x164 ./Middlewares/Third_Party/FreeRTOS/Source/queue.o
                0x0800c8f6                xQueueGenericSend
 .text.xQueueGenericSendFromISR
                0x0800ca5a       0xba ./Middlewares/Third_Party/FreeRTOS/Source/queue.o
                0x0800ca5a                xQueueGenericSendFromISR
 .text.xQueueReceive
                0x0800cb14      0x13e ./Middlewares/Third_Party/FreeRTOS/Source/queue.o
                0x0800cb14                xQueueReceive
 .text.xQueueReceiveFromISR
                0x0800cc52       0x9a ./Middlewares/Third_Party/FreeRTOS/Source/queue.o
                0x0800cc52                xQueueReceiveFromISR
 .text.vQueueAddToRegistry
                0x0800ccec       0x24 ./Middlewares/Third_Party/FreeRTOS/Source/queue.o
                0x0800ccec                vQueueAddToRegistry
 .text.vQueueUnregisterQueue
                0x0800cd10       0x30 ./Middlewares/Third_Party/FreeRTOS/Source/queue.o
                0x0800cd10                vQueueUnregisterQueue
 .text.vQueueDelete
                0x0800cd40       0x2a ./Middlewares/Third_Party/FreeRTOS/Source/queue.o
                0x0800cd40                vQueueDelete
 .text.vQueueWaitForMessageRestricted
                0x0800cd6a       0x46 ./Middlewares/Third_Party/FreeRTOS/Source/queue.o
                0x0800cd6a                vQueueWaitForMessageRestricted
 .text.prvAddNewTaskToReadyList
                0x0800cdb0      0x100 ./Middlewares/Third_Party/FreeRTOS/Source/tasks.o
 .text.prvAddCurrentTaskToDelayedList
                0x0800ceb0       0x70 ./Middlewares/Third_Party/FreeRTOS/Source/tasks.o
 .text.prvResetNextTaskUnblockTime
                0x0800cf20       0x24 ./Middlewares/Third_Party/FreeRTOS/Source/tasks.o
 .text.prvDeleteTCB
                0x0800cf44       0x3c ./Middlewares/Third_Party/FreeRTOS/Source/tasks.o
 .text.prvIdleTask
                0x0800cf80       0x60 ./Middlewares/Third_Party/FreeRTOS/Source/tasks.o
 .text.prvInitialiseNewTask.constprop.0
                0x0800cfe0       0xb8 ./Middlewares/Third_Party/FreeRTOS/Source/tasks.o
 .text.xTaskCreateStatic
                0x0800d098       0x70 ./Middlewares/Third_Party/FreeRTOS/Source/tasks.o
                0x0800d098                xTaskCreateStatic
 .text.xTaskCreate
                0x0800d108       0x5c ./Middlewares/Third_Party/FreeRTOS/Source/tasks.o
                0x0800d108                xTaskCreate
 .text.vTaskStartScheduler
                0x0800d164       0xa0 ./Middlewares/Third_Party/FreeRTOS/Source/tasks.o
                0x0800d164                vTaskStartScheduler
 .text.vTaskSuspendAll
                0x0800d204       0x10 ./Middlewares/Third_Party/FreeRTOS/Source/tasks.o
                0x0800d204                vTaskSuspendAll
 .text.xTaskGetTickCount
                0x0800d214        0xc ./Middlewares/Third_Party/FreeRTOS/Source/tasks.o
                0x0800d214                xTaskGetTickCount
 .text.xTaskGetTickCountFromISR
                0x0800d220       0x10 ./Middlewares/Third_Party/FreeRTOS/Source/tasks.o
                0x0800d220                xTaskGetTickCountFromISR
 .text.xTaskIncrementTick
                0x0800d230      0x12c ./Middlewares/Third_Party/FreeRTOS/Source/tasks.o
                0x0800d230                xTaskIncrementTick
 .text.xTaskResumeAll
                0x0800d35c       0xe8 ./Middlewares/Third_Party/FreeRTOS/Source/tasks.o
                0x0800d35c                xTaskResumeAll
 .text.vTaskDelayUntil
                0x0800d444       0x94 ./Middlewares/Third_Party/FreeRTOS/Source/tasks.o
                0x0800d444                vTaskDelayUntil
 .text.vTaskDelay
                0x0800d4d8       0x48 ./Middlewares/Third_Party/FreeRTOS/Source/tasks.o
                0x0800d4d8                vTaskDelay
 .text.vTaskSwitchContext
                0x0800d520       0xa8 ./Middlewares/Third_Party/FreeRTOS/Source/tasks.o
                0x0800d520                vTaskSwitchContext
 .text.vTaskPlaceOnEventList
                0x0800d5c8       0x34 ./Middlewares/Third_Party/FreeRTOS/Source/tasks.o
                0x0800d5c8                vTaskPlaceOnEventList
 .text.vTaskPlaceOnEventListRestricted
                0x0800d5fc       0x3c ./Middlewares/Third_Party/FreeRTOS/Source/tasks.o
                0x0800d5fc                vTaskPlaceOnEventListRestricted
 .text.xTaskRemoveFromEventList
                0x0800d638       0x80 ./Middlewares/Third_Party/FreeRTOS/Source/tasks.o
                0x0800d638                xTaskRemoveFromEventList
 .text.vTaskInternalSetTimeOutState
                0x0800d6b8       0x18 ./Middlewares/Third_Party/FreeRTOS/Source/tasks.o
                0x0800d6b8                vTaskInternalSetTimeOutState
 .text.xTaskCheckForTimeOut
                0x0800d6d0       0x78 ./Middlewares/Third_Party/FreeRTOS/Source/tasks.o
                0x0800d6d0                xTaskCheckForTimeOut
 .text.vTaskMissedYield
                0x0800d748        0xc ./Middlewares/Third_Party/FreeRTOS/Source/tasks.o
                0x0800d748                vTaskMissedYield
 .text.uxTaskGetStackHighWaterMark
                0x0800d754       0x20 ./Middlewares/Third_Party/FreeRTOS/Source/tasks.o
                0x0800d754                uxTaskGetStackHighWaterMark
 .text.xTaskGetSchedulerState
                0x0800d774       0x20 ./Middlewares/Third_Party/FreeRTOS/Source/tasks.o
                0x0800d774                xTaskGetSchedulerState
 .text.xTaskPriorityDisinherit
                0x0800d794       0x84 ./Middlewares/Third_Party/FreeRTOS/Source/tasks.o
                0x0800d794                xTaskPriorityDisinherit
 .text.prvInsertTimerInActiveList
                0x0800d818       0x3c ./Middlewares/Third_Party/FreeRTOS/Source/timers.o
 .text.prvCheckForValidListAndQueue
                0x0800d854       0x68 ./Middlewares/Third_Party/FreeRTOS/Source/timers.o
 .text.xTimerCreateTimerTask
                0x0800d8bc       0x64 ./Middlewares/Third_Party/FreeRTOS/Source/timers.o
                0x0800d8bc                xTimerCreateTimerTask
 .text.xTimerGenericCommand
                0x0800d920       0x58 ./Middlewares/Third_Party/FreeRTOS/Source/timers.o
                0x0800d920                xTimerGenericCommand
 .text.prvSwitchTimerLists
                0x0800d978       0x74 ./Middlewares/Third_Party/FreeRTOS/Source/timers.o
 .text.prvTimerTask
                0x0800d9ec      0x1f0 ./Middlewares/Third_Party/FreeRTOS/Source/timers.o
 .text.prvPortStartFirstTask
                0x0800dbdc       0x28 ./Middlewares/Third_Party/FreeRTOS/Source/portable/GCC/ARM_CM4F/port.o
 .text.vPortEnableVFP
                0x0800dc04       0x14 ./Middlewares/Third_Party/FreeRTOS/Source/portable/GCC/ARM_CM4F/port.o
 .text.prvTaskExitError
                0x0800dc18       0x40 ./Middlewares/Third_Party/FreeRTOS/Source/portable/GCC/ARM_CM4F/port.o
 .text.pxPortInitialiseStack
                0x0800dc58       0x2c ./Middlewares/Third_Party/FreeRTOS/Source/portable/GCC/ARM_CM4F/port.o
                0x0800dc58                pxPortInitialiseStack
 *fill*         0x0800dc84        0xc 
 .text.SVC_Handler
                0x0800dc90       0x24 ./Middlewares/Third_Party/FreeRTOS/Source/portable/GCC/ARM_CM4F/port.o
                0x0800dc90                SVC_Handler
 .text.vPortEnterCritical
                0x0800dcb4       0x40 ./Middlewares/Third_Party/FreeRTOS/Source/portable/GCC/ARM_CM4F/port.o
                0x0800dcb4                vPortEnterCritical
 .text.vPortExitCritical
                0x0800dcf4       0x28 ./Middlewares/Third_Party/FreeRTOS/Source/portable/GCC/ARM_CM4F/port.o
                0x0800dcf4                vPortExitCritical
 *fill*         0x0800dd1c        0x4 
 .text.PendSV_Handler
                0x0800dd20       0x64 ./Middlewares/Third_Party/FreeRTOS/Source/portable/GCC/ARM_CM4F/port.o
                0x0800dd20                PendSV_Handler
 .text.xPortSysTickHandler
                0x0800dd84       0x2c ./Middlewares/Third_Party/FreeRTOS/Source/portable/GCC/ARM_CM4F/port.o
                0x0800dd84                xPortSysTickHandler
 .text.vPortSetupTimerInterrupt
                0x0800ddb0       0x24 ./Middlewares/Third_Party/FreeRTOS/Source/portable/GCC/ARM_CM4F/port.o
                0x0800ddb0                vPortSetupTimerInterrupt
 .text.xPortStartScheduler
                0x0800ddd4      0x108 ./Middlewares/Third_Party/FreeRTOS/Source/portable/GCC/ARM_CM4F/port.o
                0x0800ddd4                xPortStartScheduler
 .text.vPortValidateInterruptPriority
                0x0800dedc       0x5c ./Middlewares/Third_Party/FreeRTOS/Source/portable/GCC/ARM_CM4F/port.o
                0x0800dedc                vPortValidateInterruptPriority
 .text.prvInsertBlockIntoFreeList
                0x0800df38       0x4c ./Middlewares/Third_Party/FreeRTOS/Source/portable/MemMang/heap_4.o
 .text.pvPortMalloc
                0x0800df84      0x134 ./Middlewares/Third_Party/FreeRTOS/Source/portable/MemMang/heap_4.o
                0x0800df84                pvPortMalloc
 .text.vPortFree
                0x0800e0b8       0x7c ./Middlewares/Third_Party/FreeRTOS/Source/portable/MemMang/heap_4.o
                0x0800e0b8                vPortFree
 .text.xPortGetFreeHeapSize
                0x0800e134        0xc ./Middlewares/Third_Party/FreeRTOS/Source/portable/MemMang/heap_4.o
                0x0800e134                xPortGetFreeHeapSize
 .text.xPortGetMinimumEverFreeHeapSize
                0x0800e140        0xc ./Middlewares/Third_Party/FreeRTOS/Source/portable/MemMang/heap_4.o
                0x0800e140                xPortGetMinimumEverFreeHeapSize
 .text.snprintf
                0x0800e14c       0x6c C:/ST/STM32CubeIDE_2.2.0/STM32CubeIDE/plugins/com.st.stm32cube.ide.mcu.externaltools.gnu-tools-for-stm32.14.3.rel1.win32_1.0.100.202602081740/tools/bin/../lib/gcc/arm-none-eabi/14.3.1/../../../../arm-none-eabi/lib/thumb/v7e-m+fp/hard\libc_nano.a(libc_a-snprintf.o)
                0x0800e14c                sniprintf
                0x0800e14c                snprintf
 .text._vsnprintf_r
                0x0800e1b8       0x5c C:/ST/STM32CubeIDE_2.2.0/STM32CubeIDE/plugins/com.st.stm32cube.ide.mcu.externaltools.gnu-tools-for-stm32.14.3.rel1.win32_1.0.100.202602081740/tools/bin/../lib/gcc/arm-none-eabi/14.3.1/../../../../arm-none-eabi/lib/thumb/v7e-m+fp/hard\libc_nano.a(libc_a-vsnprintf.o)
                0x0800e1b8                _vsniprintf_r
                0x0800e1b8                _vsnprintf_r
 .text.vsnprintf
                0x0800e214       0x1c C:/ST/STM32CubeIDE_2.2.0/STM32CubeIDE/plugins/com.st.stm32cube.ide.mcu.externaltools.gnu-tools-for-stm32.14.3.rel1.win32_1.0.100.202602081740/tools/bin/../lib/gcc/arm-none-eabi/14.3.1/../../../../arm-none-eabi/lib/thumb/v7e-m+fp/hard\libc_nano.a(libc_a-vsnprintf.o)
                0x0800e214                vsniprintf
                0x0800e214                vsnprintf
 .text.memset   0x0800e230       0x10 C:/ST/STM32CubeIDE_2.2.0/STM32CubeIDE/plugins/com.st.stm32cube.ide.mcu.externaltools.gnu-tools-for-stm32.14.3.rel1.win32_1.0.100.202602081740/tools/bin/../lib/gcc/arm-none-eabi/14.3.1/../../../../arm-none-eabi/lib/thumb/v7e-m+fp/hard\libc_nano.a(libc_a-memset.o)
                0x0800e230                memset
 .text._reclaim_reent
                0x0800e240       0xbc C:/ST/STM32CubeIDE_2.2.0/STM32CubeIDE/plugins/com.st.stm32cube.ide.mcu.externaltools.gnu-tools-for-stm32.14.3.rel1.win32_1.0.100.202602081740/tools/bin/../lib/gcc/arm-none-eabi/14.3.1/../../../../arm-none-eabi/lib/thumb/v7e-m+fp/hard\libc_nano.a(libc_a-reent.o)
                0x0800e240                _reclaim_reent
 .text.__errno  0x0800e2fc        0xc C:/ST/STM32CubeIDE_2.2.0/STM32CubeIDE/plugins/com.st.stm32cube.ide.mcu.externaltools.gnu-tools-for-stm32.14.3.rel1.win32_1.0.100.202602081740/tools/bin/../lib/gcc/arm-none-eabi/14.3.1/../../../../arm-none-eabi/lib/thumb/v7e-m+fp/hard\libc_nano.a(libc_a-errno.o)
                0x0800e2fc                __errno
 .text.__libc_init_array
                0x0800e308       0x48 C:/ST/STM32CubeIDE_2.2.0/STM32CubeIDE/plugins/com.st.stm32cube.ide.mcu.externaltools.gnu-tools-for-stm32.14.3.rel1.win32_1.0.100.202602081740/tools/bin/../lib/gcc/arm-none-eabi/14.3.1/../../../../arm-none-eabi/lib/thumb/v7e-m+fp/hard\libc_nano.a(libc_a-init.o)
                0x0800e308                __libc_init_array
 .text.__retarget_lock_acquire_recursive
                0x0800e350        0x2 C:/ST/STM32CubeIDE_2.2.0/STM32CubeIDE/plugins/com.st.stm32cube.ide.mcu.externaltools.gnu-tools-for-stm32.14.3.rel1.win32_1.0.100.202602081740/tools/bin/../lib/gcc/arm-none-eabi/14.3.1/../../../../arm-none-eabi/lib/thumb/v7e-m+fp/hard\libc_nano.a(libc_a-lock.o)
                0x0800e350                __retarget_lock_acquire_recursive
 .text.__retarget_lock_release_recursive
                0x0800e352        0x2 C:/ST/STM32CubeIDE_2.2.0/STM32CubeIDE/plugins/com.st.stm32cube.ide.mcu.externaltools.gnu-tools-for-stm32.14.3.rel1.win32_1.0.100.202602081740/tools/bin/../lib/gcc/arm-none-eabi/14.3.1/../../../../arm-none-eabi/lib/thumb/v7e-m+fp/hard\libc_nano.a(libc_a-lock.o)
                0x0800e352                __retarget_lock_release_recursive
 .text.strcpy   0x0800e354       0x10 C:/ST/STM32CubeIDE_2.2.0/STM32CubeIDE/plugins/com.st.stm32cube.ide.mcu.externaltools.gnu-tools-for-stm32.14.3.rel1.win32_1.0.100.202602081740/tools/bin/../lib/gcc/arm-none-eabi/14.3.1/../../../../arm-none-eabi/lib/thumb/v7e-m+fp/hard\libc_nano.a(libc_a-strcpy.o)
                0x0800e354                strcpy
 .text.memcpy   0x0800e364       0x1c C:/ST/STM32CubeIDE_2.2.0/STM32CubeIDE/plugins/com.st.stm32cube.ide.mcu.externaltools.gnu-tools-for-stm32.14.3.rel1.win32_1.0.100.202602081740/tools/bin/../lib/gcc/arm-none-eabi/14.3.1/../../../../arm-none-eabi/lib/thumb/v7e-m+fp/hard\libc_nano.a(libc_a-memcpy-stub.o)
                0x0800e364                memcpy
 .text._free_r  0x0800e380       0x94 C:/ST/STM32CubeIDE_2.2.0/STM32CubeIDE/plugins/com.st.stm32cube.ide.mcu.externaltools.gnu-tools-for-stm32.14.3.rel1.win32_1.0.100.202602081740/tools/bin/../lib/gcc/arm-none-eabi/14.3.1/../../../../arm-none-eabi/lib/thumb/v7e-m+fp/hard\libc_nano.a(libc_a-freer.o)
                0x0800e380                _free_r
 .text.sbrk_aligned
                0x0800e414       0x44 C:/ST/STM32CubeIDE_2.2.0/STM32CubeIDE/plugins/com.st.stm32cube.ide.mcu.externaltools.gnu-tools-for-stm32.14.3.rel1.win32_1.0.100.202602081740/tools/bin/../lib/gcc/arm-none-eabi/14.3.1/../../../../arm-none-eabi/lib/thumb/v7e-m+fp/hard\libc_nano.a(libc_a-mallocr.o)
 .text._malloc_r
                0x0800e458      0x100 C:/ST/STM32CubeIDE_2.2.0/STM32CubeIDE/plugins/com.st.stm32cube.ide.mcu.externaltools.gnu-tools-for-stm32.14.3.rel1.win32_1.0.100.202602081740/tools/bin/../lib/gcc/arm-none-eabi/14.3.1/../../../../arm-none-eabi/lib/thumb/v7e-m+fp/hard\libc_nano.a(libc_a-mallocr.o)
                0x0800e458                _malloc_r
 .text.__malloc_lock
                0x0800e558        0xc C:/ST/STM32CubeIDE_2.2.0/STM32CubeIDE/plugins/com.st.stm32cube.ide.mcu.externaltools.gnu-tools-for-stm32.14.3.rel1.win32_1.0.100.202602081740/tools/bin/../lib/gcc/arm-none-eabi/14.3.1/../../../../arm-none-eabi/lib/thumb/v7e-m+fp/hard\libc_nano.a(libc_a-mlock.o)
                0x0800e558                __malloc_lock
 .text.__malloc_unlock
                0x0800e564        0xc C:/ST/STM32CubeIDE_2.2.0/STM32CubeIDE/plugins/com.st.stm32cube.ide.mcu.externaltools.gnu-tools-for-stm32.14.3.rel1.win32_1.0.100.202602081740/tools/bin/../lib/gcc/arm-none-eabi/14.3.1/../../../../arm-none-eabi/lib/thumb/v7e-m+fp/hard\libc_nano.a(libc_a-mlock.o)
                0x0800e564                __malloc_unlock
 .text.__ssputs_r
                0x0800e570       0xc0 C:/ST/STM32CubeIDE_2.2.0/STM32CubeIDE/plugins/com.st.stm32cube.ide.mcu.externaltools.gnu-tools-for-stm32.14.3.rel1.win32_1.0.100.202602081740/tools/bin/../lib/gcc/arm-none-eabi/14.3.1/../../../../arm-none-eabi/lib/thumb/v7e-m+fp/hard\libc_nano.a(libc_a-nano-svfprintf.o)
                0x0800e570                __ssputs_r
 .text._svfprintf_r
                0x0800e630      0x1f0 C:/ST/STM32CubeIDE_2.2.0/STM32CubeIDE/plugins/com.st.stm32cube.ide.mcu.externaltools.gnu-tools-for-stm32.14.3.rel1.win32_1.0.100.202602081740/tools/bin/../lib/gcc/arm-none-eabi/14.3.1/../../../../arm-none-eabi/lib/thumb/v7e-m+fp/hard\libc_nano.a(libc_a-nano-svfprintf.o)
                0x0800e630                _svfiprintf_r
                0x0800e630                _svfprintf_r
 .text._printf_common
                0x0800e820       0xda C:/ST/STM32CubeIDE_2.2.0/STM32CubeIDE/plugins/com.st.stm32cube.ide.mcu.externaltools.gnu-tools-for-stm32.14.3.rel1.win32_1.0.100.202602081740/tools/bin/../lib/gcc/arm-none-eabi/14.3.1/../../../../arm-none-eabi/lib/thumb/v7e-m+fp/hard\libc_nano.a(libc_a-nano-vfprintf_i.o)
                0x0800e820                _printf_common
 *fill*         0x0800e8fa        0x2 
 .text._printf_i
                0x0800e8fc      0x24c C:/ST/STM32CubeIDE_2.2.0/STM32CubeIDE/plugins/com.st.stm32cube.ide.mcu.externaltools.gnu-tools-for-stm32.14.3.rel1.win32_1.0.100.202602081740/tools/bin/../lib/gcc/arm-none-eabi/14.3.1/../../../../arm-none-eabi/lib/thumb/v7e-m+fp/hard\libc_nano.a(libc_a-nano-vfprintf_i.o)
                0x0800e8fc                _printf_i
 .text.memmove  0x0800eb48       0x32 C:/ST/STM32CubeIDE_2.2.0/STM32CubeIDE/plugins/com.st.stm32cube.ide.mcu.externaltools.gnu-tools-for-stm32.14.3.rel1.win32_1.0.100.202602081740/tools/bin/../lib/gcc/arm-none-eabi/14.3.1/../../../../arm-none-eabi/lib/thumb/v7e-m+fp/hard\libc_nano.a(libc_a-memmove.o)
                0x0800eb48                memmove
 *fill*         0x0800eb7a        0x2 
 .text._sbrk_r  0x0800eb7c       0x20 C:/ST/STM32CubeIDE_2.2.0/STM32CubeIDE/plugins/com.st.stm32cube.ide.mcu.externaltools.gnu-tools-for-stm32.14.3.rel1.win32_1.0.100.202602081740/tools/bin/../lib/gcc/arm-none-eabi/14.3.1/../../../../arm-none-eabi/lib/thumb/v7e-m+fp/hard\libc_nano.a(libc_a-sbrkr.o)
                0x0800eb7c                _sbrk_r
 .text._realloc_r
                0x0800eb9c       0x5c C:/ST/STM32CubeIDE_2.2.0/STM32CubeIDE/plugins/com.st.stm32cube.ide.mcu.externaltools.gnu-tools-for-stm32.14.3.rel1.win32_1.0.100.202602081740/tools/bin/../lib/gcc/arm-none-eabi/14.3.1/../../../../arm-none-eabi/lib/thumb/v7e-m+fp/hard\libc_nano.a(libc_a-reallocr.o)
                0x0800eb9c                _realloc_r
 .text._malloc_usable_size_r
                0x0800ebf8       0x10 C:/ST/STM32CubeIDE_2.2.0/STM32CubeIDE/plugins/com.st.stm32cube.ide.mcu.externaltools.gnu-tools-for-stm32.14.3.rel1.win32_1.0.100.202602081740/tools/bin/../lib/gcc/arm-none-eabi/14.3.1/../../../../arm-none-eabi/lib/thumb/v7e-m+fp/hard\libc_nano.a(libc_a-msizer.o)
                0x0800ebf8                _malloc_usable_size_r
 .text.sqrt     0x0800ec08       0x68 C:/ST/STM32CubeIDE_2.2.0/STM32CubeIDE/plugins/com.st.stm32cube.ide.mcu.externaltools.gnu-tools-for-stm32.14.3.rel1.win32_1.0.100.202602081740/tools/bin/../lib/gcc/arm-none-eabi/14.3.1/../../../../arm-none-eabi/lib/thumb/v7e-m+fp/hard\libm.a(libm_a-w_sqrt.o)
                0x0800ec08                sqrt
 .text.atan2f   0x0800ec70        0x4 C:/ST/STM32CubeIDE_2.2.0/STM32CubeIDE/plugins/com.st.stm32cube.ide.mcu.externaltools.gnu-tools-for-stm32.14.3.rel1.win32_1.0.100.202602081740/tools/bin/../lib/gcc/arm-none-eabi/14.3.1/../../../../arm-none-eabi/lib/thumb/v7e-m+fp/hard\libm.a(libm_a-wf_atan2.o)
                0x0800ec70                atan2f
 .text.sqrtf    0x0800ec74       0x44 C:/ST/STM32CubeIDE_2.2.0/STM32CubeIDE/plugins/com.st.stm32cube.ide.mcu.externaltools.gnu-tools-for-stm32.14.3.rel1.win32_1.0.100.202602081740/tools/bin/../lib/gcc/arm-none-eabi/14.3.1/../../../../arm-none-eabi/lib/thumb/v7e-m+fp/hard\libm.a(libm_a-wf_sqrt.o)
                0x0800ec74                sqrtf
 .text.cosf     0x0800ecb8       0x70 C:/ST/STM32CubeIDE_2.2.0/STM32CubeIDE/plugins/com.st.stm32cube.ide.mcu.externaltools.gnu-tools-for-stm32.14.3.rel1.win32_1.0.100.202602081740/tools/bin/../lib/gcc/arm-none-eabi/14.3.1/../../../../arm-none-eabi/lib/thumb/v7e-m+fp/hard\libm.a(libm_a-sf_cos.o)
                0x0800ecb8                cosf
 .text.sinf     0x0800ed28       0x74 C:/ST/STM32CubeIDE_2.2.0/STM32CubeIDE/plugins/com.st.stm32cube.ide.mcu.externaltools.gnu-tools-for-stm32.14.3.rel1.win32_1.0.100.202602081740/tools/bin/../lib/gcc/arm-none-eabi/14.3.1/../../../../arm-none-eabi/lib/thumb/v7e-m+fp/hard\libm.a(libm_a-sf_sin.o)
                0x0800ed28                sinf
 .text.lroundf  0x0800ed9c       0x68 C:/ST/STM32CubeIDE_2.2.0/STM32CubeIDE/plugins/com.st.stm32cube.ide.mcu.externaltools.gnu-tools-for-stm32.14.3.rel1.win32_1.0.100.202602081740/tools/bin/../lib/gcc/arm-none-eabi/14.3.1/../../../../arm-none-eabi/lib/thumb/v7e-m+fp/hard\libm.a(libm_a-sf_lround.o)
                0x0800ed9c                lroundf
 .text.__ieee754_sqrt
                0x0800ee04      0x1f0 C:/ST/STM32CubeIDE_2.2.0/STM32CubeIDE/plugins/com.st.stm32cube.ide.mcu.externaltools.gnu-tools-for-stm32.14.3.rel1.win32_1.0.100.202602081740/tools/bin/../lib/gcc/arm-none-eabi/14.3.1/../../../../arm-none-eabi/lib/thumb/v7e-m+fp/hard\libm.a(libm_a-e_sqrt.o)
                0x0800ee04                __ieee754_sqrt
 .text.__ieee754_sqrtf
                0x0800eff4        0x8 C:/ST/STM32CubeIDE_2.2.0/STM32CubeIDE/plugins/com.st.stm32cube.ide.mcu.externaltools.gnu-tools-for-stm32.14.3.rel1.win32_1.0.100.202602081740/tools/bin/../lib/gcc/arm-none-eabi/14.3.1/../../../../arm-none-eabi/lib/thumb/v7e-m+fp/hard\libm.a(libm_a-ef_sqrt.o)
                0x0800eff4                __ieee754_sqrtf
 .text.ceilf    0x0800effc       0x94 C:/ST/STM32CubeIDE_2.2.0/STM32CubeIDE/plugins/com.st.stm32cube.ide.mcu.externaltools.gnu-tools-for-stm32.14.3.rel1.win32_1.0.100.202602081740/tools/bin/../lib/gcc/arm-none-eabi/14.3.1/../../../../arm-none-eabi/lib/thumb/v7e-m+fp/hard\libm.a(libm_a-sf_ceil.o)
                0x0800effc                ceilf
 .text.__kernel_cosf
                0x0800f090      0x104 C:/ST/STM32CubeIDE_2.2.0/STM32CubeIDE/plugins/com.st.stm32cube.ide.mcu.externaltools.gnu-tools-for-stm32.14.3.rel1.win32_1.0.100.202602081740/tools/bin/../lib/gcc/arm-none-eabi/14.3.1/../../../../arm-none-eabi/lib/thumb/v7e-m+fp/hard\libm.a(libm_a-kf_cos.o)
                0x0800f090                __kernel_cosf
 .text.__kernel_sinf
                0x0800f194       0x90 C:/ST/STM32CubeIDE_2.2.0/STM32CubeIDE/plugins/com.st.stm32cube.ide.mcu.externaltools.gnu-tools-for-stm32.14.3.rel1.win32_1.0.100.202602081740/tools/bin/../lib/gcc/arm-none-eabi/14.3.1/../../../../arm-none-eabi/lib/thumb/v7e-m+fp/hard\libm.a(libm_a-kf_sin.o)
                0x0800f194                __kernel_sinf
 .text.__ieee754_atan2f
                0x0800f224      0x14c C:/ST/STM32CubeIDE_2.2.0/STM32CubeIDE/plugins/com.st.stm32cube.ide.mcu.externaltools.gnu-tools-for-stm32.14.3.rel1.win32_1.0.100.202602081740/tools/bin/../lib/gcc/arm-none-eabi/14.3.1/../../../../arm-none-eabi/lib/thumb/v7e-m+fp/hard\libm.a(libm_a-ef_atan2.o)
                0x0800f224                __ieee754_atan2f
 .text.__ieee754_rem_pio2f
                0x0800f370      0x26c C:/ST/STM32CubeIDE_2.2.0/STM32CubeIDE/plugins/com.st.stm32cube.ide.mcu.externaltools.gnu-tools-for-stm32.14.3.rel1.win32_1.0.100.202602081740/tools/bin/../lib/gcc/arm-none-eabi/14.3.1/../../../../arm-none-eabi/lib/thumb/v7e-m+fp/hard\libm.a(libm_a-ef_rem_pio2.o)
                0x0800f370                __ieee754_rem_pio2f
 .text.atanf    0x0800f5dc      0x1a4 C:/ST/STM32CubeIDE_2.2.0/STM32CubeIDE/plugins/com.st.stm32cube.ide.mcu.externaltools.gnu-tools-for-stm32.14.3.rel1.win32_1.0.100.202602081740/tools/bin/../lib/gcc/arm-none-eabi/14.3.1/../../../../arm-none-eabi/lib/thumb/v7e-m+fp/hard\libm.a(libm_a-sf_atan.o)
                0x0800f5dc                atanf
 .text.fabsf    0x0800f780       0x10 C:/ST/STM32CubeIDE_2.2.0/STM32CubeIDE/plugins/com.st.stm32cube.ide.mcu.externaltools.gnu-tools-for-stm32.14.3.rel1.win32_1.0.100.202602081740/tools/bin/../lib/gcc/arm-none-eabi/14.3.1/../../../../arm-none-eabi/lib/thumb/v7e-m+fp/hard\libm.a(libm_a-sf_fabs.o)
                0x0800f780                fabsf
 .text.__kernel_rem_pio2f
                0x0800f790      0x68c C:/ST/STM32CubeIDE_2.2.0/STM32CubeIDE/plugins/com.st.stm32cube.ide.mcu.externaltools.gnu-tools-for-stm32.14.3.rel1.win32_1.0.100.202602081740/tools/bin/../lib/gcc/arm-none-eabi/14.3.1/../../../../arm-none-eabi/lib/thumb/v7e-m+fp/hard\libm.a(libm_a-kf_rem_pio2.o)
                0x0800f790                __kernel_rem_pio2f
 .text.scalbnf  0x0800fe1c       0xdc C:/ST/STM32CubeIDE_2.2.0/STM32CubeIDE/plugins/com.st.stm32cube.ide.mcu.externaltools.gnu-tools-for-stm32.14.3.rel1.win32_1.0.100.202602081740/tools/bin/../lib/gcc/arm-none-eabi/14.3.1/../../../../arm-none-eabi/lib/thumb/v7e-m+fp/hard\libm.a(libm_a-sf_scalbn.o)
                0x0800fe1c                scalbnf
 .text.floorf   0x0800fef8       0x94 C:/ST/STM32CubeIDE_2.2.0/STM32CubeIDE/plugins/com.st.stm32cube.ide.mcu.externaltools.gnu-tools-for-stm32.14.3.rel1.win32_1.0.100.202602081740/tools/bin/../lib/gcc/arm-none-eabi/14.3.1/../../../../arm-none-eabi/lib/thumb/v7e-m+fp/hard\libm.a(libm_a-sf_floor.o)
                0x0800fef8                floorf
 *(.glue_7)
 .glue_7        0x0800ff8c        0x0 linker stubs
 *(.glue_7t)
 .glue_7t       0x0800ff8c        0x0 linker stubs
 *(.eh_frame)
 .eh_frame      0x0800ff8c        0x0 C:/ST/STM32CubeIDE_2.2.0/STM32CubeIDE/plugins/com.st.stm32cube.ide.mcu.externaltools.gnu-tools-for-stm32.14.3.rel1.win32_1.0.100.202602081740/tools/bin/../lib/gcc/arm-none-eabi/14.3.1/thumb/v7e-m+fp/hard/crtbegin.o
 *(.init)
 .init          0x0800ff8c        0x4 C:/ST/STM32CubeIDE_2.2.0/STM32CubeIDE/plugins/com.st.stm32cube.ide.mcu.externaltools.gnu-tools-for-stm32.14.3.rel1.win32_1.0.100.202602081740/tools/bin/../lib/gcc/arm-none-eabi/14.3.1/thumb/v7e-m+fp/hard/crti.o
                0x0800ff8c                _init
 .init          0x0800ff90        0x8 C:/ST/STM32CubeIDE_2.2.0/STM32CubeIDE/plugins/com.st.stm32cube.ide.mcu.externaltools.gnu-tools-for-stm32.14.3.rel1.win32_1.0.100.202602081740/tools/bin/../lib/gcc/arm-none-eabi/14.3.1/thumb/v7e-m+fp/hard/crtn.o
 *(.fini)
 .fini          0x0800ff98        0x4 C:/ST/STM32CubeIDE_2.2.0/STM32CubeIDE/plugins/com.st.stm32cube.ide.mcu.externaltools.gnu-tools-for-stm32.14.3.rel1.win32_1.0.100.202602081740/tools/bin/../lib/gcc/arm-none-eabi/14.3.1/thumb/v7e-m+fp/hard/crti.o
                0x0800ff98                _fini
 .fini          0x0800ff9c        0x8 C:/ST/STM32CubeIDE_2.2.0/STM32CubeIDE/plugins/com.st.stm32cube.ide.mcu.externaltools.gnu-tools-for-stm32.14.3.rel1.win32_1.0.100.202602081740/tools/bin/../lib/gcc/arm-none-eabi/14.3.1/thumb/v7e-m+fp/hard/crtn.o
                0x0800ffa4                        . = ALIGN (0x4)
                0x0800ffa4                        _etext = .

.vfp11_veneer   0x0800ffa4        0x0
 .vfp11_veneer  0x0800ffa4        0x0 linker stubs

.v4_bx          0x0800ffa4        0x0
 .v4_bx         0x0800ffa4        0x0 linker stubs

.iplt           0x0800ffa4        0x0
 .iplt          0x0800ffa4        0x0 C:/ST/STM32CubeIDE_2.2.0/STM32CubeIDE/plugins/com.st.stm32cube.ide.mcu.externaltools.gnu-tools-for-stm32.14.3.rel1.win32_1.0.100.202602081740/tools/bin/../lib/gcc/arm-none-eabi/14.3.1/thumb/v7e-m+fp/hard/crtbegin.o

.rodata         0x0800ffa8     0x3e10
                0x0800ffa8                        . = ALIGN (0x4)
 *(.rodata)
 .rodata        0x0800ffa8        0xc ./Core/Src/ma600.o
 .rodata        0x0800ffb4       0x20 ./Core/Src/ma600_acquisition.o
 .rodata        0x0800ffd4       0x8c ./Core/Src/position_controller.o
 *(.rodata*)
 .rodata.AppEngine_ModeId.str1.1
                0x08010060     0x3788 ./Core/Src/app_engine.o
                                  0xc (size before relaxing)
 .rodata.AppEngine_ProfileId.str1.1
                0x080137e8       0x1d ./Core/Src/app_engine.o
 .rodata.AppEngine_SourceId.str1.1
                0x080137e8       0x17 ./Core/Src/app_engine.o
 .rodata.MA600_AngleTransportName.str1.1
                0x080137e8       0x1c ./Core/Src/ma600.o
 .rodata.MA600_ConfigGateResultName.str1.1
                0x080137e8       0x1b ./Core/Src/ma600.o
 .rodata.str1.1
                0x080137e8       0xdb ./Core/Src/ma600.o
 .rodata.CSWTCH.49
                0x080137e8       0x30 ./Core/Src/ma600.o
 .rodata.StartDefaultTask.str1.1
                0x08013818      0x1b3 ./Core/Src/main.o
 .rodata.str1.1
                0x08013818        0xc ./Core/Src/main.o
 .rodata.defaultTask_attributes
                0x08013818       0x24 ./Core/Src/main.o
                0x08013818                defaultTask_attributes
 .rodata.Motor_GetHomeControllerProfileId.str1.1
                0x0801383c       0x14 ./Core/Src/motor.o
 .rodata.POSITION_CONFIG
                0x0801383c       0x1c ./Core/Src/motor.o
 .rodata.MA600_ResultName.str1.1
                0x08013858        0x8 ./Core/Src/nonlinear_test.o
 .rodata.FormatDegN.str1.1
                0x08013858       0x15 ./Core/Src/nonlinear_test.o
 .rodata.ComputeModelMetricsByOrders.constprop.0.str1.1
                0x08013858       0x3a ./Core/Src/nonlinear_test.o
 .rodata.FormatDeg2.constprop.0.str1.1
                0x08013858       0x15 ./Core/Src/nonlinear_test.o
 .rodata.ReadLogAndGateConfiguration.str1.1
                0x08013858      0x2b6 ./Core/Src/nonlinear_test.o
 .rodata.PrintSweepLog.constprop.0.str1.1
                0x08013858     0x2a53 ./Core/Src/nonlinear_test.o
 .rodata.NonlinearTest_Run.constprop.0.str1.1
                0x08013858      0x2b9 ./Core/Src/nonlinear_test.o
 .rodata.RunBatchSweep.str1.1
                0x08013858      0x15c ./Core/Src/nonlinear_test.o
 .rodata.NonlinearEngine_Task.str1.1
                0x08013858      0x1b1 ./Core/Src/nonlinear_test.o
 .rodata.CSWTCH.259
                0x08013858        0x8 ./Core/Src/nonlinear_test.o
 .rodata.str1.1
                0x08013860      0x16f ./Core/Src/nonlinear_test.o
 .rodata.CSWTCH.248
                0x08013860       0x14 ./Core/Src/nonlinear_test.o
 .rodata.CSWTCH.246
                0x08013874       0x18 ./Core/Src/nonlinear_test.o
 .rodata.CSWTCH.244
                0x0801388c       0x10 ./Core/Src/nonlinear_test.o
 .rodata.CSWTCH.233
                0x0801389c       0x10 ./Core/Src/nonlinear_test.o
 .rodata.CSWTCH.229
                0x080138ac       0x28 ./Core/Src/nonlinear_test.o
 .rodata.names.0
                0x080138d4       0x10 ./Core/Src/nonlinear_test.o
 .rodata.nominalHoldMs.1
                0x080138e4       0x10 ./Core/Src/nonlinear_test.o
 .rodata.testTaskAttributes.2
                0x080138f4       0x24 ./Core/Src/nonlinear_test.o
 .rodata.NL_LEGACY_HARMONIC_ORDERS
                0x08013918        0x6 ./Core/Src/nonlinear_test.o
 .rodata.NL_HARMONIC_ORDERS
                0x0801391e        0xc ./Core/Src/nonlinear_test.o
 *fill*         0x0801392a        0x2 
 .rodata.NL_KNOWN_JIGS
                0x0801392c       0x54 ./Core/Src/nonlinear_test.o
 .rodata.APBPrescTable
                0x08013980        0x8 ./Core/Src/system_stm32f4xx.o
                0x08013980                APBPrescTable
 .rodata.AHBPrescTable
                0x08013988       0x10 ./Core/Src/system_stm32f4xx.o
                0x08013988                AHBPrescTable
 .rodata.flagBitshiftOffset.0
                0x08013998        0x8 ./Drivers/STM32F4xx_HAL_Driver/Src/stm32f4xx_hal_dma.o
 .rodata.vTaskStartScheduler.str1.1
                0x080139a0        0x5 ./Middlewares/Third_Party/FreeRTOS/Source/tasks.o
 .rodata.prvCheckForValidListAndQueue.str1.1
                0x080139a0        0x5 ./Middlewares/Third_Party/FreeRTOS/Source/timers.o
 .rodata.xTimerCreateTimerTask.str1.1
                0x080139a0        0x8 ./Middlewares/Third_Party/FreeRTOS/Source/timers.o
 .rodata._svfprintf_r.str1.1
                0x080139a0       0x11 C:/ST/STM32CubeIDE_2.2.0/STM32CubeIDE/plugins/com.st.stm32cube.ide.mcu.externaltools.gnu-tools-for-stm32.14.3.rel1.win32_1.0.100.202602081740/tools/bin/../lib/gcc/arm-none-eabi/14.3.1/../../../../arm-none-eabi/lib/thumb/v7e-m+fp/hard\libc_nano.a(libc_a-nano-svfprintf.o)
 .rodata._printf_i.str1.1
                0x080139a0       0x22 C:/ST/STM32CubeIDE_2.2.0/STM32CubeIDE/plugins/com.st.stm32cube.ide.mcu.externaltools.gnu-tools-for-stm32.14.3.rel1.win32_1.0.100.202602081740/tools/bin/../lib/gcc/arm-none-eabi/14.3.1/../../../../arm-none-eabi/lib/thumb/v7e-m+fp/hard\libc_nano.a(libc_a-nano-vfprintf_i.o)
 .rodata.tiny   0x080139a0        0x8 C:/ST/STM32CubeIDE_2.2.0/STM32CubeIDE/plugins/com.st.stm32cube.ide.mcu.externaltools.gnu-tools-for-stm32.14.3.rel1.win32_1.0.100.202602081740/tools/bin/../lib/gcc/arm-none-eabi/14.3.1/../../../../arm-none-eabi/lib/thumb/v7e-m+fp/hard\libm.a(libm_a-e_sqrt.o)
 .rodata.one    0x080139a8        0x8 C:/ST/STM32CubeIDE_2.2.0/STM32CubeIDE/plugins/com.st.stm32cube.ide.mcu.externaltools.gnu-tools-for-stm32.14.3.rel1.win32_1.0.100.202602081740/tools/bin/../lib/gcc/arm-none-eabi/14.3.1/../../../../arm-none-eabi/lib/thumb/v7e-m+fp/hard\libm.a(libm_a-e_sqrt.o)
 .rodata.CSWTCH.9