Archive member included to satisfy reference by file (symbol)

C:/ST/STM32CubeIDE_2.2.0/STM32CubeIDE/plugins/com.st.stm32cube.ide.mcu.externaltools.gnu-tools-for-stm32.14.3.rel1.win32_1.0.100.202602081740/tools/bin/../lib/gcc/arm-none-eabi/14.3.1/../../../../arm-none-eabi/lib/thumb/v7e-m+fp/hard\libc_nano.a(libc_a-exit.o)
                              C:/ST/STM32CubeIDE_2.2.0/STM32CubeIDE/plugins/com.st.stm32cube.ide.mcu.externaltools.gnu-tools-for-stm32.14.3.rel1.win32_1.0.100.202602081740/tools/bin/../lib/gcc/arm-none-eabi/14.3.1/../../../../arm-none-eabi/lib/thumb/v7e-m+fp/hard/crt0.o (exit)
C:/ST/STM32CubeIDE_2.2.0/STM32CubeIDE/plugins/com.st.stm32cube.ide.mcu.externaltools.gnu-tools-for-stm32.14.3.rel1.win32_1.0.100.202602081740/tools/bin/../lib/gcc/arm-none-eabi/14.3.1/../../../../arm-none-eabi/lib/thumb/v7e-m+fp/hard\libc_nano.a(libc_a-findfp.o)
                              ./Middlewares/Third_Party/FreeRTOS/Source/tasks.o (__sf)
C:/ST/STM32CubeIDE_2.2.0/STM32CubeIDE/plugins/com.st.stm32cube.ide.mcu.externaltools.gnu-tools-for-stm32.14.3.rel1.win32_1.0.100.202602081740/tools/bin/../lib/gcc/arm-none-eabi/14.3.1/../../../../arm-none-eabi/lib/thumb/v7e-m+fp/hard\libc_nano.a(libc_a-fwalk.o)
                              C:/ST/STM32CubeIDE_2.2.0/STM32CubeIDE/plugins/com.st.stm32cube.ide.mcu.externaltools.gnu-tools-for-stm32.14.3.rel1.win32_1.0.100.202602081740/tools/bin/../lib/gcc/arm-none-eabi/14.3.1/../../../../arm-none-eabi/lib/thumb/v7e-m+fp/hard\libc_nano.a(libc_a-findfp.o) (_fwalk_sglue)
C:/ST/STM32CubeIDE_2.2.0/STM32CubeIDE/plugins/com.st.stm32cube.ide.mcu.externaltools.gnu-tools-for-stm32.14.3.rel1.win32_1.0.100.202602081740/tools/bin/../lib/gcc/arm-none-eabi/14.3.1/../../../../arm-none-eabi/lib/thumb/v7e-m+fp/hard\libc_nano.a(libc_a-snprintf.o)
                              ./Core/Src/main.o (snprintf)
C:/ST/STM32CubeIDE_2.2.0/STM32CubeIDE/plugins/com.st.stm32cube.ide.mcu.externaltools.gnu-tools-for-stm32.14.3.rel1.win32_1.0.100.202602081740/tools/bin/../lib/gcc/arm-none-eabi/14.3.1/../../../../arm-none-eabi/lib/thumb/v7e-m+fp/hard\libc_nano.a(libc_a-stdio.o)
                              C:/ST/STM32CubeIDE_2.2.0/STM32CubeIDE/plugins/com.st.stm32cube.ide.mcu.externaltools.gnu-tools-for-stm32.14.3.rel1.win32_1.0.100.202602081740/tools/bin/../lib/gcc/arm-none-eabi/14.3.1/../../../../arm-none-eabi/lib/thumb/v7e-m+fp/hard\libc_nano.a(libc_a-findfp.o) (__sread)
C:/ST/STM32CubeIDE_2.2.0/STM32CubeIDE/plugins/com.st.stm32cube.ide.mcu.externaltools.gnu-tools-for-stm32.14.3.rel1.win32_1.0.100.202602081740/tools/bin/../lib/gcc/arm-none-eabi/14.3.1/../../../../arm-none-eabi/lib/thumb/v7e-m+fp/hard\libc_nano.a(libc_a-vsnprintf.o)
                              ./Core/Src/nonlinear_test.o (vsnprintf)
C:/ST/STM32CubeIDE_2.2.0/STM32CubeIDE/plugins/com.st.stm32cube.ide.mcu.externaltools.gnu-tools-for-stm32.14.3.rel1.win32_1.0.100.202602081740/tools/bin/../lib/gcc/arm-none-eabi/14.3.1/../../../../arm-none-eabi/lib/thumb/v7e-m+fp/hard\libc_nano.a(libc_a-memcmp.o)
                              ./Core/Src/control_a5_math.o (memcmp)
C:/ST/STM32CubeIDE_2.2.0/STM32CubeIDE/plugins/com.st.stm32cube.ide.mcu.externaltools.gnu-tools-for-stm32.14.3.rel1.win32_1.0.100.202602081740/tools/bin/../lib/gcc/arm-none-eabi/14.3.1/../../../../arm-none-eabi/lib/thumb/v7e-m+fp/hard\libc_nano.a(libc_a-memset.o)
                              C:/ST/STM32CubeIDE_2.2.0/STM32CubeIDE/plugins/com.st.stm32cube.ide.mcu.externaltools.gnu-tools-for-stm32.14.3.rel1.win32_1.0.100.202602081740/tools/bin/../lib/gcc/arm-none-eabi/14.3.1/../../../../arm-none-eabi/lib/thumb/v7e-m+fp/hard/crt0.o (memset)
C:/ST/STM32CubeIDE_2.2.0/STM32CubeIDE/plugins/com.st.stm32cube.ide.mcu.externaltools.gnu-tools-for-stm32.14.3.rel1.win32_1.0.100.202602081740/tools/bin/../lib/gcc/arm-none-eabi/14.3.1/../../../../arm-none-eabi/lib/thumb/v7e-m+fp/hard\libc_nano.a(libc_a-closer.o)
                              C:/ST/STM32CubeIDE_2.2.0/STM32CubeIDE/plugins/com.st.stm32cube.ide.mcu.externaltools.gnu-tools-for-stm32.14.3.rel1.win32_1.0.100.202602081740/tools/bin/../lib/gcc/arm-none-eabi/14.3.1/../../../../arm-none-eabi/lib/thumb/v7e-m+fp/hard\libc_nano.a(libc_a-stdio.o) (_close_r)
C:/ST/STM32CubeIDE_2.2.0/STM32CubeIDE/plugins/com.st.stm32cube.ide.mcu.externaltools.gnu-tools-for-stm32.14.3.rel1.win32_1.0.100.202602081740/tools/bin/../lib/gcc/arm-none-eabi/14.3.1/../../../../arm-none-eabi/lib/thumb/v7e-m+fp/hard\libc_nano.a(libc_a-reent.o)
                              ./Middlewares/Third_Party/FreeRTOS/Source/tasks.o (_reclaim_reent)
C:/ST/STM32CubeIDE_2.2.0/STM32CubeIDE/plugins/com.st.stm32cube.ide.mcu.externaltools.gnu-tools-for-stm32.14.3.rel1.win32_1.0.100.202602081740/tools/bin/../lib/gcc/arm-none-eabi/14.3.1/../../../../arm-none-eabi/lib/thumb/v7e-m+fp/hard\libc_nano.a(libc_a-impure.o)
                              ./Middlewares/Third_Party/FreeRTOS/Source/tasks.o (_impure_ptr)
[...]
Memory Configuration

Name             Origin             Length             Attributes
CCMRAM           0x10000000         0x00010000         xrw
RAM              0x20000000         0x00020000         xrw
FLASH            0x08000000         0x00100000         xr
*default*        0x00000000         0xffffffff

Linker script and memory map

LOAD C:/ST/STM32CubeIDE_2.2.0/STM32CubeIDE/plugins/com.st.stm32cube.ide.mcu.externaltools.gnu-tools-for-stm32.14.3.rel1.win32_1.0.100.202602081740/tools/bin/../lib/gcc/arm-none-eabi/14.3.1/thumb/v7e-m+fp/hard/crti.o
LOAD C:/ST/STM32CubeIDE_2.2.0/STM32CubeIDE/plugins/com.st.stm32cube.ide.mcu.externaltools.gnu-tools-for-stm32.14.3.rel1.win32_1.0.100.202602081740/tools/bin/../lib/gcc/arm-none-eabi/14.3.1/thumb/v7e-m+fp/hard/crtbegin.o
LOAD C:/ST/STM32CubeIDE_2.2.0/STM32CubeIDE/plugins/com.st.stm32cube.ide.mcu.externaltools.gnu-tools-for-stm32.14.3.rel1.win32_1.0.100.202602081740/tools/bin/../lib/gcc/arm-none-eabi/14.3.1/../../../../arm-none-eabi/lib/thumb/v7e-m+fp/hard/crt0.o
LOAD ./Core/Src/app_engine.o
LOAD ./Core/Src/control_a5_capture.o
LOAD ./Core/Src/control_a5_math.o
LOAD ./Core/Src/control_engine.o
LOAD ./Core/Src/freertos.o
LOAD ./Core/Src/ma600.o
LOAD ./Core/Src/ma600_acquisition.o
LOAD ./Core/Src/main.o
LOAD ./Core/Src/motor.o
LOAD ./Core/Src/motor_pwm.o
LOAD ./Core/Src/nonlinear_test.o
LOAD ./Core/Src/position_controller.o
LOAD ./Core/Src/stm32f4xx_hal_msp.o
LOAD ./Core/Src/stm32f4xx_hal_timebase_tim.o
LOAD ./Core/Src/stm32f4xx_it.o
LOAD ./Core/Src/syscalls.o
LOAD ./Core/Src/sysmem.o
LOAD ./Core/Src/system_stm32f4xx.o
LOAD ./Core/Startup/startup_stm32f405rgtx.o
LOAD ./Drivers/STM32F4xx_HAL_Driver/Src/stm32f4xx_hal.o
LOAD ./Drivers/STM32F4xx_HAL_Driver/Src/stm32f4xx_hal_adc.o
LOAD ./Drivers/STM32F4xx_HAL_Driver/Src/stm32f4xx_hal_adc_ex.o
LOAD ./Drivers/STM32F4xx_HAL_Driver/Src/stm32f4xx_hal_cortex.o
LOAD ./Drivers/STM32F4xx_HAL_Driver/Src/stm32f4xx_hal_dma.o
LOAD ./Drivers/STM32F4xx_HAL_Driver/Src/stm32f4xx_hal_dma_ex.o
LOAD ./Drivers/STM32F4xx_HAL_Driver/Src/stm32f4xx_hal_exti.o
LOAD ./Drivers/STM32F4xx_HAL_Driver/Src/stm32f4xx_hal_flash.o
LOAD ./Drivers/STM32F4xx_HAL_Driver/Src/stm32f4xx_hal_flash_ex.o
LOAD ./Drivers/STM32F4xx_HAL_Driver/Src/stm32f4xx_hal_flash_ramfunc.o
LOAD ./Drivers/STM32F4xx_HAL_Driver/Src/stm32f4xx_hal_gpio.o
LOAD ./Drivers/STM32F4xx_HAL_Driver/Src/stm32f4xx_hal_i2c.o
LOAD ./Drivers/STM32F4xx_HAL_Driver/Src/stm32f4xx_hal_i2c_ex.o
LOAD ./Drivers/STM32F4xx_HAL_Driver/Src/stm32f4xx_hal_pwr.o
LOAD ./Drivers/STM32F4xx_HAL_Driver/Src/stm32f4xx_hal_pwr_ex.o
LOAD ./Drivers/STM32F4xx_HAL_Driver/Src/stm32f4xx_hal_rcc.o
LOAD ./Drivers/STM32F4xx_HAL_Driver/Src/stm32f4xx_hal_rcc_ex.o
LOAD ./Drivers/STM32F4xx_HAL_Driver/Src/stm32f4xx_hal_spi.o
LOAD ./Drivers/STM32F4xx_HAL_Driver/Src/stm32f4xx_hal_tim.o
LOAD ./Drivers/STM32F4xx_HAL_Driver/Src/stm32f4xx_hal_tim_ex.o
LOAD ./Drivers/STM32F4xx_HAL_Driver/Src/stm32f4xx_hal_uart.o
LOAD ./Drivers/STM32F4xx_HAL_Driver/Src/stm32f4xx_ll_adc.o
LOAD ./Middlewares/Third_Party/FreeRTOS/Source/CMSIS_RTOS_V2/cmsis_os2.o
LOAD ./Middlewares/Third_Party/FreeRTOS/Source/croutine.o
LOAD ./Middlewares/Third_Party/FreeRTOS/Source/event_groups.o
LOAD ./Middlewares/Third_Party/FreeRTOS/Source/list.o
LOAD ./Middlewares/Third_Party/FreeRTOS/Source/queue.o
LOAD ./Middlewares/Third_Party/FreeRTOS/Source/stream_buffer.o
LOAD ./Middlewares/Third_Party/FreeRTOS/Source/tasks.o
LOAD ./Middlewares/Third_Party/FreeRTOS/Source/timers.o
LOAD ./Middlewares/Third_Party/FreeRTOS/Source/portable/GCC/ARM_CM4F/port.o
LOAD ./Middlewares/Third_Party/FreeRTOS/Source/portable/MemMang/heap_4.o
START GROUP
LOAD C:/ST/STM32CubeIDE_2.2.0/STM32CubeIDE/plugins/com.st.stm32cube.ide.mcu.externaltools.gnu-tools-for-stm32.14.3.rel1.win32_1.0.100.202602081740/tools/bin/../lib/gcc/arm-none-eabi/14.3.1/../../../../arm-none-eabi/lib/thumb/v7e-m+fp/hard\libc_nano.a
LOAD C:/ST/STM32CubeIDE_2.2.0/STM32CubeIDE/plugins/com.st.stm32cube.ide.mcu.externaltools.gnu-tools-for-stm32.14.3.rel1.win32_1.0.100.202602081740/tools/bin/../lib/gcc/arm-none-eabi/14.3.1/../../../../arm-none-eabi/lib/thumb/v7e-m+fp/hard\libm.a
END GROUP
START GROUP
LOAD C:/ST/STM32CubeIDE_2.2.0/STM32CubeIDE/plugins/com.st.stm32cube.ide.mcu.externaltools.gnu-tools-for-stm32.14.3.rel1.win32_1.0.100.202602081740/tools/bin/../lib/gcc/arm-none-eabi/14.3.1/thumb/v7e-m+fp/hard\libgcc.a
LOAD C:/ST/STM32CubeIDE_2.2.0/STM32CubeIDE/plugins/com.st.stm32cube.ide.mcu.externaltools.gnu-tools-for-stm32.14.3.rel1.win32_1.0.100.202602081740/tools/bin/../lib/gcc/arm-none-eabi/14.3.1/../../../../arm-none-eabi/lib/thumb/v7e-m+fp/hard\libc_nano.a
END GROUP
START GROUP
LOAD C:/ST/STM32CubeIDE_2.2.0/STM32CubeIDE/plugins/com.st.stm32cube.ide.mcu.externaltools.gnu-tools-for-stm32.14.3.rel1.win32_1.0.100.202602081740/tools/bin/../lib/gcc/arm-none-eabi/14.3.1/thumb/v7e-m+fp/hard\libgcc.a
LOAD C:/ST/STM32CubeIDE_2.2.0/STM32CubeIDE/plugins/com.st.stm32cube.ide.mcu.externaltools.gnu-tools-for-stm32.14.3.rel1.win32_1.0.100.202602081740/tools/bin/../lib/gcc/arm-none-eabi/14.3.1/../../../../arm-none-eabi/lib/thumb/v7e-m+fp/hard\libc_nano.a
LOAD C:/ST/STM32CubeIDE_2.2.0/STM32CubeIDE/plugins/com.st.stm32cube.ide.mcu.externaltools.gnu-tools-for-stm32.14.3.rel1.win32_1.0.100.202602081740/tools/bin/../lib/gcc/arm-none-eabi/14.3.1/../../../../arm-none-eabi/lib/thumb/v7e-m+fp/hard\libnosys.a
END GROUP
START GROUP
LOAD C:/ST/STM32CubeIDE_2.2.0/STM32CubeIDE/plugins/com.st.stm32cube.ide.mcu.externaltools.gnu-tools-for-stm32.14.3.rel1.win32_1.0.100.202602081740/tools/bin/../lib/gcc/arm-none-eabi/14.3.1/thumb/v7e-m+fp/hard\libgcc.a
LOAD C:/ST/STM32CubeIDE_2.2.0/STM32CubeIDE/plugins/com.st.stm32cube.ide.mcu.externaltools.gnu-tools-for-stm32.14.3.rel1.win32_1.0.100.202602081740/tools/bin/../lib/gcc/arm-none-eabi/14.3.1/../../../../arm-none-eabi/lib/thumb/v7e-m+fp/hard\libc_nano.a
LOAD C:/ST/STM32CubeIDE_2.2.0/STM32CubeIDE/plugins/com.st.stm32cube.ide.mcu.externaltools.gnu-tools-for-stm32.14.3.rel1.win32_1.0.100.202602081740/tools/bin/../lib/gcc/arm-none-eabi/14.3.1/../../../../arm-none-eabi/lib/thumb/v7e-m+fp/hard\libnosys.a
END GROUP
LOAD C:/ST/STM32CubeIDE_2.2.0/STM32CubeIDE/plugins/com.st.stm32cube.ide.mcu.externaltools.gnu-tools-for-stm32.14.3.rel1.win32_1.0.100.202602081740/tools/bin/../lib/gcc/arm-none-eabi/14.3.1/thumb/v7e-m+fp/hard/crtend.o
LOAD C:/ST/STM32CubeIDE_2.2.0/STM32CubeIDE/plugins/com.st.stm32cube.ide.mcu.externaltools.gnu-tools-for-stm32.14.3.rel1.win32_1.0.100.202602081740/tools/bin/../lib/gcc/arm-none-eabi/14.3.1/thumb/v7e-m+fp/hard/crtn.o
                0x20020000                        _estack = (ORIGIN (RAM) + LENGTH (RAM))
                0x00000200                        _Min_Heap_Size = 0x200
                0x00000400                        _Min_Stack_Size = 0x400

.isr_vector     0x08000000      0x188
                0x08000000                        . = ALIGN (0x4)
 *(.isr_vector)
 .isr_vector    0x08000000      0x188 ./Core/Startup/startup_stm32f405rgtx.o
                0x08000000                g_pfnVectors
                0x08000188                        . = ALIGN (0x4)

.text           0x08000190    0x1cddc
                0x08000190                        . = ALIGN (0x4)
 *(.text)
 .text          0x08000190       0x40 C:/ST/STM32CubeIDE_2.2.0/STM32CubeIDE/plugins/com.st.stm32cube.ide.mcu.externaltools.gnu-tools-for-stm32.14.3.rel1.win32_1.0.100.202602081740/tools/bin/../lib/gcc/arm-none-eabi/14.3.1/thumb/v7e-m+fp/hard/crtbegin.o
 .text          0x080001d0       0x10 C:/ST/STM32CubeIDE_2.2.0/STM32CubeIDE/plugins/com.st.stm32cube.ide.mcu.externaltools.gnu-tools-for-stm32.14.3.rel1.win32_1.0.100.202602081740/tools/bin/../lib/gcc/arm-none-eabi/14.3.1/../../../../arm-none-eabi/lib/thumb/v7e-m+fp/hard\libc_nano.a(libc_a-strlen.o)
                0x080001d0                strlen
 .text          0x080001e0       0xa0 C:/ST/STM32CubeIDE_2.2.0/STM32CubeIDE/plugins/com.st.stm32cube.ide.mcu.externaltools.gnu-tools-for-stm32.14.3.rel1.win32_1.0.100.202602081740/tools/bin/../lib/gcc/arm-none-eabi/14.3.1/../../../../arm-none-eabi/lib/thumb/v7e-m+fp/hard\libc_nano.a(libc_a-memchr.o)
                0x080001e0                memchr
 .text          0x08000280      0x378 C:/ST/STM32CubeIDE_2.2.0/STM32CubeIDE/plugins/com.st.stm32cube.ide.mcu.externaltools.gnu-tools-for-stm32.14.3.rel1.win32_1.0.100.202602081740/tools/bin/../lib/gcc/arm-none-eabi/14.3.1/thumb/v7e-m+fp/hard\libgcc.a(_arm_addsubdf3.o)
                0x08000280                __aeabi_drsub
                0x08000288                __aeabi_dsub
                0x08000288                __subdf3
                0x0800028c                __aeabi_dadd
                0x0800028c                __adddf3
                0x08000504                __floatunsidf
                0x08000504                __aeabi_ui2d
                0x08000524                __floatsidf
                0x08000524                __aeabi_i2d
                0x08000548                __aeabi_f2d
                0x08000548                __extendsfdf2
                0x0800058c                __floatundidf
                0x0800058c                __aeabi_ul2d
                0x0800059c                __floatdidf
                0x0800059c                __aeabi_l2d
 .text          0x080005f8      0x424 C:/ST/STM32CubeIDE_2.2.0/STM32CubeIDE/plugins/com.st.stm32cube.ide.mcu.externaltools.gnu-tools-for-stm32.14.3.rel1.win32_1.0.100.202602081740/tools/bin/../lib/gcc/arm-none-eabi/14.3.1/thumb/v7e-m+fp/hard\libgcc.a(_arm_muldivdf3.o)
                0x080005f8                __aeabi_dmul
                0x080005f8                __muldf3
                0x0800084c                __divdf3
                0x0800084c                __aeabi_ddiv
 .text          0x08000a1c      0x110 C:/ST/STM32CubeIDE_2.2.0/STM32CubeIDE/plugins/com.st.stm32cube.ide.mcu.externaltools.gnu-tools-for-stm32.14.3.rel1.win32_1.0.100.202602081740/tools/bin/../lib/gcc/arm-none-eabi/14.3.1/thumb/v7e-m+fp/hard\libgcc.a(_arm_cmpdf2.o)
                0x08000a1c                __gtdf2
                0x08000a1c                __gedf2
                0x08000a24                __ltdf2
                0x08000a24                __ledf2
                0x08000a2c                __nedf2
                0x08000a2c                __eqdf2
                0x08000a2c                __cmpdf2
                0x08000aa8                __aeabi_cdrcmple
                0x08000ab8                __aeabi_cdcmpeq
                0x08000ab8                __aeabi_cdcmple
                0x08000ac8                __aeabi_dcmpeq
                0x08000adc                __aeabi_dcmplt
                0x08000af0                __aeabi_dcmple
                0x08000b04                __aeabi_dcmpge
                0x08000b18                __aeabi_dcmpgt
 .text          0x08000b2c       0x2c C:/ST/STM32CubeIDE_2.2.0/STM32CubeIDE/plugins/com.st.stm32cube.ide.mcu.externaltools.gnu-tools-for-stm32.14.3.rel1.win32_1.0.100.202602081740/tools/bin/../lib/gcc/arm-none-eabi/14.3.1/thumb/v7e-m+fp/hard\libgcc.a(_arm_unorddf2.o)
                0x08000b2c                __unorddf2
                0x08000b2c                __aeabi_dcmpun
 .text          0x08000b58       0x40 C:/ST/STM32CubeIDE_2.2.0/STM32CubeIDE/plugins/com.st.stm32cube.ide.mcu.externaltools.gnu-tools-for-stm32.14.3.rel1.win32_1.0.100.202602081740/tools/bin/../lib/gcc/arm-none-eabi/14.3.1/thumb/v7e-m+fp/hard\libgcc.a(_arm_fixunsdfsi.o)
                0x08000b58                __aeabi_d2uiz
                0x08000b58                __fixunsdfsi
 .text          0x08000b98       0xa0 C:/ST/STM32CubeIDE_2.2.0/STM32CubeIDE/plugins/com.st.stm32cube.ide.mcu.externaltools.gnu-tools-for-stm32.14.3.rel1.win32_1.0.100.202602081740/tools/bin/../lib/gcc/arm-none-eabi/14.3.1/thumb/v7e-m+fp/hard\libgcc.a(_arm_truncdfsf2.o)
                0x08000b98                __truncdfsf2
                0x08000b98                __aeabi_d2f
 .text          0x08000c38      0x21c C:/ST/STM32CubeIDE_2.2.0/STM32CubeIDE/plugins/com.st.stm32cube.ide.mcu.externaltools.gnu-tools-for-stm32.14.3.rel1.win32_1.0.100.202602081740/tools/bin/../lib/gcc/arm-none-eabi/14.3.1/thumb/v7e-m+fp/hard\libgcc.a(_arm_addsubsf3.o)
                0x08000c38                __aeabi_frsub
                0x08000c40                __subsf3
                0x08000c40                __aeabi_fsub
                0x08000c44                __aeabi_fadd
                0x08000c44                __addsf3
                0x08000da4                __aeabi_ui2f
                0x08000da4                __floatunsisf
                0x08000dac                __aeabi_i2f
                0x08000dac                __floatsisf
                0x08000dc8                __aeabi_ul2f
                0x08000dc8                __floatundisf
                0x08000dd8                __aeabi_l2f
                0x08000dd8                __floatdisf
 .text          0x08000e54       0xa0 C:/ST/STM32CubeIDE_2.2.0/STM32CubeIDE/plugins/com.st.stm32cube.ide.mcu.externaltools.gnu-tools-for-stm32.14.3.rel1.win32_1.0.100.202602081740/tools/bin/../lib/gcc/arm-none-eabi/14.3.1/thumb/v7e-m+fp/hard\libgcc.a(_aeabi_ldivmod.o)
                0x08000e54                __aeabi_ldivmod
 .text          0x08000ef4       0x30 C:/ST/STM32CubeIDE_2.2.0/STM32CubeIDE/plugins/com.st.stm32cube.ide.mcu.externaltools.gnu-tools-for-stm32.14.3.rel1.win32_1.0.100.202602081740/tools/bin/../lib/gcc/arm-none-eabi/14.3.1/thumb/v7e-m+fp/hard\libgcc.a(_aeabi_uldivmod.o)
                0x08000ef4                __aeabi_uldivmod
 .text          0x08000f24      0x2f8 C:/ST/STM32CubeIDE_2.2.0/STM32CubeIDE/plugins/com.st.stm32cube.ide.mcu.externaltools.gnu-tools-for-stm32.14.3.rel1.win32_1.0.100.202602081740/tools/bin/../lib/gcc/arm-none-eabi/14.3.1/thumb/v7e-m+fp/hard\libgcc.a(_udivmoddi4.o)
                0x08000f24                __udivmoddi4
 .text          0x0800121c        0x4 C:/ST/STM32CubeIDE_2.2.0/STM32CubeIDE/plugins/com.st.stm32cube.ide.mcu.externaltools.gnu-tools-for-stm32.14.3.rel1.win32_1.0.100.202602081740/tools/bin/../lib/gcc/arm-none-eabi/14.3.1/thumb/v7e-m+fp/hard\libgcc.a(_dvmd_tls.o)
                0x0800121c                __aeabi_idiv0
                0x0800121c                __aeabi_ldiv0
 *(.text*)
 .text.AppEngine_Init
                0x08001220        0xe ./Core/Src/app_engine.o
                0x08001220                AppEngine_Init
 .text.AppEngine_RequestStart
                0x0800122e        0xe ./Core/Src/app_engine.o
                0x0800122e                AppEngine_RequestStart
 .text.AppEngine_IsBusy
                0x0800123c        0xe ./Core/Src/app_engine.o
                0x0800123c                AppEngine_IsBusy
 *fill*         0x0800124a        0x2 
 .text.AppEngine_ModeId
                0x0800124c       0x14 ./Core/Src/app_engine.o
                0x0800124c                AppEngine_ModeId
 .text.AppEngine_ProfileId
                0x08001260       0x14 ./Core/Src/app_engine.o
                0x08001260                AppEngine_ProfileId
 .text.AppEngine_SourceId
                0x08001274       0x14 ./Core/Src/app_engine.o
                0x08001274                AppEngine_SourceId
 .text.AppEngine_ProfileFingerprint
                0x08001288       0x88 ./Core/Src/app_engine.o
                0x08001288                AppEngine_ProfileFingerprint
 .text.vApplicationStackOverflowHook
                0x08001310       0x28 ./Core/Src/freertos.o
                0x08001310                vApplicationStackOverflowHook
 .text.vApplicationMallocFailedHook
                0x08001338       0x1c ./Core/Src/freertos.o
                0x08001338                vApplicationMallocFailedHook
 .text.MA600_Select
                0x08001354       0x18 ./Core/Src/ma600.o
 .text.MA600_Deselect
                0x0800136c       0x18 ./Core/Src/ma600.o
 .text.MA600_ReadRawDma
                0x08001384      0x14c ./Core/Src/ma600.o
 .text.HAL_SPI_TxRxCpltCallback
                0x080014d0       0x44 ./Core/Src/ma600.o
                0x080014d0                HAL_SPI_TxRxCpltCallback
 .text.HAL_SPI_ErrorCallback
                0x08001514       0x44 ./Core/Src/ma600.o
                0x08001514                HAL_SPI_ErrorCallback
 .text.MA600_Init
                0x08001558       0x10 ./Core/Src/ma600.o
                0x08001558                MA600_Init
 .text.MA600_AngleTransportName
                0x08001568       0x14 ./Core/Src/ma600.o
                0x08001568                MA600_AngleTransportName
 .text.MA600_RawToDegrees
                0x0800157c       0x40 ./Core/Src/ma600.o
                0x0800157c                MA600_RawToDegrees
 .text.MA600_ReadStatus
                0x080015bc       0x74 ./Core/Src/ma600.o
                0x080015bc                MA600_ReadStatus
 .text.MA600_ReadRawChecked
                0x08001630       0x6c ./Core/Src/ma600.o
                0x08001630                MA600_ReadRawChecked
 .text.MA600_ReadRegChecked
                0x0800169c       0x94 ./Core/Src/ma600.o
                0x0800169c                MA600_ReadRegChecked
 .text.MA600_ClearErrorFlags
                0x08001730       0x44 ./Core/Src/ma600.o
                0x08001730                MA600_ClearErrorFlags
 .text.MA600_PrecheckAndClearStatus
                0x08001774       0xd0 ./Core/Src/ma600.o
                0x08001774                MA600_PrecheckAndClearStatus
 .text.MA600_UnwrapContextInit
                0x08001844       0x48 ./Core/Src/ma600.o
                0x08001844                MA600_UnwrapContextInit
 .text.MA600_UnwrapUpdate
                0x0800188c      0x10e ./Core/Src/ma600.o
                0x0800188c                MA600_UnwrapUpdate
 *fill*         0x0800199a        0x2 
 .text.Crc32IsoHdlc
                0x0800199c       0x70 ./Core/Src/ma600.o
 .text.MA600_ReadConfiguration
                0x08001a0c      0x20c ./Core/Src/ma600.o
                0x08001a0c                MA600_ReadConfiguration
 .text.MA600_ValidateConfigurationSafetyGate
                0x08001c18       0x5e ./Core/Src/ma600.o
                0x08001c18                MA600_ValidateConfigurationSafetyGate
 .text.MA600_ValidateConfigurationLockedGate
                0x08001c76       0xa2 ./Core/Src/ma600.o
                0x08001c76                MA600_ValidateConfigurationLockedGate
 .text.MA600_ConfigGateResultName
                0x08001d18       0xbc ./Core/Src/ma600.o
                0x08001d18                MA600_ConfigGateResultName
 .text.MA600_ConfigurationGateSelfTest
                0x08001dd4      0x27c ./Core/Src/ma600.o
                0x08001dd4                MA600_ConfigurationGateSelfTest
 .text.MA600_DwtInit
                0x08002050       0x34 ./Core/Src/ma600.o
                0x08002050                MA600_DwtInit
 .text.MA600_DwtUsToCycles
                0x08002084       0x30 ./Core/Src/ma600.o
                0x08002084                MA600_DwtUsToCycles
 .text.MA600_AcquisitionInit
                0x080020b4       0x2a ./Core/Src/ma600_acquisition.o
                0x080020b4                MA600_AcquisitionInit
 .text.MA600_AcquireSample
                0x080020de      0x180 ./Core/Src/ma600_acquisition.o
                0x080020de                MA600_AcquireSample
 *fill*         0x0800225e        0x2 
 .text.MA600_UnwrappedRawToDegrees
                0x08002260       0x3c ./Core/Src/ma600_acquisition.o
                0x08002260                MA600_UnwrappedRawToDegrees
 .text.SafeAddI64
                0x0800229c       0x86 ./Core/Src/ma600_acquisition.o
 .text.SafeSubI64
                0x08002322       0x7e ./Core/Src/ma600_acquisition.o
 .text.ScaleByQ16
                0x080023a0       0x52 ./Core/Src/ma600_acquisition.o
 .text.MA600_DivRoundNearestAwayFromZero
                0x080023f2      0x12c ./Core/Src/ma600_acquisition.o
                0x080023f2                MA600_DivRoundNearestAwayFromZero
 .text.MA600_ComputeCanonicalPointMeanQ16
                0x0800251e       0xee ./Core/Src/ma600_acquisition.o
                0x0800251e                MA600_ComputeCanonicalPointMeanQ16
 .text.MA600_ComputeCanonicalErrorAtTargetQ16
                0x0800260c       0x92 ./Core/Src/ma600_acquisition.o
                0x0800260c                MA600_ComputeCanonicalErrorAtTargetQ16
 .text.MA600_ComputeCanonicalErrorQ16
                0x0800269e       0xbe ./Core/Src/ma600_acquisition.o
                0x0800269e                MA600_ComputeCanonicalErrorQ16
 .text.AbsDeltaI64
                0x0800275c       0x60 ./Core/Src/ma600_acquisition.o
 .text.InsertionSortI64
                0x080027bc       0x9a ./Core/Src/ma600_acquisition.o
 .text.MedianOfSortedI64
                0x08002856       0xa4 ./Core/Src/ma600_acquisition.o
 *fill*         0x080028fa        0x2 
 .text.ScaleThreshold519Over100
                0x080028fc       0x98 ./Core/Src/ma600_acquisition.o
 .text.ComputeMadFilteredPointMean
                0x08002994      0x1ec ./Core/Src/ma600_acquisition.o
 .text.CycleReached
                0x08002b80       0x22 ./Core/Src/ma600_acquisition.o
 *fill*         0x08002ba2        0x2 
 .text.DefaultPointNow
                0x08002ba4       0x1c ./Core/Src/ma600_acquisition.o
 .text.DefaultPointWaitUntil
                0x08002bc0       0x34 ./Core/Src/ma600_acquisition.o
 .text.DefaultPointRead
                0x08002bf4       0x1e ./Core/Src/ma600_acquisition.o
 .text.FinishPointFailure
                0x08002c12       0x26 ./Core/Src/ma600_acquisition.o
 .text.MA600_ReadAveragedPointWithIo
                0x08002c38      0x584 ./Core/Src/ma600_acquisition.o
                0x08002c38                MA600_ReadAveragedPointWithIo
 .text.MA600_ReadAveragedPoint
                0x080031bc       0x50 ./Core/Src/ma600_acquisition.o
                0x080031bc                MA600_ReadAveragedPoint
 .text.PointSelfTestRead
                0x0800320c       0x90 ./Core/Src/ma600_acquisition.o
 .text.PointSelfTestNow
                0x0800329c       0x18 ./Core/Src/ma600_acquisition.o
 .text.PointSelfTestWaitUntil
                0x080032b4       0x58 ./Core/Src/ma600_acquisition.o
 .text.PointSelfTestConfig
                0x0800330c       0x4c ./Core/Src/ma600_acquisition.o
 .text.PointSelfTestInitIo
                0x08003358       0x50 ./Core/Src/ma600_acquisition.o
 .text.MA600_PointSamplerSelfTest
                0x080033a8     0x1210 ./Core/Src/ma600_acquisition.o
                0x080033a8                MA600_PointSamplerSelfTest
 .text.main     0x080045b8       0xb8 ./Core/Src/main.o
                0x080045b8                main
 .text.SystemClock_Config
                0x08004670       0xd4 ./Core/Src/main.o
                0x08004670                SystemClock_Config
 .text.MX_ADC1_Init
                0x08004744       0xc0 ./Core/Src/main.o
 .text.MX_I2C1_Init
                0x08004804       0x5c ./Core/Src/main.o
 .text.MX_I2C2_Init
                0x08004860       0x5c ./Core/Src/main.o
 .text.MX_SPI1_Init
                0x080048bc       0x6c ./Core/Src/main.o
 .text.MX_TIM1_Init
                0x08004928      0x170 ./Core/Src/main.o
 .text.MX_TIM2_Init
                0x08004a98       0xfc ./Core/Src/main.o
 .text.MX_TIM8_Init
                0x08004b94      0x108 ./Core/Src/main.o
 .text.MX_USART2_UART_Init
                0x08004c9c       0x54 ./Core/Src/main.o
 .text.MX_USART3_UART_Init
                0x08004cf0       0x54 ./Core/Src/main.o
 .text.MX_DMA_Init
                0x08004d44       0xcc ./Core/Src/main.o
 .text.MX_GPIO_Init
                0x08004e10      0x130 ./Core/Src/main.o
 .text.StartDefaultTask
                0x08004f40      0x758 ./Core/Src/main.o
                0x08004f40                StartDefaultTask
 .text.HAL_TIM_PeriodElapsedCallback
                0x08005698       0x24 ./Core/Src/main.o
                0x08005698                HAL_TIM_PeriodElapsedCallback
 .text.Error_Handler
                0x080056bc       0x34 ./Core/Src/main.o
                0x080056bc                Error_Handler
 .text.Motor_Init
                0x080056f0       0x28 ./Core/Src/motor.o
                0x080056f0                Motor_Init
 .text.Motor_RunControllerSelfTest
                0x08005718       0xec ./Core/Src/motor.o
                0x08005718                Motor_RunControllerSelfTest
 .text.Motor_Enable
                0x08005804        0xc ./Core/Src/motor.o
                0x08005804                Motor_Enable
 .text.Motor_Disable
                0x08005810        0xc ./Core/Src/motor.o
                0x08005810                Motor_Disable
 .text.Motor_SetElectricalPos
                0x0800581c       0x22 ./Core/Src/motor.o
                0x0800581c                Motor_SetElectricalPos
 *fill*         0x0800583e        0x2 
 .text.Motor_ResetPositionController
                0x08005840       0x1c ./Core/Src/motor.o
                0x08005840                Motor_ResetPositionController
 .text.Motor_ResetControlSession
                0x0800585c       0x10 ./Core/Src/motor.o
                0x0800585c                Motor_ResetControlSession
 .text.Motor_GetControllerState
                0x0800586c       0x78 ./Core/Src/motor.o
                0x0800586c                Motor_GetControllerState
 .text.Motor_MoveToAngle
                0x080058e4       0xe8 ./Core/Src/motor.o
                0x080058e4                Motor_MoveToAngle
 .text.Motor_ElectricalOffset
                0x080059cc       0x30 ./Core/Src/motor.o
                0x080059cc                Motor_ElectricalOffset
 .text.Motor_GetPolePairs
                0x080059fc       0x10 ./Core/Src/motor.o
                0x080059fc                Motor_GetPolePairs
 .text.Motor_GetPoleCount
                0x08005a0c       0x10 ./Core/Src/motor.o
                0x08005a0c                Motor_GetPoleCount
 .text.Motor_GetCommandedPos
                0x08005a1c       0x20 ./Core/Src/motor.o
                0x08005a1c                Motor_GetCommandedPos
 .text.Motor_GetHomeControllerProfileId
                0x08005a3c       0x14 ./Core/Src/motor.o
                0x08005a3c                Motor_GetHomeControllerProfileId
 .text.MotorPwm_PhaseValue
                0x08005a50       0xac ./Core/Src/motor_pwm.o
 .text.MotorPwm_Init
                0x08005afc       0x50 ./Core/Src/motor_pwm.o
                0x08005afc                MotorPwm_Init
 .text.MotorPwm_Enable
                0x08005b4c       0x24 ./Core/Src/motor_pwm.o
                0x08005b4c                MotorPwm_Enable
 .text.MotorPwm_Disable
                0x08005b70       0x24 ./Core/Src/motor_pwm.o
                0x08005b70                MotorPwm_Disable
 .text.MotorPwm_SetElectricalPos
                0x08005b94       0xb8 ./Core/Src/motor_pwm.o
                0x08005b94                MotorPwm_SetElectricalPos
 .text.MotorPwm_ResetCommand
                0x08005c4c       0x18 ./Core/Src/motor_pwm.o
                0x08005c4c                MotorPwm_ResetCommand
 .text.MotorPwm_GetCommandState
                0x08005c64       0x28 ./Core/Src/motor_pwm.o
                0x08005c64                MotorPwm_GetCommandState
 .text.SetEngineState
                0x08005c8c       0x20 ./Core/Src/nonlinear_test.o
 .text.NlTargetRawMagnitudeForPoint
                0x08005cac       0x4e ./Core/Src/nonlinear_test.o
 .text.NlTargetRawForPoint
                0x08005cfa       0x28 ./Core/Src/nonlinear_test.o
 *fill*         0x08005d22        0x2 
 .text.NlGridAngleDeg
                0x08005d24       0x38 ./Core/Src/nonlinear_test.o
 .text.NlSmoothstepCommandRaw
                0x08005d5c       0xc2 ./Core/Src/nonlinear_test.o
 .text.NlOneDegreeGridSelfTest
                0x08005e1e       0x98 ./Core/Src/nonlinear_test.o
 *fill*         0x08005eb6        0x2 
 .text.FindKnownJigByUid
                0x08005eb8       0xa0 ./Core/Src/nonlinear_test.o
 .text.ResolveJigId
                0x08005f58       0x34 ./Core/Src/nonlinear_test.o
 .text.LogLine  0x08005f8c       0x6c ./Core/Src/nonlinear_test.o
 .text.LogLineLarge
                0x08005ff8       0x8c ./Core/Src/nonlinear_test.o
 .text.FormatDeg2
                0x08006084       0xd4 ./Core/Src/nonlinear_test.o
 .text.FormatDegN
                0x08006158       0xf4 ./Core/Src/nonlinear_test.o
 .text.FormatI64
                0x0800624c      0x100 ./Core/Src/nonlinear_test.o
 .text.ShadowRawQ16ToDegrees
                0x0800634c       0x54 ./Core/Src/nonlinear_test.o
 .text.SaturateU8
                0x080063a0       0x22 ./Core/Src/nonlinear_test.o
 .text.SaturateU16
                0x080063c2       0x26 ./Core/Src/nonlinear_test.o
 .text.IsMotorIdConfigured
                0x080063e8       0x10 ./Core/Src/nonlinear_test.o
 .text.MA600_ResultName
                0x080063f8       0xa4 ./Core/Src/nonlinear_test.o
 .text.ComputeHarmonicFull
                0x0800649c      0x1d4 ./Core/Src/nonlinear_test.o
 .text.FindHarmonic
                0x08006670       0x5a ./Core/Src/nonlinear_test.o
 *fill*         0x080066ca        0x2 
 .text.ComputeResidualRms
                0x080066cc      0x150 ./Core/Src/nonlinear_test.o
 .text.ComputeFittedMinMaxDenseByOrders
                0x0800681c      0x130 ./Core/Src/nonlinear_test.o
 .text.ComputeModelMetricsByOrders
                0x0800694c      0x1e0 ./Core/Src/nonlinear_test.o
 .text.SortAscending
                0x08006b2c       0x8a ./Core/Src/nonlinear_test.o
 *fill*         0x08006bb6        0x2 
 .text.ComputeSweepStats
                0x08006bb8      0x234 ./Core/Src/nonlinear_test.o
 .text.FinishMoveToZeroObservation
                0x08006dec       0x3c ./Core/Src/nonlinear_test.o
 .text.NlZeroResultName
                0x08006e28       0x5c ./Core/Src/nonlinear_test.o
 .text.MoveToZeroAndCheckDirection
                0x08006e84      0x194 ./Core/Src/nonlinear_test.o
 .text.LockStartPosition
                0x08007018      0x144 ./Core/Src/nonlinear_test.o
 .text.SnapshotAcquisitionCounters
                0x0800715c       0x64 ./Core/Src/nonlinear_test.o
 .text.AccumulateCounterDelta
                0x080071c0       0xa4 ./Core/Src/nonlinear_test.o
 .text.RampCommandToTarget
                0x08007264      0x228 ./Core/Src/nonlinear_test.o
 .text.AbsI64ToU64
                0x0800748c       0x30 ./Core/Src/nonlinear_test.o
 .text.SettleResultName
                0x080074bc       0x5c ./Core/Src/nonlinear_test.o
 .text.NlApproachResultName
                0x08007518       0x8c ./Core/Src/nonlinear_test.o
 .text.FormatI64PipeList
                0x080075a4       0xd8 ./Core/Src/nonlinear_test.o
 .text.WaitForPointSettle
                0x0800767c      0x24a ./Core/Src/nonlinear_test.o
 *fill*         0x080078c6        0x2 
 .text.WrapSignedDeg
                0x080078c8       0x74 ./Core/Src/nonlinear_test.o
 .text.RecordSettleObservation
                0x0800793c      0x196 ./Core/Src/nonlinear_test.o
 .text.RecordShadowPoint
                0x08007ad2      0x2b2 ./Core/Src/nonlinear_test.o
 .text.ClosureProbeStageName
                0x08007d84       0x30 ./Core/Src/nonlinear_test.o
 .text.WaitForClosureProbeTime
                0x08007db4       0x34 ./Core/Src/nonlinear_test.o
 .text.RecordClosureProbeStage
                0x08007de8      0x156 ./Core/Src/nonlinear_test.o
 *fill*         0x08007f3e        0x2 
 .text.CaptureClosureHoldProbe
                0x08007f40      0x174 ./Core/Src/nonlinear_test.o
 .text.ComputeShadowMetrics
                0x080080b4      0x31c ./Core/Src/nonlinear_test.o
 .text.HasTimeElapsed
                0x080083d0       0x28 ./Core/Src/nonlinear_test.o
 .text.ControllerStateIsReset
                0x080083f8       0xb4 ./Core/Src/nonlinear_test.o
 .text.RecordControllerObservation
                0x080084ac       0x8e ./Core/Src/nonlinear_test.o
 .text.FinalizeApproachEarlyExit
                0x0800853a      0x1bc ./Core/Src/nonlinear_test.o
 *fill*         0x080086f6        0x2 
 .text.CaptureSweep
                0x080086f8     0x2cd0 ./Core/Src/nonlinear_test.o
 .text.PrintShadowMadLog
                0x0800b3c8      0x154 ./Core/Src/nonlinear_test.o
 .text.PrintClosureProbeLog
                0x0800b51c      0x374 ./Core/Src/nonlinear_test.o
 .text.PrintSweepLog
                0x0800b890     0x2ec8 ./Core/Src/nonlinear_test.o
 .text.ReadLogAndGateConfiguration
                0x0800e758      0x2ec ./Core/Src/nonlinear_test.o
 .text.NonlinearTest_Run
                0x0800ea44      0x74c ./Core/Src/nonlinear_test.o
 .text.RunBatchSweep
                0x0800f190      0x1b4 ./Core/Src/nonlinear_test.o
 .text.NonlinearBatch_OnButtonPress
                0x0800f344       0xf4 ./Core/Src/nonlinear_test.o
 .text.NonlinearBatch_Poll
                0x0800f438       0xd8 ./Core/Src/nonlinear_test.o
 .text.FinishEngineCommand
                0x0800f510       0x44 ./Core/Src/nonlinear_test.o
 .text.NonlinearEngine_Task
                0x0800f554       0x80 ./Core/Src/nonlinear_test.o
 .text.NonlinearEngine_Init
                0x0800f5d4       0x9c ./Core/Src/nonlinear_test.o
                0x0800f5d4                NonlinearEngine_Init
 .text.NonlinearEngine_RequestStart
                0x0800f670       0x58 ./Core/Src/nonlinear_test.o
                0x0800f670                NonlinearEngine_RequestStart
 .text.NonlinearEngine_IsBusy
                0x0800f6c8       0x18 ./Core/Src/nonlinear_test.o
                0x0800f6c8                NonlinearEngine_IsBusy
 .text.PositionController_Init
                0x0800f6e0       0x3a ./Core/Src/position_controller.o
                0x0800f6e0                PositionController_Init
 .text.PositionController_Reset
                0x0800f71a       0x44 ./Core/Src/position_controller.o
                0x0800f71a                PositionController_Reset
 .text.PositionController_Update
                0x0800f75e      0x208 ./Core/Src/position_controller.o
                0x0800f75e                PositionController_Update
 .text.PositionController_GetCommandedPosition
                0x0800f966       0x2a ./Core/Src/position_controller.o
                0x0800f966                PositionController_GetCommandedPosition
 .text.PositionController_RunSelfTest
                0x0800f990      0x35c ./Core/Src/position_controller.o
                0x0800f990                PositionController_RunSelfTest
 .text.HAL_MspInit
                0x0800fcec       0x58 ./Core/Src/stm32f4xx_hal_msp.o
                0x0800fcec                HAL_MspInit
 .text.HAL_ADC_MspInit
                0x0800fd44      0x100 ./Core/Src/stm32f4xx_hal_msp.o
                0x0800fd44                HAL_ADC_MspInit
 .text.HAL_I2C_MspInit
                0x0800fe44      0x180 ./Core/Src/stm32f4xx_hal_msp.o
                0x0800fe44                HAL_I2C_MspInit
 .text.HAL_SPI_MspInit
                0x0800ffc4      0x16c ./Core/Src/stm32f4xx_hal_msp.o
                0x0800ffc4                HAL_SPI_MspInit
 .text.HAL_TIM_Base_MspInit
                0x08010130       0xc8 ./Core/Src/stm32f4xx_hal_msp.o
                0x08010130                HAL_TIM_Base_MspInit
 .text.HAL_TIM_PWM_MspInit
                0x080101f8       0x50 ./Core/Src/stm32f4xx_hal_msp.o
                0x080101f8                HAL_TIM_PWM_MspInit
 .text.HAL_TIM_MspPostInit
                0x08010248       0xc4 ./Core/Src/stm32f4xx_hal_msp.o
                0x08010248                HAL_TIM_MspPostInit
 .text.HAL_UART_MspInit
                0x0801030c      0x2b4 ./Core/Src/stm32f4xx_hal_msp.o
                0x0801030c                HAL_UART_MspInit
 .text.HAL_InitTick
                0x080105c0       0xf8 ./Core/Src/stm32f4xx_hal_timebase_tim.o
                0x080105c0                HAL_InitTick
 .text.NMI_Handler
                0x080106b8        0x8 ./Core/Src/stm32f4xx_it.o
                0x080106b8                NMI_Handler
 .text.HardFault_Handler
                0x080106c0        0x8 ./Core/Src/stm32f4xx_it.o
                0x080106c0                HardFault_Handler
 .text.MemManage_Handler
                0x080106c8        0x8 ./Core/Src/stm32f4xx_it.o
                0x080106c8                MemManage_Handler
 .text.BusFault_Handler
                0x080106d0        0x8 ./Core/Src/stm32f4xx_it.o
                0x080106d0                BusFault_Handler
 .text.UsageFault_Handler
                0x080106d8        0x8 ./Core/Src/stm32f4xx_it.o
                0x080106d8                UsageFault_Handler
 .text.DebugMon_Handler
                0x080106e0        0xe ./Core/Src/stm32f4xx_it.o
                0x080106e0                DebugMon_Handler
 *fill*         0x080106ee        0x2 
 .text.DMA1_Stream1_IRQHandler
                0x080106f0       0x14 ./Core/Src/stm32f4xx_it.o
                0x080106f0                DMA1_Stream1_IRQHandler
 .text.DMA1_Stream3_IRQHandler
                0x08010704       0x14 ./Core/Src/stm32f4xx_it.o
                0x08010704                DMA1_Stream3_IRQHandler
 .text.DMA1_Stream5_IRQHandler
                0x08010718       0x14 ./Core/Src/stm32f4xx_it.o
                0x08010718                DMA1_Stream5_IRQHandler
 .text.DMA1_Stream6_IRQHandler
                0x0801072c       0x14 ./Core/Src/stm32f4xx_it.o
                0x0801072c                DMA1_Stream6_IRQHandler
 .text.ADC_IRQHandler
                0x08010740       0x14 ./Core/Src/stm32f4xx_it.o
                0x08010740                ADC_IRQHandler
 .text.TIM2_IRQHandler
                0x08010754       0x14 ./Core/Src/stm32f4xx_it.o
                0x08010754                TIM2_IRQHandler
 .text.I2C2_EV_IRQHandler
                0x08010768       0x14 ./Core/Src/stm32f4xx_it.o
                0x08010768                I2C2_EV_IRQHandler
 .text.I2C2_ER_IRQHandler
                0x0801077c       0x14 ./Core/Src/stm32f4xx_it.o
                0x0801077c                I2C2_ER_IRQHandler
 .text.USART2_IRQHandler
                0x08010790       0x14 ./Core/Src/stm32f4xx_it.o
                0x08010790                USART2_IRQHandler
 .text.USART3_IRQHandler
                0x080107a4       0x14 ./Core/Src/stm32f4xx_it.o
                0x080107a4                USART3_IRQHandler
 .text.TIM8_TRG_COM_TIM14_IRQHandler
                0x080107b8       0x1c ./Core/Src/stm32f4xx_it.o
                0x080107b8                TIM8_TRG_COM_TIM14_IRQHandler
 .text.DMA1_Stream7_IRQHandler
                0x080107d4       0x14 ./Core/Src/stm32f4xx_it.o
                0x080107d4                DMA1_Stream7_IRQHandler
 .text.DMA2_Stream0_IRQHandler
                0x080107e8       0x14 ./Core/Src/stm32f4xx_it.o
                0x080107e8                DMA2_Stream0_IRQHandler
 .text.DMA2_Stream2_IRQHandler
                0x080107fc       0x14 ./Core/Src/stm32f4xx_it.o
                0x080107fc                DMA2_Stream2_IRQHandler
 .text.DMA2_Stream3_IRQHandler
                0x08010810       0x14 ./Core/Src/stm32f4xx_it.o
                0x08010810                DMA2_Stream3_IRQHandler
 .text.SPI1_IRQHandler
                0x08010824       0x14 ./Core/Src/stm32f4xx_it.o
                0x08010824                SPI1_IRQHandler
 .text._sbrk    0x08010838       0x6c ./Core/Src/sysmem.o
                0x08010838                _sbrk
 .text.SystemInit
                0x080108a4       0x24 ./Core/Src/system_stm32f4xx.o
                0x080108a4                SystemInit
 .text.Reset_Handler
                0x080108c8       0x50 ./Core/Startup/startup_stm32f405rgtx.o
                0x080108c8                Reset_Handler
 .text.Default_Handler
                0x08010918        0x2 ./Core/Startup/startup_stm32f405rgtx.o
                0x08010918                RTC_Alarm_IRQHandler
                0x08010918                HASH_RNG_IRQHandler
                0x08010918                EXTI2_IRQHandler
                0x08010918                TIM8_CC_IRQHandler
                0x08010918                TIM1_CC_IRQHandler
                0x08010918                DMA2_Stream5_IRQHandler
                0x08010918                PVD_IRQHandler
                0x08010918                SDIO_IRQHandler
                0x08010918                TAMP_STAMP_IRQHandler
                0x08010918                CAN2_RX1_IRQHandler
                0x08010918                EXTI3_IRQHandler
                0x08010918                TIM1_UP_TIM10_IRQHandler
                0x08010918                TIM8_UP_TIM13_IRQHandler
                0x08010918                I2C3_ER_IRQHandler
                0x08010918                EXTI0_IRQHandler
                0x08010918                DMA1_Stream2_IRQHandler
                0x08010918                CAN1_RX0_IRQHandler
                0x08010918                FPU_IRQHandler
                0x08010918                OTG_HS_WKUP_IRQHandler
                0x08010918                CAN2_SCE_IRQHandler
                0x08010918                TIM6_DAC_IRQHandler
                0x08010918                TIM1_BRK_TIM9_IRQHandler
                0x08010918                CAN2_RX0_IRQHandler
                0x08010918                USART6_IRQHandler
                0x08010918                CAN1_RX1_IRQHandler
                0x08010918                UART5_IRQHandler
                0x08010918                TIM4_IRQHandler
                0x08010918                I2C1_EV_IRQHandler
                0x08010918                UART4_IRQHandler
                0x08010918                TIM3_IRQHandler
                0x08010918                RCC_IRQHandler
                0x08010918                TIM8_BRK_TIM12_IRQHandler
                0x08010918                Default_Handler
                0x08010918                EXTI15_10_IRQHandler
                0x08010918                TIM7_IRQHandler
                0x08010918                CAN2_TX_IRQHandler
                0x08010918                TIM5_IRQHandler
                0x08010918                DMA2_Stream7_IRQHandler
                0x08010918                I2C3_EV_IRQHandler
                0x08010918                EXTI9_5_IRQHandler
                0x08010918                RTC_WKUP_IRQHandler
                0x08010918                SPI2_IRQHandler
                0x08010918                OTG_HS_EP1_IN_IRQHandler
                0x08010918                DMA1_Stream0_IRQHandler
                0x08010918                CAN1_TX_IRQHandler
                0x08010918                EXTI4_IRQHandler
                0x08010918                FSMC_IRQHandler
                0x08010918                OTG_HS_EP1_OUT_IRQHandler
                0x08010918                WWDG_IRQHandler
                0x08010918                OTG_FS_WKUP_IRQHandler
                0x08010918                TIM1_TRG_COM_TIM11_IRQHandler
                0x08010918                OTG_HS_IRQHandler
                0x08010918                EXTI1_IRQHandler
                0x08010918                DMA2_Stream1_IRQHandler
                0x08010918                CAN1_SCE_IRQHandler
                0x08010918                FLASH_IRQHandler
                0x08010918                DMA2_Stream4_IRQHandler
                0x08010918                USART1_IRQHandler
                0x08010918                OTG_FS_IRQHandler
                0x08010918                SPI3_IRQHandler
                0x08010918                DMA1_Stream4_IRQHandler
                0x08010918                I2C1_ER_IRQHandler
                0x08010918                DMA2_Stream6_IRQHandler
 *fill*         0x0801091a        0x2 
 .text.HAL_Init
                0x0801091c       0x44 ./Drivers/STM32F4xx_HAL_Driver/Src/stm32f4xx_hal.o
                0x0801091c                HAL_Init
 .text.HAL_IncTick
                0x08010960       0x28 ./Drivers/STM32F4xx_HAL_Driver/Src/stm32f4xx_hal.o
                0x08010960                HAL_IncTick
 .text.HAL_GetTick
                0x08010988       0x18 ./Drivers/STM32F4xx_HAL_Driver/Src/stm32f4xx_hal.o
                0x08010988                HAL_GetTick
 .text.HAL_ADC_Init
                0x080109a0       0x86 ./Drivers/STM32F4xx_HAL_Driver/Src/stm32f4xx_hal_adc.o
                0x080109a0                HAL_ADC_Init
 .text.HAL_ADC_IRQHandler
                0x08010a26      0x220 ./Drivers/STM32F4xx_HAL_Driver/Src/stm32f4xx_hal_adc.o
                0x08010a26                HAL_ADC_IRQHandler
 .text.HAL_ADC_ConvCpltCallback
                0x08010c46       0x14 ./Drivers/STM32F4xx_HAL_Driver/Src/stm32f4xx_hal_adc.o
                0x08010c46                HAL_ADC_ConvCpltCallback
 .text.HAL_ADC_LevelOutOfWindowCallback
                0x08010c5a       0x14 ./Drivers/STM32F4xx_HAL_Driver/Src/stm32f4xx_hal_adc.o
                0x08010c5a                HAL_ADC_LevelOutOfWindowCallback
 .text.HAL_ADC_ErrorCallback
                0x08010c6e       0x14 ./Drivers/STM32F4xx_HAL_Driver/Src/stm32f4xx_hal_adc.o
                0x08010c6e                HAL_ADC_ErrorCallback
 *fill*         0x08010c82        0x2 
 .text.HAL_ADC_ConfigChannel
                0x08010c84      0x244 ./Drivers/STM32F4xx_HAL_Driver/Src/stm32f4xx_hal_adc.o
                0x08010c84                HAL_ADC_ConfigChannel
 .text.ADC_Init
                0x08010ec8      0x1f8 ./Drivers/STM32F4xx_HAL_Driver/Src/stm32f4xx_hal_adc.o
 .text.HAL_ADCEx_InjectedConvCpltCallback
                0x080110c0       0x14 ./Drivers/STM32F4xx_HAL_Driver/Src/stm32f4xx_hal_adc_ex.o
                0x080110c0                HAL_ADCEx_InjectedConvCpltCallback
 .text.__NVIC_SetPriorityGrouping
                0x080110d4       0x48 ./Drivers/STM32F4xx_HAL_Driver/Src/stm32f4xx_hal_cortex.o
 .text.__NVIC_GetPriorityGrouping
                0x0801111c       0x1c ./Drivers/STM32F4xx_HAL_Driver/Src/stm32f4xx_hal_cortex.o
 .text.__NVIC_EnableIRQ
                0x08011138       0x3c ./Drivers/STM32F4xx_HAL_Driver/Src/stm32f4xx_hal_cortex.o
 .text.__NVIC_SetPriority
                0x08011174       0x54 ./Drivers/STM32F4xx_HAL_Driver/Src/stm32f4xx_hal_cortex.o
 .text.NVIC_EncodePriority
                0x080111c8       0x66 ./Drivers/STM32F4xx_HAL_Driver/Src/stm32f4xx_hal_cortex.o
 .text.HAL_NVIC_SetPriorityGrouping
                0x0801122e       0x16 ./Drivers/STM32F4xx_HAL_Driver/Src/stm32f4xx_hal_cortex.o
                0x0801122e                HAL_NVIC_SetPriorityGrouping
 .text.HAL_NVIC_SetPriority
                0x08011244       0x38 ./Drivers/STM32F4xx_HAL_Driver/Src/stm32f4xx_hal_cortex.o
                0x08011244                HAL_NVIC_SetPriority
 .text.HAL_NVIC_EnableIRQ
                0x0801127c       0x1c ./Drivers/STM32F4xx_HAL_Driver/Src/stm32f4xx_hal_cortex.o
                0x0801127c                HAL_NVIC_EnableIRQ
 .text.HAL_DMA_Init
                0x08011298      0x15c ./Drivers/STM32F4xx_HAL_Driver/Src/stm32f4xx_hal_dma.o
                0x08011298                HAL_DMA_Init
 .text.HAL_DMA_Start_IT
                0x080113f4       0xb0 ./Drivers/STM32F4xx_HAL_Driver/Src/stm32f4xx_hal_dma.o
                0x080113f4                HAL_DMA_Start_IT
 .text.HAL_DMA_Abort
                0x080114a4       0xe0 ./Drivers/STM32F4xx_HAL_Driver/Src/stm32f4xx_hal_dma.o
                0x080114a4                HAL_DMA_Abort
 .text.HAL_DMA_Abort_IT
                0x08011584       0x44 ./Drivers/STM32F4xx_HAL_Driver/Src/stm32f4xx_hal_dma.o
                0x08011584                HAL_DMA_Abort_IT
 .text.HAL_DMA_IRQHandler
                0x080115c8      0x314 ./Drivers/STM32F4xx_HAL_Driver/Src/stm32f4xx_hal_dma.o
                0x080115c8                HAL_DMA_IRQHandler
 .text.HAL_DMA_GetState
                0x080118dc       0x1c ./Drivers/STM32F4xx_HAL_Driver/Src/stm32f4xx_hal_dma.o
                0x080118dc                HAL_DMA_GetState
 .text.DMA_SetConfig
                0x080118f8       0x5c ./Drivers/STM32F4xx_HAL_Driver/Src/stm32f4xx_hal_dma.o
 .text.DMA_CalcBaseAndBitshift
                0x08011954       0x6c ./Drivers/STM32F4xx_HAL_Driver/Src/stm32f4xx_hal_dma.o
 .text.DMA_CheckFifoParam
                0x080119c0       0xf8 ./Drivers/STM32F4xx_HAL_Driver/Src/stm32f4xx_hal_dma.o
 .text.HAL_GPIO_Init
                0x08011ab8      0x338 ./Drivers/STM32F4xx_HAL_Driver/Src/stm32f4xx_hal_gpio.o
                0x08011ab8                HAL_GPIO_Init
 .text.HAL_GPIO_ReadPin
                0x08011df0       0x30 ./Drivers/STM32F4xx_HAL_Driver/Src/stm32f4xx_hal_gpio.o
                0x08011df0                HAL_GPIO_ReadPin
 .text.HAL_GPIO_WritePin
                0x08011e20       0x32 ./Drivers/STM32F4xx_HAL_Driver/Src/stm32f4xx_hal_gpio.o
                0x08011e20                HAL_GPIO_WritePin
 .text.HAL_GPIO_TogglePin
                0x08011e52       0x34 ./Drivers/STM32F4xx_HAL_Driver/Src/stm32f4xx_hal_gpio.o
                0x08011e52                HAL_GPIO_TogglePin
 *fill*         0x08011e86        0x2 
 .text.HAL_I2C_Init
                0x08011e88      0x288 ./Drivers/STM32F4xx_HAL_Driver/Src/stm32f4xx_hal_i2c.o
                0x08011e88                HAL_I2C_Init
 .text.HAL_I2C_EV_IRQHandler
                0x08012110      0x2e2 ./Drivers/STM32F4xx_HAL_Driver/Src/stm32f4xx_hal_i2c.o
                0x08012110                HAL_I2C_EV_IRQHandler
 .text.HAL_I2C_ER_IRQHandler
                0x080123f2      0x14e ./Drivers/STM32F4xx_HAL_Driver/Src/stm32f4xx_hal_i2c.o
                0x080123f2                HAL_I2C_ER_IRQHandler
 .text.HAL_I2C_MasterTxCpltCallback
                0x08012540       0x14 ./Drivers/STM32F4xx_HAL_Driver/Src/stm32f4xx_hal_i2c.o
                0x08012540                HAL_I2C_MasterTxCpltCallback
 .text.HAL_I2C_MasterRxCpltCallback
                0x08012554       0x14 ./Drivers/STM32F4xx_HAL_Driver/Src/stm32f4xx_hal_i2c.o
                0x08012554                HAL_I2C_MasterRxCpltCallback
 .text.HAL_I2C_SlaveTxCpltCallback
                0x08012568       0x14 ./Drivers/STM32F4xx_HAL_Driver/Src/stm32f4xx_hal_i2c.o
                0x08012568                HAL_I2C_SlaveTxCpltCallback
 .text.HAL_I2C_SlaveRxCpltCallback
                0x0801257c       0x14 ./Drivers/STM32F4xx_HAL_Driver/Src/stm32f4xx_hal_i2c.o
                0x0801257c                HAL_I2C_SlaveRxCpltCallback
 .text.HAL_I2C_AddrCallback
                0x08012590       0x1c ./Drivers/STM32F4xx_HAL_Driver/Src/stm32f4xx_hal_i2c.o
                0x08012590                HAL_I2C_AddrCallback
 .text.HAL_I2C_ListenCpltCallback
                0x080125ac       0x14 ./Drivers/STM32F4xx_HAL_Driver/Src/stm32f4xx_hal_i2c.o
                0x080125ac                HAL_I2C_ListenCpltCallback
 .text.HAL_I2C_MemTxCpltCallback
                0x080125c0       0x14 ./Drivers/STM32F4xx_HAL_Driver/Src/stm32f4xx_hal_i2c.o
                0x080125c0                HAL_I2C_MemTxCpltCallback
 .text.HAL_I2C_MemRxCpltCallback
                0x080125d4       0x14 ./Drivers/STM32F4xx_HAL_Driver/Src/stm32f4xx_hal_i2c.o
                0x080125d4                HAL_I2C_MemRxCpltCallback
 .text.HAL_I2C_ErrorCallback
                0x080125e8       0x14 ./Drivers/STM32F4xx_HAL_Driver/Src/stm32f4xx_hal_i2c.o
                0x080125e8                HAL_I2C_ErrorCallback
 .text.HAL_I2C_AbortCpltCallback
                0x080125fc       0x14 ./Drivers/STM32F4xx_HAL_Driver/Src/stm32f4xx_hal_i2c.o
                0x080125fc                HAL_I2C_AbortCpltCallback
 .text.I2C_MasterTransmit_TXE
                0x08012610      0x138 ./Drivers/STM32F4xx_HAL_Driver/Src/stm32f4xx_hal_i2c.o
 .text.I2C_MasterTransmit_BTF
                0x08012748       0xec ./Drivers/STM32F4xx_HAL_Driver/Src/stm32f4xx_hal_i2c.o
 .text.I2C_MemoryTransmit_TXE_BTF
                0x08012834      0x128 ./Drivers/STM32F4xx_HAL_Driver/Src/stm32f4xx_hal_i2c.o
 .text.I2C_MasterReceive_RXNE
                0x0801295c      0x176 ./Drivers/STM32F4xx_HAL_Driver/Src/stm32f4xx_hal_i2c.o
 .text.I2C_MasterReceive_BTF
                0x08012ad2      0x1d4 ./Drivers/STM32F4xx_HAL_Driver/Src/stm32f4xx_hal_i2c.o
 .text.I2C_Master_SB
                0x08012ca6      0x10c ./Drivers/STM32F4xx_HAL_Driver/Src/stm32f4xx_hal_i2c.o
 .text.I2C_Master_ADD10
                0x08012db2       0x54 ./Drivers/STM32F4xx_HAL_Driver/Src/stm32f4xx_hal_i2c.o
 .text.I2C_Master_ADDR
                0x08012e06      0x322 ./Drivers/STM32F4xx_HAL_Driver/Src/stm32f4xx_hal_i2c.o
 .text.I2C_SlaveTransmit_TXE
                0x08013128       0x7a ./Drivers/STM32F4xx_HAL_Driver/Src/stm32f4xx_hal_i2c.o
 .text.I2C_SlaveTransmit_BTF
                0x080131a2       0x42 ./Drivers/STM32F4xx_HAL_Driver/Src/stm32f4xx_hal_i2c.o
 .text.I2C_SlaveReceive_RXNE
                0x080131e4       0x7c ./Drivers/STM32F4xx_HAL_Driver/Src/stm32f4xx_hal_i2c.o
 .text.I2C_SlaveReceive_BTF
                0x08013260       0x44 ./Drivers/STM32F4xx_HAL_Driver/Src/stm32f4xx_hal_i2c.o
 .text.I2C_Slave_ADDR
                0x080132a4       0x94 ./Drivers/STM32F4xx_HAL_Driver/Src/stm32f4xx_hal_i2c.o
 .text.I2C_Slave_STOPF
                0x08013338      0x260 ./Drivers/STM32F4xx_HAL_Driver/Src/stm32f4xx_hal_i2c.o
 .text.I2C_Slave_AF
                0x08013598       0xe0 ./Drivers/STM32F4xx_HAL_Driver/Src/stm32f4xx_hal_i2c.o
 .text.I2C_ITError
                0x08013678      0x264 ./Drivers/STM32F4xx_HAL_Driver/Src/stm32f4xx_hal_i2c.o
 .text.I2C_DMAAbort
                0x080138dc      0x150 ./Drivers/STM32F4xx_HAL_Driver/Src/stm32f4xx_hal_i2c.o
 .text.I2C_WaitOnSTOPRequestThroughIT
                0x08013a2c       0x64 ./Drivers/STM32F4xx_HAL_Driver/Src/stm32f4xx_hal_i2c.o
 .text.I2C_ConvertOtherXferOptions
                0x08013a90       0x36 ./Drivers/STM32F4xx_HAL_Driver/Src/stm32f4xx_hal_i2c.o
 *fill*         0x08013ac6        0x2 
 .text.HAL_RCC_OscConfig
                0x08013ac8      0x4f0 ./Drivers/STM32F4xx_HAL_Driver/Src/stm32f4xx_hal_rcc.o
                0x08013ac8                HAL_RCC_OscConfig
 .text.HAL_RCC_ClockConfig
                0x08013fb8      0x1cc ./Drivers/STM32F4xx_HAL_Driver/Src/stm32f4xx_hal_rcc.o
                0x08013fb8                HAL_RCC_ClockConfig
 .text.HAL_RCC_GetSysClockFreq
                0x08014184      0x20c ./Drivers/STM32F4xx_HAL_Driver/Src/stm32f4xx_hal_rcc.o
                0x08014184                HAL_RCC_GetSysClockFreq
 .text.HAL_RCC_GetHCLKFreq
                0x08014390       0x18 ./Drivers/STM32F4xx_HAL_Driver/Src/stm32f4xx_hal_rcc.o
                0x08014390                HAL_RCC_GetHCLKFreq
 .text.HAL_RCC_GetPCLK1Freq
                0x080143a8       0x28 ./Drivers/STM32F4xx_HAL_Driver/Src/stm32f4xx_hal_rcc.o
                0x080143a8                HAL_RCC_GetPCLK1Freq
 .text.HAL_RCC_GetPCLK2Freq
                0x080143d0       0x28 ./Drivers/STM32F4xx_HAL_Driver/Src/stm32f4xx_hal_rcc.o
                0x080143d0                HAL_RCC_GetPCLK2Freq
 .text.HAL_RCC_GetClockConfig
                0x080143f8       0x64 ./Drivers/STM32F4xx_HAL_Driver/Src/stm32f4xx_hal_rcc.o
                0x080143f8                HAL_RCC_GetClockConfig
 .text.HAL_SPI_Init
                0x0801445c      0x112 ./Drivers/STM32F4xx_HAL_Driver/Src/stm32f4xx_hal_spi.o
                0x0801445c                HAL_SPI_Init
 .text.HAL_SPI_Transmit
                0x0801456e      0x278 ./Drivers/STM32F4xx_HAL_Driver/Src/stm32f4xx_hal_spi.o
                0x0801456e                HAL_SPI_Transmit
 .text.HAL_SPI_Receive
                0x080147e6      0x222 ./Drivers/STM32F4xx_HAL_Driver/Src/stm32f4xx_hal_spi.o
                0x080147e6                HAL_SPI_Receive
 .text.HAL_SPI_TransmitReceive
                0x08014a08      0x344 ./Drivers/STM32F4xx_HAL_Driver/Src/stm32f4xx_hal_spi.o
                0x08014a08                HAL_SPI_TransmitReceive
 .text.HAL_SPI_TransmitReceive_DMA
                0x08014d4c      0x204 ./Drivers/STM32F4xx_HAL_Driver/Src/stm32f4xx_hal_spi.o
                0x08014d4c                HAL_SPI_TransmitReceive_DMA
 .text.HAL_SPI_Abort
                0x08014f50      0x1d8 ./Drivers/STM32F4xx_HAL_Driver/Src/stm32f4xx_hal_spi.o
                0x08014f50                HAL_SPI_Abort
 .text.HAL_SPI_IRQHandler
                0x08015128      0x200 ./Drivers/STM32F4xx_HAL_Driver/Src/stm32f4xx_hal_spi.o
                0x08015128                HAL_SPI_IRQHandler
 .text.HAL_SPI_RxCpltCallback
                0x08015328       0x14 ./Drivers/STM32F4xx_HAL_Driver/Src/stm32f4xx_hal_spi.o
                0x08015328                HAL_SPI_RxCpltCallback
 .text.HAL_SPI_RxHalfCpltCallback
                0x0801533c       0x14 ./Drivers/STM32F4xx_HAL_Driver/Src/stm32f4xx_hal_spi.o
                0x0801533c                HAL_SPI_RxHalfCpltCallback
 .text.HAL_SPI_TxRxHalfCpltCallback
                0x08015350       0x14 ./Drivers/STM32F4xx_HAL_Driver/Src/stm32f4xx_hal_spi.o
                0x08015350                HAL_SPI_TxRxHalfCpltCallback
 .text.SPI_DMAReceiveCplt
                0x08015364       0xa8 ./Drivers/STM32F4xx_HAL_Driver/Src/stm32f4xx_hal_spi.o
 .text.SPI_DMATransmitReceiveCplt
                0x0801540c       0x90 ./Drivers/STM32F4xx_HAL_Driver/Src/stm32f4xx_hal_spi.o
 .text.SPI_DMAHalfReceiveCplt
                0x0801549c       0x1c ./Drivers/STM32F4xx_HAL_Driver/Src/stm32f4xx_hal_spi.o
 .text.SPI_DMAHalfTransmitReceiveCplt
                0x080154b8       0x1c ./Drivers/STM32F4xx_HAL_Driver/Src/stm32f4xx_hal_spi.o
 .text.SPI_DMAError
                0x080154d4       0x40 ./Drivers/STM32F4xx_HAL_Driver/Src/stm32f4xx_hal_spi.o
 .text.SPI_DMAAbortOnError
                0x08015514       0x28 ./Drivers/STM32F4xx_HAL_Driver/Src/stm32f4xx_hal_spi.o
 .text.SPI_WaitFlagStateUntilTimeout
                0x0801553c      0x110 ./Drivers/STM32F4xx_HAL_Driver/Src/stm32f4xx_hal_spi.o
 .text.SPI_EndRxTransaction
                0x0801564c       0xca ./Drivers/STM32F4xx_HAL_Driver/Src/stm32f4xx_hal_spi.o
 *fill*         0x08015716        0x2 
 .text.SPI_EndRxTxTransaction
                0x08015718       0x84 ./Drivers/STM32F4xx_HAL_Driver/Src/stm32f4xx_hal_spi.o
 .text.SPI_AbortRx_ISR
                0x0801579c       0x90 ./Drivers/STM32F4xx_HAL_Driver/Src/stm32f4xx_hal_spi.o
 .text.SPI_AbortTx_ISR
                0x0801582c       0x3c ./Drivers/STM32F4xx_HAL_Driver/Src/stm32f4xx_hal_spi.o
 .text.HAL_TIM_Base_Init
                0x08015868       0x9e ./Drivers/STM32F4xx_HAL_Driver/Src/stm32f4xx_hal_tim.o
                0x08015868                HAL_TIM_Base_Init
 *fill*         0x08015906        0x2 
 .text.HAL_TIM_Base_Start_IT
                0x08015908       0xe0 ./Drivers/STM32F4xx_HAL_Driver/Src/stm32f4xx_hal_tim.o
                0x08015908                HAL_TIM_Base_Start_IT
 .text.HAL_TIM_PWM_Init
                0x080159e8       0x9e ./Drivers/STM32F4xx_HAL_Driver/Src/stm32f4xx_hal_tim.o
                0x080159e8                HAL_TIM_PWM_Init
 *fill*         0x08015a86        0x2 
 .text.HAL_TIM_PWM_Start
                0x08015a88      0x190 ./Drivers/STM32F4xx_HAL_Driver/Src/stm32f4xx_hal_tim.o
                0x08015a88                HAL_TIM_PWM_Start
 .text.HAL_TIM_IC_Init
                0x08015c18       0x9e ./Drivers/STM32F4xx_HAL_Driver/Src/stm32f4xx_hal_tim.o
                0x08015c18                HAL_TIM_IC_Init
 .text.HAL_TIM_IC_MspInit
                0x08015cb6       0x14 ./Drivers/STM32F4xx_HAL_Driver/Src/stm32f4xx_hal_tim.o
                0x08015cb6                HAL_TIM_IC_MspInit
 .text.HAL_TIM_IRQHandler
                0x08015cca      0x210 ./Drivers/STM32F4xx_HAL_Driver/Src/stm32f4xx_hal_tim.o
                0x08015cca                HAL_TIM_IRQHandler
 .text.HAL_TIM_IC_ConfigChannel
                0x08015eda      0x138 ./Drivers/STM32F4xx_HAL_Driver/Src/stm32f4xx_hal_tim.o
                0x08015eda                HAL_TIM_IC_ConfigChannel
 *fill*         0x08016012        0x2 
 .text.HAL_TIM_PWM_ConfigChannel
                0x08016014      0x184 ./Drivers/STM32F4xx_HAL_Driver/Src/stm32f4xx_hal_tim.o
                0x08016014                HAL_TIM_PWM_ConfigChannel
 .text.HAL_TIM_ConfigClockSource
                0x08016198      0x18e ./Drivers/STM32F4xx_HAL_Driver/Src/stm32f4xx_hal_tim.o
                0x08016198                HAL_TIM_ConfigClockSource
 .text.HAL_TIM_OC_DelayElapsedCallback
                0x08016326       0x14 ./Drivers/STM32F4xx_HAL_Driver/Src/stm32f4xx_hal_tim.o
                0x08016326                HAL_TIM_OC_DelayElapsedCallback
 .text.HAL_TIM_IC_CaptureCallback
                0x0801633a       0x14 ./Drivers/STM32F4xx_HAL_Driver/Src/stm32f4xx_hal_tim.o
                0x0801633a                HAL_TIM_IC_CaptureCallback
 .text.HAL_TIM_PWM_PulseFinishedCallback
                0x0801634e       0x14 ./Drivers/STM32F4xx_HAL_Driver/Src/stm32f4xx_hal_tim.o
                0x0801634e                HAL_TIM_PWM_PulseFinishedCallback
 .text.HAL_TIM_TriggerCallback
                0x08016362       0x14 ./Drivers/STM32F4xx_HAL_Driver/Src/stm32f4xx_hal_tim.o
                0x08016362                HAL_TIM_TriggerCallback
 *fill*         0x08016376        0x2 
 .text.TIM_Base_SetConfig
                0x08016378      0x140 ./Drivers/STM32F4xx_HAL_Driver/Src/stm32f4xx_hal_tim.o
                0x08016378                TIM_Base_SetConfig
 .text.TIM_OC1_SetConfig
                0x080164b8       0xe0 ./Drivers/STM32F4xx_HAL_Driver/Src/stm32f4xx_hal_tim.o
 .text.TIM_OC2_SetConfig
                0x08016598       0xec ./Drivers/STM32F4xx_HAL_Driver/Src/stm32f4xx_hal_tim.o
                0x08016598                TIM_OC2_SetConfig
 .text.TIM_OC3_SetConfig
                0x08016684       0xe8 ./Drivers/STM32F4xx_HAL_Driver/Src/stm32f4xx_hal_tim.o
 .text.TIM_OC4_SetConfig
                0x0801676c       0xac ./Drivers/STM32F4xx_HAL_Driver/Src/stm32f4xx_hal_tim.o
 .text.TIM_TI1_SetConfig
                0x08016818       0xe8 ./Drivers/STM32F4xx_HAL_Driver/Src/stm32f4xx_hal_tim.o
                0x08016818                TIM_TI1_SetConfig
 .text.TIM_TI1_ConfigInputStage
                0x08016900       0x5e ./Drivers/STM32F4xx_HAL_Driver/Src/stm32f4xx_hal_tim.o
 .text.TIM_TI2_SetConfig
                0x0801695e       0x7a ./Drivers/STM32F4xx_HAL_Driver/Src/stm32f4xx_hal_tim.o
 .text.TIM_TI2_ConfigInputStage
                0x080169d8       0x60 ./Drivers/STM32F4xx_HAL_Driver/Src/stm32f4xx_hal_tim.o
 .text.TIM_TI3_SetConfig
                0x08016a38       0x78 ./Drivers/STM32F4xx_HAL_Driver/Src/stm32f4xx_hal_tim.o
 .text.TIM_TI4_SetConfig
                0x08016ab0       0x7a ./Drivers/STM32F4xx_HAL_Driver/Src/stm32f4xx_hal_tim.o
 .text.TIM_ITRx_SetConfig
                0x08016b2a       0x36 ./Drivers/STM32F4xx_HAL_Driver/Src/stm32f4xx_hal_tim.o
 .text.TIM_ETR_SetConfig
                0x08016b60       0x40 ./Drivers/STM32F4xx_HAL_Driver/Src/stm32f4xx_hal_tim.o
                0x08016b60                TIM_ETR_SetConfig
 .text.TIM_CCxChannelCmd
                0x08016ba0       0x4a ./Drivers/STM32F4xx_HAL_Driver/Src/stm32f4xx_hal_tim.o
                0x08016ba0                TIM_CCxChannelCmd
 *fill*         0x08016bea        0x2 
 .text.HAL_TIMEx_MasterConfigSynchronization
                0x08016bec       0xf8 ./Drivers/STM32F4xx_HAL_Driver/Src/stm32f4xx_hal_tim_ex.o
                0x08016bec                HAL_TIMEx_MasterConfigSynchronization
 .text.HAL_TIMEx_ConfigBreakDeadTime
                0x08016ce4       0xa4 ./Drivers/STM32F4xx_HAL_Driver/Src/stm32f4xx_hal_tim_ex.o
                0x08016ce4                HAL_TIMEx_ConfigBreakDeadTime
 .text.HAL_TIMEx_CommutCallback
                0x08016d88       0x14 ./Drivers/STM32F4xx_HAL_Driver/Src/stm32f4xx_hal_tim_ex.o
                0x08016d88                HAL_TIMEx_CommutCallback
 .text.HAL_TIMEx_BreakCallback
                0x08016d9c       0x14 ./Drivers/STM32F4xx_HAL_Driver/Src/stm32f4xx_hal_tim_ex.o
                0x08016d9c                HAL_TIMEx_BreakCallback
 .text.HAL_UART_Init
                0x08016db0       0x9a ./Drivers/STM32F4xx_HAL_Driver/Src/stm32f4xx_hal_uart.o
                0x08016db0                HAL_UART_Init
 .text.HAL_UART_Transmit
                0x08016e4a      0x124 ./Drivers/STM32F4xx_HAL_Driver/Src/stm32f4xx_hal_uart.o
                0x08016e4a                HAL_UART_Transmit
 *fill*         0x08016f6e        0x2 
 .text.HAL_UART_IRQHandler
                0x08016f70      0x51c ./Drivers/STM32F4xx_HAL_Driver/Src/stm32f4xx_hal_uart.o
                0x08016f70                HAL_UART_IRQHandler
 .text.HAL_UART_TxCpltCallback
                0x0801748c       0x14 ./Drivers/STM32F4xx_HAL_Driver/Src/stm32f4xx_hal_uart.o
                0x0801748c                HAL_UART_TxCpltCallback
 .text.HAL_UART_RxCpltCallback
                0x080174a0       0x14 ./Drivers/STM32F4xx_HAL_Driver/Src/stm32f4xx_hal_uart.o
                0x080174a0                HAL_UART_RxCpltCallback
 .text.HAL_UART_ErrorCallback
                0x080174b4       0x14 ./Drivers/STM32F4xx_HAL_Driver/Src/stm32f4xx_hal_uart.o
                0x080174b4                HAL_UART_ErrorCallback
 .text.HAL_UARTEx_RxEventCallback
                0x080174c8       0x18 ./Drivers/STM32F4xx_HAL_Driver/Src/stm32f4xx_hal_uart.o
                0x080174c8                HAL_UARTEx_RxEventCallback
 .text.UART_WaitOnFlagUntilTimeout
                0x080174e0       0xdc ./Drivers/STM32F4xx_HAL_Driver/Src/stm32f4xx_hal_uart.o
 .text.UART_EndRxTransfer
                0x080175bc       0xc6 ./Drivers/STM32F4xx_HAL_Driver/Src/stm32f4xx_hal_uart.o
 .text.UART_DMAAbortOnError
                0x08017682       0x28 ./Drivers/STM32F4xx_HAL_Driver/Src/stm32f4xx_hal_uart.o
 .text.UART_Transmit_IT
                0x080176aa       0xa0 ./Drivers/STM32F4xx_HAL_Driver/Src/stm32f4xx_hal_uart.o
 .text.UART_EndTransmit_IT
                0x0801774a       0x30 ./Drivers/STM32F4xx_HAL_Driver/Src/stm32f4xx_hal_uart.o
 .text.UART_Receive_IT
                0x0801777a      0x176 ./Drivers/STM32F4xx_HAL_Driver/Src/stm32f4xx_hal_uart.o
 .text.UART_SetConfig
                0x080178f0      0x4e8 ./Drivers/STM32F4xx_HAL_Driver/Src/stm32f4xx_hal_uart.o
 .text.__NVIC_SetPriority
                0x08017dd8       0x54 ./Middlewares/Third_Party/FreeRTOS/Source/CMSIS_RTOS_V2/cmsis_os2.o
 .text.SysTick_Handler
                0x08017e2c       0x20 ./Middlewares/Third_Party/FreeRTOS/Source/CMSIS_RTOS_V2/cmsis_os2.o
                0x08017e2c                SysTick_Handler
 .text.SVC_Setup
                0x08017e4c       0x12 ./Middlewares/Third_Party/FreeRTOS/Source/CMSIS_RTOS_V2/cmsis_os2.o
 *fill*         0x08017e5e        0x2 
 .text.osKernelInitialize
                0x08017e60       0x48 ./Middlewares/Third_Party/FreeRTOS/Source/CMSIS_RTOS_V2/cmsis_os2.o
                0x08017e60                osKernelInitialize
 .text.osKernelStart
                0x08017ea8       0x4c ./Middlewares/Third_Party/FreeRTOS/Source/CMSIS_RTOS_V2/cmsis_os2.o
                0x08017ea8                osKernelStart
 .text.osKernelGetTickCount
                0x08017ef4       0x2a ./Middlewares/Third_Party/FreeRTOS/Source/CMSIS_RTOS_V2/cmsis_os2.o
                0x08017ef4                osKernelGetTickCount
 .text.osThreadNew
                0x08017f1e      0x126 ./Middlewares/Third_Party/FreeRTOS/Source/CMSIS_RTOS_V2/cmsis_os2.o
                0x08017f1e                osThreadNew
 .text.osDelay  0x08018044       0x36 ./Middlewares/Third_Party/FreeRTOS/Source/CMSIS_RTOS_V2/cmsis_os2.o
                0x08018044                osDelay
 .text.osDelayUntil
                0x0801807a       0x5a ./Middlewares/Third_Party/FreeRTOS/Source/CMSIS_RTOS_V2/cmsis_os2.o
                0x0801807a                osDelayUntil
 .text.osMessageQueueNew
                0x080180d4       0xe6 ./Middlewares/Third_Party/FreeRTOS/Source/CMSIS_RTOS_V2/cmsis_os2.o
                0x080180d4                osMessageQueueNew
 *fill*         0x080181ba        0x2 
 .text.osMessageQueuePut
                0x080181bc       0xc0 ./Middlewares/Third_Party/FreeRTOS/Source/CMSIS_RTOS_V2/cmsis_os2.o
                0x080181bc                osMessageQueuePut
 .text.osMessageQueueGet
                0x0801827c       0xbc ./Middlewares/Third_Party/FreeRTOS/Source/CMSIS_RTOS_V2/cmsis_os2.o
                0x0801827c                osMessageQueueGet
 .text.osMessageQueueDelete
                0x08018338       0x48 ./Middlewares/Third_Party/FreeRTOS/Source/CMSIS_RTOS_V2/cmsis_os2.o
                0x08018338                osMessageQueueDelete
 .text.vApplicationGetIdleTaskMemory
                0x08018380       0x34 ./Middlewares/Third_Party/FreeRTOS/Source/CMSIS_RTOS_V2/cmsis_os2.o
                0x08018380                vApplicationGetIdleTaskMemory
 .text.vApplicationGetTimerTaskMemory
                0x080183b4       0x34 ./Middlewares/Third_Party/FreeRTOS/Source/CMSIS_RTOS_V2/cmsis_os2.o
                0x080183b4                vApplicationGetTimerTaskMemory
 .text.vListInitialise
                0x080183e8       0x40 ./Middlewares/Third_Party/FreeRTOS/Source/list.o
                0x080183e8                vListInitialise
 .text.vListInitialiseItem
                0x08018428       0x1a ./Middlewares/Third_Party/FreeRTOS/Source/list.o
                0x08018428                vListInitialiseItem
 .text.vListInsertEnd
                0x08018442       0x48 ./Middlewares/Third_Party/FreeRTOS/Source/list.o
                0x08018442                vListInsertEnd
 .text.vListInsert
                0x0801848a       0x72 ./Middlewares/Third_Party/FreeRTOS/Source/list.o
                0x0801848a                vListInsert
 .text.uxListRemove
                0x080184fc       0x54 ./Middlewares/Third_Party/FreeRTOS/Source/list.o
                0x080184fc                uxListRemove
 .text.xQueueGenericReset
                0x08018550       0xd4 ./Middlewares/Third_Party/FreeRTOS/Source/queue.o
                0x08018550                xQueueGenericReset
 .text.xQueueGenericCreateStatic
                0x08018624       0xfa ./Middlewares/Third_Party/FreeRTOS/Source/queue.o
                0x08018624                xQueueGenericCreateStatic
 .text.xQueueGenericCreate
                0x0801871e       0x76 ./Middlewares/Third_Party/FreeRTOS/Source/queue.o
                0x0801871e                xQueueGenericCreate
 .text.prvInitialiseNewQueue
                0x08018794       0x46 ./Middlewares/Third_Party/FreeRTOS/Source/queue.o
 *fill*         0x080187da        0x2 
 .text.xQueueGenericSend
                0x080187dc      0x204 ./Middlewares/Third_Party/FreeRTOS/Source/queue.o
                0x080187dc                xQueueGenericSend
 .text.xQueueGenericSendFromISR
                0x080189e0      0x13c ./Middlewares/Third_Party/FreeRTOS/Source/queue.o
                0x080189e0                xQueueGenericSendFromISR
 .text.xQueueReceive
                0x08018b1c      0x1c4 ./Middlewares/Third_Party/FreeRTOS/Source/queue.o
                0x08018b1c                xQueueReceive
 .text.xQueueReceiveFromISR
                0x08018ce0      0x104 ./Middlewares/Third_Party/FreeRTOS/Source/queue.o
                0x08018ce0                xQueueReceiveFromISR
 .text.vQueueDelete
                0x08018de4       0x48 ./Middlewares/Third_Party/FreeRTOS/Source/queue.o
                0x08018de4                vQueueDelete
 .text.prvCopyDataToQueue
                0x08018e2c       0xd4 ./Middlewares/Third_Party/FreeRTOS/Source/queue.o
 .text.prvCopyDataFromQueue
                0x08018f00       0x4c ./Middlewares/Third_Party/FreeRTOS/Source/queue.o
 .text.prvUnlockQueue
                0x08018f4c       0xa4 ./Middlewares/Third_Party/FreeRTOS/Source/queue.o
 .text.prvIsQueueEmpty
                0x08018ff0       0x2c ./Middlewares/Third_Party/FreeRTOS/Source/queue.o
 .text.prvIsQueueFull
                0x0801901c       0x30 ./Middlewares/Third_Party/FreeRTOS/Source/queue.o
 .text.vQueueAddToRegistry
                0x0801904c       0x54 ./Middlewares/Third_Party/FreeRTOS/Source/queue.o
                0x0801904c                vQueueAddToRegistry
 .text.vQueueUnregisterQueue
                0x080190a0       0x54 ./Middlewares/Third_Party/FreeRTOS/Source/queue.o
                0x080190a0                vQueueUnregisterQueue
 .text.vQueueWaitForMessageRestricted
                0x080190f4       0x68 ./Middlewares/Third_Party/FreeRTOS/Source/queue.o
                0x080190f4                vQueueWaitForMessageRestricted
 .text.xTaskCreateStatic
                0x0801915c       0xc0 ./Middlewares/Third_Party/FreeRTOS/Source/tasks.o
                0x0801915c                xTaskCreateStatic
 .text.xTaskCreate
                0x0801921c       0x8a ./Middlewares/Third_Party/FreeRTOS/Source/tasks.o
                0x0801921c                xTaskCreate
 *fill*         0x080192a6        0x2 
 .text.prvInitialiseNewTask
                0x080192a8      0x150 ./Middlewares/Third_Party/FreeRTOS/Source/tasks.o
 .text.prvAddNewTaskToReadyList
                0x080193f8       0xe0 ./Middlewares/Third_Party/FreeRTOS/Source/tasks.o
 .text.vTaskDelayUntil
                0x080194d8      0x100 ./Middlewares/Third_Party/FreeRTOS/Source/tasks.o
                0x080194d8                vTaskDelayUntil
 .text.vTaskDelay
                0x080195d8       0x6c ./Middlewares/Third_Party/FreeRTOS/Source/tasks.o
                0x080195d8                vTaskDelay
 .text.vTaskStartScheduler
                0x08019644       0xe0 ./Middlewares/Third_Party/FreeRTOS/Source/tasks.o
                0x08019644                vTaskStartScheduler
 .text.vTaskSuspendAll
                0x08019724       0x1c ./Middlewares/Third_Party/FreeRTOS/Source/tasks.o
                0x08019724                vTaskSuspendAll
 .text.xTaskResumeAll
                0x08019740      0x13c ./Middlewares/Third_Party/FreeRTOS/Source/tasks.o
                0x08019740                xTaskResumeAll
 .text.xTaskGetTickCount
                0x0801987c       0x20 ./Middlewares/Third_Party/FreeRTOS/Source/tasks.o
                0x0801987c                xTaskGetTickCount
 .text.xTaskGetTickCountFromISR
                0x0801989c       0x24 ./Middlewares/Third_Party/FreeRTOS/Source/tasks.o
                0x0801989c                xTaskGetTickCountFromISR
 .text.xTaskIncrementTick
                0x080198c0      0x174 ./Middlewares/Third_Party/FreeRTOS/Source/tasks.o
                0x080198c0                xTaskIncrementTick
 .text.vTaskSwitchContext
                0x08019a34      0x114 ./Middlewares/Third_Party/FreeRTOS/Source/tasks.o
                0x08019a34                vTaskSwitchContext
 .text.vTaskPlaceOnEventList
                0x08019b48       0x4c ./Middlewares/Third_Party/FreeRTOS/Source/tasks.o
                0x08019b48                vTaskPlaceOnEventList
 .text.vTaskPlaceOnEventListRestricted
                0x08019b94       0x58 ./Middlewares/Third_Party/FreeRTOS/Source/tasks.o
                0x08019b94                vTaskPlaceOnEventListRestricted
 .text.xTaskRemoveFromEventList
                0x08019bec       0xc8 ./Middlewares/Third_Party/FreeRTOS/Source/tasks.o
                0x08019bec                xTaskRemoveFromEventList
 .text.vTaskInternalSetTimeOutState
                0x08019cb4       0x2c ./Middlewares/Third_Party/FreeRTOS/Source/tasks.o
                0x08019cb4                vTaskInternalSetTimeOutState
 .text.xTaskCheckForTimeOut
                0x08019ce0       0xc8 ./Middlewares/Third_Party/FreeRTOS/Source/tasks.o
                0x08019ce0                xTaskCheckForTimeOut
 .text.vTaskMissedYield
                0x08019da8       0x18 ./Middlewares/Third_Party/FreeRTOS/Source/tasks.o
                0x08019da8                vTaskMissedYield
 .text.prvIdleTask
                0x08019dc0       0x30 ./Middlewares/Third_Party/FreeRTOS/Source/tasks.o
 .text.prvInitialiseTaskLists
                0x08019df0       0x80 ./Middlewares/Third_Party/FreeRTOS/Source/tasks.o
 .text.prvCheckTasksWaitingTermination
                0x08019e70       0x5c ./Middlewares/Third_Party/FreeRTOS/Source/tasks.o
 .text.prvTaskCheckFreeStackSpace
                0x08019ecc       0x38 ./Middlewares/Third_Party/FreeRTOS/Source/tasks.o
 .text.uxTaskGetStackHighWaterMark
                0x08019f04       0x38 ./Middlewares/Third_Party/FreeRTOS/Source/tasks.o
                0x08019f04                uxTaskGetStackHighWaterMark
 .text.prvDeleteTCB
                0x08019f3c       0x6a ./Middlewares/Third_Party/FreeRTOS/Source/tasks.o
 *fill*         0x08019fa6        0x2 
 .text.prvResetNextTaskUnblockTime
                0x08019fa8       0x40 ./Middlewares/Third_Party/FreeRTOS/Source/tasks.o
 .text.xTaskGetSchedulerState
                0x08019fe8       0x3c ./Middlewares/Third_Party/FreeRTOS/Source/tasks.o
                0x08019fe8                xTaskGetSchedulerState
 .text.xTaskPriorityDisinherit
                0x0801a024       0xe0 ./Middlewares/Third_Party/FreeRTOS/Source/tasks.o
                0x0801a024                xTaskPriorityDisinherit
 .text.prvAddCurrentTaskToDelayedList
                0x0801a104       0xa8 ./Middlewares/Third_Party/FreeRTOS/Source/tasks.o
 .text.xTimerCreateTimerTask
                0x0801a1ac       0x94 ./Middlewares/Third_Party/FreeRTOS/Source/timers.o
                0x0801a1ac                xTimerCreateTimerTask
 .text.xTimerGenericCommand
                0x0801a240       0x9c ./Middlewares/Third_Party/FreeRTOS/Source/timers.o
                0x0801a240                xTimerGenericCommand
 .text.prvProcessExpiredTimer
                0x0801a2dc       0x9c ./Middlewares/Third_Party/FreeRTOS/Source/timers.o
 .text.prvTimerTask
                0x0801a378       0x26 ./Middlewares/Third_Party/FreeRTOS/Source/timers.o
 *fill*         0x0801a39e        0x2 
 .text.prvProcessTimerOrBlockTask
                0x0801a3a0       0x9c ./Middlewares/Third_Party/FreeRTOS/Source/timers.o
 .text.prvGetNextExpireTime
                0x0801a43c       0x48 ./Middlewares/Third_Party/FreeRTOS/Source/timers.o
 .text.prvSampleTimeNow
                0x0801a484       0x40 ./Middlewares/Third_Party/FreeRTOS/Source/timers.o
 .text.prvInsertTimerInActiveList
                0x0801a4c4       0x84 ./Middlewares/Third_Party/FreeRTOS/Source/timers.o
 .text.prvProcessReceivedCommands
                0x0801a548      0x1cc ./Middlewares/Third_Party/FreeRTOS/Source/timers.o
 .text.prvSwitchTimerLists
                0x0801a714       0xcc ./Middlewares/Third_Party/FreeRTOS/Source/timers.o
 .text.prvCheckForValidListAndQueue
                0x0801a7e0       0x80 ./Middlewares/Third_Party/FreeRTOS/Source/timers.o
 .text.pxPortInitialiseStack
                0x0801a860       0x68 ./Middlewares/Third_Party/FreeRTOS/Source/portable/GCC/ARM_CM4F/port.o
                0x0801a860                pxPortInitialiseStack
 .text.prvTaskExitError
                0x0801a8c8       0x5c ./Middlewares/Third_Party/FreeRTOS/Source/portable/GCC/ARM_CM4F/port.o
 *fill*         0x0801a924        0xc 
 .text.SVC_Handler
                0x0801a930       0x28 ./Middlewares/Third_Party/FreeRTOS/Source/portable/GCC/ARM_CM4F/port.o
                0x0801a930                SVC_Handler
 .text.prvPortStartFirstTask
                0x0801a958       0x28 ./Middlewares/Third_Party/FreeRTOS/Source/portable/GCC/ARM_CM4F/port.o
 .text.xPortStartScheduler
                0x0801a980      0x148 ./Middlewares/Third_Party/FreeRTOS/Source/portable/GCC/ARM_CM4F/port.o
                0x0801a980                xPortStartScheduler
 .text.vPortEnterCritical
                0x0801aac8       0x64 ./Middlewares/Third_Party/FreeRTOS/Source/portable/GCC/ARM_CM4F/port.o
                0x0801aac8                vPortEnterCritical
 .text.vPortExitCritical
                0x0801ab2c       0x54 ./Middlewares/Third_Party/FreeRTOS/Source/portable/GCC/ARM_CM4F/port.o
                0x0801ab2c                vPortExitCritical
 .text.PendSV_Handler
                0x0801ab80       0x68 ./Middlewares/Third_Party/FreeRTOS/Source/portable/GCC/ARM_CM4F/port.o
                0x0801ab80                PendSV_Handler
 .text.xPortSysTickHandler
                0x0801abe8       0x44 ./Middlewares/Third_Party/FreeRTOS/Source/portable/GCC/ARM_CM4F/port.o
                0x0801abe8                xPortSysTickHandler
 .text.vPortSetupTimerInterrupt
                0x0801ac2c       0x48 ./Middlewares/Third_Party/FreeRTOS/Source/portable/GCC/ARM_CM4F/port.o
                0x0801ac2c                vPortSetupTimerInterrupt
 .text.vPortEnableVFP
                0x0801ac74       0x14 ./Middlewares/Third_Party/FreeRTOS/Source/portable/GCC/ARM_CM4F/port.o
 .text.vPortValidateInterruptPriority
                0x0801ac88       0x84 ./Middlewares/Third_Party/FreeRTOS/Source/portable/GCC/ARM_CM4F/port.o
                0x0801ac88                vPortValidateInterruptPriority
 .text.pvPortMalloc
                0x0801ad0c      0x1a8 ./Middlewares/Third_Party/FreeRTOS/Source/portable/MemMang/heap_4.o
                0x0801ad0c                pvPortMalloc
 .text.vPortFree
                0x0801aeb4       0xc8 ./Middlewares/Third_Party/FreeRTOS/Source/portable/MemMang/heap_4.o
                0x0801aeb4                vPortFree
 .text.xPortGetFreeHeapSize
                0x0801af7c       0x18 ./Middlewares/Third_Party/FreeRTOS/Source/portable/MemMang/heap_4.o
                0x0801af7c                xPortGetFreeHeapSize
 .text.xPortGetMinimumEverFreeHeapSize
                0x0801af94       0x18 ./Middlewares/Third_Party/FreeRTOS/Source/portable/MemMang/heap_4.o
                0x0801af94                xPortGetMinimumEverFreeHeapSize
 .text.prvHeapInit
                0x0801afac       0xc4 ./Middlewares/Third_Party/FreeRTOS/Source/portable/MemMang/heap_4.o
 .text.prvInsertBlockIntoFreeList
                0x0801b070       0xb4 ./Middlewares/Third_Party/FreeRTOS/Source/portable/MemMang/heap_4.o
 .text.snprintf
                0x0801b124       0x6c C:/ST/STM32CubeIDE_2.2.0/STM32CubeIDE/plugins/com.st.stm32cube.ide.mcu.externaltools.gnu-tools-for-stm32.14.3.rel1.win32_1.0.100.202602081740/tools/bin/../lib/gcc/arm-none-eabi/14.3.1/../../../../arm-none-eabi/lib/thumb/v7e-m+fp/hard\libc_nano.a(libc_a-snprintf.o)
                0x0801b124                sniprintf
                0x0801b124                snprintf
 .text._vsnprintf_r
                0x0801b190       0x5c C:/ST/STM32CubeIDE_2.2.0/STM32CubeIDE/plugins/com.st.stm32cube.ide.mcu.externaltools.gnu-tools-for-stm32.14.3.rel1.win32_1.0.100.202602081740/tools/bin/../lib/gcc/arm-none-eabi/14.3.1/../../../../arm-none-eabi/lib/thumb/v7e-m+fp/hard\libc_nano.a(libc_a-vsnprintf.o)
                0x0801b190                _vsniprintf_r
                0x0801b190                _vsnprintf_r
 .text.vsnprintf
                0x0801b1ec       0x1c C:/ST/STM32CubeIDE_2.2.0/STM32CubeIDE/plugins/com.st.stm32cube.ide.mcu.externaltools.gnu-tools-for-stm32.14.3.rel1.win32_1.0.100.202602081740/tools/bin/../lib/gcc/arm-none-eabi/14.3.1/../../../../arm-none-eabi/lib/thumb/v7e-m+fp/hard\libc_nano.a(libc_a-vsnprintf.o)
                0x0801b1ec                vsniprintf
                0x0801b1ec                vsnprintf
 .text.memset   0x0801b208       0x10 C:/ST/STM32CubeIDE_2.2.0/STM32CubeIDE/plugins/com.st.stm32cube.ide.mcu.externaltools.gnu-tools-for-stm32.14.3.rel1.win32_1.0.100.202602081740/tools/bin/../lib/gcc/arm-none-eabi/14.3.1/../../../../arm-none-eabi/lib/thumb/v7e-m+fp/hard\libc_nano.a(libc_a-memset.o)
                0x0801b208                memset
 .text._reclaim_reent
                0x0801b218       0xbc C:/ST/STM32CubeIDE_2.2.0/STM32CubeIDE/plugins/com.st.stm32cube.ide.mcu.externaltools.gnu-tools-for-stm32.14.3.rel1.win32_1.0.100.202602081740/tools/bin/../lib/gcc/arm-none-eabi/14.3.1/../../../../arm-none-eabi/lib/thumb/v7e-m+fp/hard\libc_nano.a(libc_a-reent.o)
                0x0801b218                _reclaim_reent
 .text.__errno  0x0801b2d4        0xc C:/ST/STM32CubeIDE_2.2.0/STM32CubeIDE/plugins/com.st.stm32cube.ide.mcu.externaltools.gnu-tools-for-stm32.14.3.rel1.win32_1.0.100.202602081740/tools/bin/../lib/gcc/arm-none-eabi/14.3.1/../../../../arm-none-eabi/lib/thumb/v7e-m+fp/hard\libc_nano.a(libc_a-errno.o)
                0x0801b2d4                __errno
 .text.__libc_init_array
                0x0801b2e0       0x48 C:/ST/STM32CubeIDE_2.2.0/STM32CubeIDE/plugins/com.st.stm32cube.ide.mcu.externaltools.gnu-tools-for-stm32.14.3.rel1.win32_1.0.100.202602081740/tools/bin/../lib/gcc/arm-none-eabi/14.3.1/../../../../arm-none-eabi/lib/thumb/v7e-m+fp/hard\libc_nano.a(libc_a-init.o)
                0x0801b2e0                __libc_init_array
 .text.__retarget_lock_acquire_recursive
                0x0801b328        0x2 C:/ST/STM32CubeIDE_2.2.0/STM32CubeIDE/plugins/com.st.stm32cube.ide.mcu.externaltools.gnu-tools-for-stm32.14.3.rel1.win32_1.0.100.202602081740/tools/bin/../lib/gcc/arm-none-eabi/14.3.1/../../../../arm-none-eabi/lib/thumb/v7e-m+fp/hard\libc_nano.a(libc_a-lock.o)
                0x0801b328                __retarget_lock_acquire_recursive
 .text.__retarget_lock_release_recursive
                0x0801b32a        0x2 C:/ST/STM32CubeIDE_2.2.0/STM32CubeIDE/plugins/com.st.stm32cube.ide.mcu.externaltools.gnu-tools-for-stm32.14.3.rel1.win32_1.0.100.202602081740/tools/bin/../lib/gcc/arm-none-eabi/14.3.1/../../../../arm-none-eabi/lib/thumb/v7e-m+fp/hard\libc_nano.a(libc_a-lock.o)
                0x0801b32a                __retarget_lock_release_recursive
 .text.memcpy   0x0801b32c       0x1c C:/ST/STM32CubeIDE_2.2.0/STM32CubeIDE/plugins/com.st.stm32cube.ide.mcu.externaltools.gnu-tools-for-stm32.14.3.rel1.win32_1.0.100.202602081740/tools/bin/../lib/gcc/arm-none-eabi/14.3.1/../../../../arm-none-eabi/lib/thumb/v7e-m+fp/hard\libc_nano.a(libc_a-memcpy-stub.o)
                0x0801b32c                memcpy
 .text._free_r  0x0801b348       0x94 C:/ST/STM32CubeIDE_2.2.0/STM32CubeIDE/plugins/com.st.stm32cube.ide.mcu.externaltools.gnu-tools-for-stm32.14.3.rel1.win32_1.0.100.202602081740/tools/bin/../lib/gcc/arm-none-eabi/14.3.1/../../../../arm-none-eabi/lib/thumb/v7e-m+fp/hard\libc_nano.a(libc_a-freer.o)
                0x0801b348                _free_r
 .text.sbrk_aligned
                0x0801b3dc       0x44 C:/ST/STM32CubeIDE_2.2.0/STM32CubeIDE/plugins/com.st.stm32cube.ide.mcu.externaltools.gnu-tools-for-stm32.14.3.rel1.win32_1.0.100.202602081740/tools/bin/../lib/gcc/arm-none-eabi/14.3.1/../../../../arm-none-eabi/lib/thumb/v7e-m+fp/hard\libc_nano.a(libc_a-mallocr.o)
 .text._malloc_r
                0x0801b420      0x100 C:/ST/STM32CubeIDE_2.2.0/STM32CubeIDE/plugins/com.st.stm32cube.ide.mcu.externaltools.gnu-tools-for-stm32.14.3.rel1.win32_1.0.100.202602081740/tools/bin/../lib/gcc/arm-none-eabi/14.3.1/../../../../arm-none-eabi/lib/thumb/v7e-m+fp/hard\libc_nano.a(libc_a-mallocr.o)
                0x0801b420                _malloc_r
 .text.__malloc_lock
                0x0801b520        0xc C:/ST/STM32CubeIDE_2.2.0/STM32CubeIDE/plugins/com.st.stm32cube.ide.mcu.externaltools.gnu-tools-for-stm32.14.3.rel1.win32_1.0.100.202602081740/tools/bin/../lib/gcc/arm-none-eabi/14.3.1/../../../../arm-none-eabi/lib/thumb/v7e-m+fp/hard\libc_nano.a(libc_a-mlock.o)
                0x0801b520                __malloc_lock
 .text.__malloc_unlock
                0x0801b52c        0xc C:/ST/STM32CubeIDE_2.2.0/STM32CubeIDE/plugins/com.st.stm32cube.ide.mcu.externaltools.gnu-tools-for-stm32.14.3.rel1.win32_1.0.100.202602081740/tools/bin/../lib/gcc/arm-none-eabi/14.3.1/../../../../arm-none-eabi/lib/thumb/v7e-m+fp/hard\libc_nano.a(libc_a-mlock.o)
                0x0801b52c                __malloc_unlock
 .text.__ssputs_r
                0x0801b538       0xc0 C:/ST/STM32CubeIDE_2.2.0/STM32CubeIDE/plugins/com.st.stm32cube.ide.mcu.externaltools.gnu-tools-for-stm32.14.3.rel1.win32_1.0.100.202602081740/tools/bin/../lib/gcc/arm-none-eabi/14.3.1/../../../../arm-none-eabi/lib/thumb/v7e-m+fp/hard\libc_nano.a(libc_a-nano-svfprintf.o)
                0x0801b538                __ssputs_r
 .text._svfprintf_r
                0x0801b5f8      0x1f0 C:/ST/STM32CubeIDE_2.2.0/STM32CubeIDE/plugins/com.st.stm32cube.ide.mcu.externaltools.gnu-tools-for-stm32.14.3.rel1.win32_1.0.100.202602081740/tools/bin/../lib/gcc/arm-none-eabi/14.3.1/../../../../arm-none-eabi/lib/thumb/v7e-m+fp/hard\libc_nano.a(libc_a-nano-svfprintf.o)
                0x0801b5f8                _svfiprintf_r
                0x0801b5f8                _svfprintf_r
 .text._printf_common
                0x0801b7e8       0xda C:/ST/STM32CubeIDE_2.2.0/STM32CubeIDE/plugins/com.st.stm32cube.ide.mcu.externaltools.gnu-tools-for-stm32.14.3.rel1.win32_1.0.100.202602081740/tools/bin/../lib/gcc/arm-none-eabi/14.3.1/../../../../arm-none-eabi/lib/thumb/v7e-m+fp/hard\libc_nano.a(libc_a-nano-vfprintf_i.o)
                0x0801b7e8                _printf_common
 *fill*         0x0801b8c2        0x2 
 .text._printf_i
                0x0801b8c4      0x24c C:/ST/STM32CubeIDE_2.2.0/STM32CubeIDE/plugins/com.st.stm32cube.ide.mcu.externaltools.gnu-tools-for-stm32.14.3.rel1.win32_1.0.100.202602081740/tools/bin/../lib/gcc/arm-none-eabi/14.3.1/../../../../arm-none-eabi/lib/thumb/v7e-m+fp/hard\libc_nano.a(libc_a-nano-vfprintf_i.o)
                0x0801b8c4                _printf_i
 .text.memmove  0x0801bb10       0x32 C:/ST/STM32CubeIDE_2.2.0/STM32CubeIDE/plugins/com.st.stm32cube.ide.mcu.externaltools.gnu-tools-for-stm32.14.3.rel1.win32_1.0.100.202602081740/tools/bin/../lib/gcc/arm-none-eabi/14.3.1/../../../../arm-none-eabi/lib/thumb/v7e-m+fp/hard\libc_nano.a(libc_a-memmove.o)
                0x0801bb10                memmove
 *fill*         0x0801bb42        0x2 
 .text._sbrk_r  0x0801bb44       0x20 C:/ST/STM32CubeIDE_2.2.0/STM32CubeIDE/plugins/com.st.stm32cube.ide.mcu.externaltools.gnu-tools-for-stm32.14.3.rel1.win32_1.0.100.202602081740/tools/bin/../lib/gcc/arm-none-eabi/14.3.1/../../../../arm-none-eabi/lib/thumb/v7e-m+fp/hard\libc_nano.a(libc_a-sbrkr.o)
                0x0801bb44                _sbrk_r
 .text._realloc_r
                0x0801bb64       0x5c C:/ST/STM32CubeIDE_2.2.0/STM32CubeIDE/plugins/com.st.stm32cube.ide.mcu.externaltools.gnu-tools-for-stm32.14.3.rel1.win32_1.0.100.202602081740/tools/bin/../lib/gcc/arm-none-eabi/14.3.1/../../../../arm-none-eabi/lib/thumb/v7e-m+fp/hard\libc_nano.a(libc_a-reallocr.o)
                0x0801bb64                _realloc_r
 .text._malloc_usable_size_r
                0x0801bbc0       0x10 C:/ST/STM32CubeIDE_2.2.0/STM32CubeIDE/plugins/com.st.stm32cube.ide.mcu.externaltools.gnu-tools-for-stm32.14.3.rel1.win32_1.0.100.202602081740/tools/bin/../lib/gcc/arm-none-eabi/14.3.1/../../../../arm-none-eabi/lib/thumb/v7e-m+fp/hard\libc_nano.a(libc_a-msizer.o)
                0x0801bbc0                _malloc_usable_size_r
 .text.sqrt     0x0801bbd0       0x68 C:/ST/STM32CubeIDE_2.2.0/STM32CubeIDE/plugins/com.st.stm32cube.ide.mcu.externaltools.gnu-tools-for-stm32.14.3.rel1.win32_1.0.100.202602081740/tools/bin/../lib/gcc/arm-none-eabi/14.3.1/../../../../arm-none-eabi/lib/thumb/v7e-m+fp/hard\libm.a(libm_a-w_sqrt.o)
                0x0801bbd0                sqrt
 .text.atan2f   0x0801bc38        0x4 C:/ST/STM32CubeIDE_2.2.0/STM32CubeIDE/plugins/com.st.stm32cube.ide.mcu.externaltools.gnu-tools-for-stm32.14.3.rel1.win32_1.0.100.202602081740/tools/bin/../lib/gcc/arm-none-eabi/14.3.1/../../../../arm-none-eabi/lib/thumb/v7e-m+fp/hard\libm.a(libm_a-wf_atan2.o)
                0x0801bc38                atan2f
 .text.sqrtf    0x0801bc3c       0x44 C:/ST/STM32CubeIDE_2.2.0/STM32CubeIDE/plugins/com.st.stm32cube.ide.mcu.externaltools.gnu-tools-for-stm32.14.3.rel1.win32_1.0.100.202602081740/tools/bin/../lib/gcc/arm-none-eabi/14.3.1/../../../../arm-none-eabi/lib/thumb/v7e-m+fp/hard\libm.a(libm_a-wf_sqrt.o)
                0x0801bc3c                sqrtf
 .text.cosf     0x0801bc80       0x70 C:/ST/STM32CubeIDE_2.2.0/STM32CubeIDE/plugins/com.st.stm32cube.ide.mcu.externaltools.gnu-tools-for-stm32.14.3.rel1.win32_1.0.100.202602081740/tools/bin/../lib/gcc/arm-none-eabi/14.3.1/../../../../arm-none-eabi/lib/thumb/v7e-m+fp/hard\libm.a(libm_a-sf_cos.o)
                0x0801bc80                cosf
 .text.sinf     0x0801bcf0       0x74 C:/ST/STM32CubeIDE_2.2.0/STM32CubeIDE/plugins/com.st.stm32cube.ide.mcu.externaltools.gnu-tools-for-stm32.14.3.rel1.win32_1.0.100.202602081740/tools/bin/../lib/gcc/arm-none-eabi/14.3.1/../../../../arm-none-eabi/lib/thumb/v7e-m+fp/hard\libm.a(libm_a-sf_sin.o)
                0x0801bcf0                sinf
 .text.lroundf  0x0801bd64       0x68 C:/ST/STM32CubeIDE_2.2.0/STM32CubeIDE/plugins/com.st.stm32cube.ide.mcu.externaltools.gnu-tools-for-stm32.14.3.rel1.win32_1.0.100.202602081740/tools/bin/../lib/gcc/arm-none-eabi/14.3.1/../../../../arm-none-eabi/lib/thumb/v7e-m+fp/hard\libm.a(libm_a-sf_lround.o)
                0x0801bd64                lroundf
 .text.__ieee754_sqrt
                0x0801bdcc      0x1f0 C:/ST/STM32CubeIDE_2.2.0/STM32CubeIDE/plugins/com.st.stm32cube.ide.mcu.externaltools.gnu-tools-for-stm32.14.3.rel1.win32_1.0.100.202602081740/tools/bin/../lib/gcc/arm-none-eabi/14.3.1/../../../../arm-none-eabi/lib/thumb/v7e-m+fp/hard\libm.a(libm_a-e_sqrt.o)
                0x0801bdcc                __ieee754_sqrt
 .text.__ieee754_sqrtf
                0x0801bfbc        0x8 C:/ST/STM32CubeIDE_2.2.0/STM32CubeIDE/plugins/com.st.stm32cube.ide.mcu.externaltools.gnu-tools-for-stm32.14.3.rel1.win32_1.0.100.202602081740/tools/bin/../lib/gcc/arm-none-eabi/14.3.1/../../../../arm-none-eabi/lib/thumb/v7e-m+fp/hard\libm.a(libm_a-ef_sqrt.o)
                0x0801bfbc                __ieee754_sqrtf
 .text.ceilf    0x0801bfc4       0x94 C:/ST/STM32CubeIDE_2.2.0/STM32CubeIDE/plugins/com.st.stm32cube.ide.mcu.externaltools.gnu-tools-for-stm32.14.3.rel1.win32_1.0.100.202602081740/tools/bin/../lib/gcc/arm-none-eabi/14.3.1/../../../../arm-none-eabi/lib/thumb/v7e-m+fp/hard\libm.a(libm_a-sf_ceil.o)
                0x0801bfc4                ceilf
 .text.__kernel_cosf
                0x0801c058      0x104 C:/ST/STM32CubeIDE_2.2.0/STM32CubeIDE/plugins/com.st.stm32cube.ide.mcu.externaltools.gnu-tools-for-stm32.14.3.rel1.win32_1.0.100.202602081740/tools/bin/../lib/gcc/arm-none-eabi/14.3.1/../../../../arm-none-eabi/lib/thumb/v7e-m+fp/hard\libm.a(libm_a-kf_cos.o)
                0x0801c058                __kernel_cosf
 .text.__kernel_sinf
                0x0801c15c       0x90 C:/ST/STM32CubeIDE_2.2.0/STM32CubeIDE/plugins/com.st.stm32cube.ide.mcu.externaltools.gnu-tools-for-stm32.14.3.rel1.win32_1.0.100.202602081740/tools/bin/../lib/gcc/arm-none-eabi/14.3.1/../../../../arm-none-eabi/lib/thumb/v7e-m+fp/hard\libm.a(libm_a-kf_sin.o)
                0x0801c15c                __kernel_sinf
 .text.__ieee754_atan2f
                0x0801c1ec      0x14c C:/ST/STM32CubeIDE_2.2.0/STM32CubeIDE/plugins/com.st.stm32cube.ide.mcu.externaltools.gnu-tools-for-stm32.14.3.rel1.win32_1.0.100.202602081740/tools/bin/../lib/gcc/arm-none-eabi/14.3.1/../../../../arm-none-eabi/lib/thumb/v7e-m+fp/hard\libm.a(libm_a-ef_atan2.o)
                0x0801c1ec                __ieee754_atan2f
 .text.__ieee754_rem_pio2f