Archive member included to satisfy reference by file (symbol)

C:/ST/STM32CubeIDE_2.2.0/STM32CubeIDE/plugins/com.st.stm32cube.ide.mcu.externaltools.gnu-tools-for-stm32.14.3.rel1.win32_1.0.100.202602081740/tools/bin/../lib/gcc/arm-none-eabi/14.3.1/../../../../arm-none-eabi/lib/thumb/v7e-m+fp/hard\libc_nano.a(libc_a-exit.o)
                              C:/ST/STM32CubeIDE_2.2.0/STM32CubeIDE/plugins/com.st.stm32cube.ide.mcu.externaltools.gnu-tools-for-stm32.14.3.rel1.win32_1.0.100.202602081740/tools/bin/../lib/gcc/arm-none-eabi/14.3.1/../../../../arm-none-eabi/lib/thumb/v7e-m+fp/hard/crt0.o (exit)
C:/ST/STM32CubeIDE_2.2.0/STM32CubeIDE/plugins/com.st.stm32cube.ide.mcu.externaltools.gnu-tools-for-stm32.14.3.rel1.win32_1.0.100.202602081740/tools/bin/../lib/gcc/arm-none-eabi/14.3.1/../../../../arm-none-eabi/lib/thumb/v7e-m+fp/hard\libc_nano.a(libc_a-findfp.o)
                              ./Middlewares/Third_Party/FreeRTOS/Source/tasks.o (__sf)
C:/ST/STM32CubeIDE_2.2.0/STM32CubeIDE/plugins/com.st.stm32cube.ide.mcu.externaltools.gnu-tools-for-stm32.14.3.rel1.win32_1.0.100.202602081740/tools/bin/../lib/gcc/arm-none-eabi/14.3.1/../../../../arm-none-eabi/lib/thumb/v7e-m+fp/hard\libc_nano.a(libc_a-fwalk.o)
                              C:/ST/STM32CubeIDE_2.2.0/STM32CubeIDE/plugins/com.st.stm32cube.ide.mcu.externaltools.gnu-tools-for-stm32.14.3.rel1.win32_1.0.100.202602081740/tools/bin/../lib/gcc/arm-none-eabi/14.3.1/../../../../arm-none-eabi/lib/thumb/v7e-m+fp/hard\libc_nano.a(libc_a-findfp.o) (_fwalk_sglue)
C:/ST/STM32CubeIDE_2.2.0/STM32CubeIDE/plugins/com.st.stm32cube.ide.mcu.externaltools.gnu-tools-for-stm32.14.3.rel1.win32_1.0.100.202602081740/tools/bin/../lib/gcc/arm-none-eabi/14.3.1/../../../../arm-none-eabi/lib/thumb/v7e-m+fp/hard\libc_nano.a(libc_a-snprintf.o)
                              ./Core/Src/main.o (snprintf)
C:/ST/STM32CubeIDE_2.2.0/STM32CubeIDE/plugins/com.st.stm32cube.ide.mcu.externaltools.gnu-tools-for-stm32.14.3.rel1.win32_1.0.100.202602081740/tools/bin/../lib/gcc/arm-none-eabi/14.3.1/../../../../arm-none-eabi/lib/thumb/v7e-m+fp/hard\libc_nano.a(libc_a-stdio.o)
                              C:/ST/STM32CubeIDE_2.2.0/STM32CubeIDE/plugins/com.st.stm32cube.ide.mcu.externaltools.gnu-tools-for-stm32.14.3.rel1.win32_1.0.100.202602081740/tools/bin/../lib/gcc/arm-none-eabi/14.3.1/../../../../arm-none-eabi/lib/thumb/v7e-m+fp/hard\libc_nano.a(libc_a-findfp.o) (__sread)
C:/ST/STM32CubeIDE_2.2.0/STM32CubeIDE/plugins/com.st.stm32cube.ide.mcu.externaltools.gnu-tools-for-stm32.14.3.rel1.win32_1.0.100.202602081740/tools/bin/../lib/gcc/arm-none-eabi/14.3.1/../../../../arm-none-eabi/lib/thumb/v7e-m+fp/hard\libc_nano.a(libc_a-vsnprintf.o)
                              ./Core/Src/nonlinear_test.o (vsnprintf)
C:/ST/STM32CubeIDE_2.2.0/STM32CubeIDE/plugins/com.st.stm32cube.ide.mcu.externaltools.gnu-tools-for-stm32.14.3.rel1.win32_1.0.100.202602081740/tools/bin/../lib/gcc/arm-none-eabi/14.3.1/../../../../arm-none-eabi/lib/thumb/v7e-m+fp/hard\libc_nano.a(libc_a-memcmp.o)
                              ./Core/Src/control_a5_math.o (memcmp)
C:/ST/STM32CubeIDE_2.2.0/STM32CubeIDE/plugins/com.st.stm32cube.ide.mcu.externaltools.gnu-tools-for-stm32.14.3.rel1.win32_1.0.100.202602081740/tools/bin/../lib/gcc/arm-none-eabi/14.3.1/../../../../arm-none-eabi/lib/thumb/v7e-m+fp/hard\libc_nano.a(libc_a-memset.o)
                              C:/ST/STM32CubeIDE_2.2.0/STM32CubeIDE/plugins/com.st.stm32cube.ide.mcu.externaltools.gnu-tools-for-stm32.14.3.rel1.win32_1.0.100.202602081740/tools/bin/../lib/gcc/arm-none-eabi/14.3.1/../../../../arm-none-eabi/lib/thumb/v7e-m+fp/hard/crt0.o (memset)
C:/ST/STM32CubeIDE_2.2.0/STM32CubeIDE/plugins/com.st.stm32cube.ide.mcu.externaltools.gnu-tools-for-stm32.14.3.rel1.win32_1.0.100.202602081740/tools/bin/../lib/gcc/arm-none-eabi/14.3.1/../../../../arm-none-eabi/lib/thumb/v7e-m+fp/hard\libc_nano.a(libc_a-closer.o)
                              C:/ST/STM32CubeIDE_2.2.0/STM32CubeIDE/plugins/com.st.stm32cube.ide.mcu.externaltools.gnu-tools-for-stm32.14.3.rel1.win32_1.0.100.202602081740/tools/bin/../lib/gcc/arm-none-eabi/14.3.1/../../../../arm-none-eabi/lib/thumb/v7e-m+fp/hard\libc_nano.a(libc_a-stdio.o) (_close_r)
C:/ST/STM32CubeIDE_2.2.0/STM32CubeIDE/plugins/com.st.stm32cube.ide.mcu.externaltools.gnu-tools-for-stm32.14.3.rel1.win32_1.0.100.202602081740/tools/bin/../lib/gcc/arm-none-eabi/14.3.1/../../../../arm-none-eabi/lib/thumb/v7e-m+fp/hard\libc_nano.a(libc_a-reent.o)
                              ./Middlewares/Third_Party/FreeRTOS/Source/tasks.o (_reclaim_reent)
C:/ST/STM32CubeIDE_2.2.0/STM32CubeIDE/plugins/com.st.stm32cube.ide.mcu.externaltools.gnu-tools-for-stm32.14.3.rel1.win32_1.0.100.202602081740/tools/bin/../lib/gcc/arm-none-eabi/14.3.1/../../../../arm-none-eabi/lib/thumb/v7e-m+fp/hard\libc_nano.a(libc_a-impure.o)
                              ./Middlewares/Third_Party/FreeRTOS/Source/tasks.o (_impure_ptr)
[...]
Memory Configuration

Name             Origin             Length             Attributes
CCMRAM           0x10000000         0x00010000         xrw
RAM              0x20000000         0x00020000         xrw
FLASH            0x08000000         0x00100000         xr
*default*        0x00000000         0xffffffff

Linker script and memory map

LOAD C:/ST/STM32CubeIDE_2.2.0/STM32CubeIDE/plugins/com.st.stm32cube.ide.mcu.externaltools.gnu-tools-for-stm32.14.3.rel1.win32_1.0.100.202602081740/tools/bin/../lib/gcc/arm-none-eabi/14.3.1/thumb/v7e-m+fp/hard/crti.o
LOAD C:/ST/STM32CubeIDE_2.2.0/STM32CubeIDE/plugins/com.st.stm32cube.ide.mcu.externaltools.gnu-tools-for-stm32.14.3.rel1.win32_1.0.100.202602081740/tools/bin/../lib/gcc/arm-none-eabi/14.3.1/thumb/v7e-m+fp/hard/crtbegin.o
LOAD C:/ST/STM32CubeIDE_2.2.0/STM32CubeIDE/plugins/com.st.stm32cube.ide.mcu.externaltools.gnu-tools-for-stm32.14.3.rel1.win32_1.0.100.202602081740/tools/bin/../lib/gcc/arm-none-eabi/14.3.1/../../../../arm-none-eabi/lib/thumb/v7e-m+fp/hard/crt0.o
LOAD ./Core/Src/app_engine.o
LOAD ./Core/Src/control_a5_capture.o
LOAD ./Core/Src/control_a5_math.o
LOAD ./Core/Src/control_engine.o
LOAD ./Core/Src/freertos.o
LOAD ./Core/Src/ma600.o
LOAD ./Core/Src/ma600_acquisition.o
LOAD ./Core/Src/main.o
LOAD ./Core/Src/motor.o
LOAD ./Core/Src/motor_pwm.o
LOAD ./Core/Src/nonlinear_test.o
LOAD ./Core/Src/position_controller.o
LOAD ./Core/Src/stm32f4xx_hal_msp.o
LOAD ./Core/Src/stm32f4xx_hal_timebase_tim.o
LOAD ./Core/Src/stm32f4xx_it.o
LOAD ./Core/Src/syscalls.o
LOAD ./Core/Src/sysmem.o
LOAD ./Core/Src/system_stm32f4xx.o
LOAD ./Core/Startup/startup_stm32f405rgtx.o
LOAD ./Drivers/STM32F4xx_HAL_Driver/Src/stm32f4xx_hal.o
LOAD ./Drivers/STM32F4xx_HAL_Driver/Src/stm32f4xx_hal_adc.o
LOAD ./Drivers/STM32F4xx_HAL_Driver/Src/stm32f4xx_hal_adc_ex.o
LOAD ./Drivers/STM32F4xx_HAL_Driver/Src/stm32f4xx_hal_cortex.o
LOAD ./Drivers/STM32F4xx_HAL_Driver/Src/stm32f4xx_hal_dma.o
LOAD ./Drivers/STM32F4xx_HAL_Driver/Src/stm32f4xx_hal_dma_ex.o
LOAD ./Drivers/STM32F4xx_HAL_Driver/Src/stm32f4xx_hal_exti.o
LOAD ./Drivers/STM32F4xx_HAL_Driver/Src/stm32f4xx_hal_flash.o
LOAD ./Drivers/STM32F4xx_HAL_Driver/Src/stm32f4xx_hal_flash_ex.o
LOAD ./Drivers/STM32F4xx_HAL_Driver/Src/stm32f4xx_hal_flash_ramfunc.o
LOAD ./Drivers/STM32F4xx_HAL_Driver/Src/stm32f4xx_hal_gpio.o
LOAD ./Drivers/STM32F4xx_HAL_Driver/Src/stm32f4xx_hal_i2c.o
LOAD ./Drivers/STM32F4xx_HAL_Driver/Src/stm32f4xx_hal_i2c_ex.o
LOAD ./Drivers/STM32F4xx_HAL_Driver/Src/stm32f4xx_hal_pwr.o
LOAD ./Drivers/STM32F4xx_HAL_Driver/Src/stm32f4xx_hal_pwr_ex.o
LOAD ./Drivers/STM32F4xx_HAL_Driver/Src/stm32f4xx_hal_rcc.o
LOAD ./Drivers/STM32F4xx_HAL_Driver/Src/stm32f4xx_hal_rcc_ex.o
LOAD ./Drivers/STM32F4xx_HAL_Driver/Src/stm32f4xx_hal_spi.o
LOAD ./Drivers/STM32F4xx_HAL_Driver/Src/stm32f4xx_hal_tim.o
LOAD ./Drivers/STM32F4xx_HAL_Driver/Src/stm32f4xx_hal_tim_ex.o
LOAD ./Drivers/STM32F4xx_HAL_Driver/Src/stm32f4xx_hal_uart.o
LOAD ./Drivers/STM32F4xx_HAL_Driver/Src/stm32f4xx_ll_adc.o
LOAD ./Middlewares/Third_Party/FreeRTOS/Source/CMSIS_RTOS_V2/cmsis_os2.o
LOAD ./Middlewares/Third_Party/FreeRTOS/Source/croutine.o
LOAD ./Middlewares/Third_Party/FreeRTOS/Source/event_groups.o
LOAD ./Middlewares/Third_Party/FreeRTOS/Source/list.o
LOAD ./Middlewares/Third_Party/FreeRTOS/Source/queue.o
LOAD ./Middlewares/Third_Party/FreeRTOS/Source/stream_buffer.o
LOAD ./Middlewares/Third_Party/FreeRTOS/Source/tasks.o
LOAD ./Middlewares/Third_Party/FreeRTOS/Source/timers.o
LOAD ./Middlewares/Third_Party/FreeRTOS/Source/portable/GCC/ARM_CM4F/port.o
LOAD ./Middlewares/Third_Party/FreeRTOS/Source/portable/MemMang/heap_4.o
START GROUP
LOAD C:/ST/STM32CubeIDE_2.2.0/STM32CubeIDE/plugins/com.st.stm32cube.ide.mcu.externaltools.gnu-tools-for-stm32.14.3.rel1.win32_1.0.100.202602081740/tools/bin/../lib/gcc/arm-none-eabi/14.3.1/../../../../arm-none-eabi/lib/thumb/v7e-m+fp/hard\libc_nano.a
LOAD C:/ST/STM32CubeIDE_2.2.0/STM32CubeIDE/plugins/com.st.stm32cube.ide.mcu.externaltools.gnu-tools-for-stm32.14.3.rel1.win32_1.0.100.202602081740/tools/bin/../lib/gcc/arm-none-eabi/14.3.1/../../../../arm-none-eabi/lib/thumb/v7e-m+fp/hard\libm.a
END GROUP
START GROUP
LOAD C:/ST/STM32CubeIDE_2.2.0/STM32CubeIDE/plugins/com.st.stm32cube.ide.mcu.externaltools.gnu-tools-for-stm32.14.3.rel1.win32_1.0.100.202602081740/tools/bin/../lib/gcc/arm-none-eabi/14.3.1/thumb/v7e-m+fp/hard\libgcc.a
LOAD C:/ST/STM32CubeIDE_2.2.0/STM32CubeIDE/plugins/com.st.stm32cube.ide.mcu.externaltools.gnu-tools-for-stm32.14.3.rel1.win32_1.0.100.202602081740/tools/bin/../lib/gcc/arm-none-eabi/14.3.1/../../../../arm-none-eabi/lib/thumb/v7e-m+fp/hard\libc_nano.a
END GROUP
START GROUP
LOAD C:/ST/STM32CubeIDE_2.2.0/STM32CubeIDE/plugins/com.st.stm32cube.ide.mcu.externaltools.gnu-tools-for-stm32.14.3.rel1.win32_1.0.100.202602081740/tools/bin/../lib/gcc/arm-none-eabi/14.3.1/thumb/v7e-m+fp/hard\libgcc.a
LOAD C:/ST/STM32CubeIDE_2.2.0/STM32CubeIDE/plugins/com.st.stm32cube.ide.mcu.externaltools.gnu-tools-for-stm32.14.3.rel1.win32_1.0.100.202602081740/tools/bin/../lib/gcc/arm-none-eabi/14.3.1/../../../../arm-none-eabi/lib/thumb/v7e-m+fp/hard\libc_nano.a
LOAD C:/ST/STM32CubeIDE_2.2.0/STM32CubeIDE/plugins/com.st.stm32cube.ide.mcu.externaltools.gnu-tools-for-stm32.14.3.rel1.win32_1.0.100.202602081740/tools/bin/../lib/gcc/arm-none-eabi/14.3.1/../../../../arm-none-eabi/lib/thumb/v7e-m+fp/hard\libnosys.a
END GROUP
START GROUP
LOAD C:/ST/STM32CubeIDE_2.2.0/STM32CubeIDE/plugins/com.st.stm32cube.ide.mcu.externaltools.gnu-tools-for-stm32.14.3.rel1.win32_1.0.100.202602081740/tools/bin/../lib/gcc/arm-none-eabi/14.3.1/thumb/v7e-m+fp/hard\libgcc.a
LOAD C:/ST/STM32CubeIDE_2.2.0/STM32CubeIDE/plugins/com.st.stm32cube.ide.mcu.externaltools.gnu-tools-for-stm32.14.3.rel1.win32_1.0.100.202602081740/tools/bin/../lib/gcc/arm-none-eabi/14.3.1/../../../../arm-none-eabi/lib/thumb/v7e-m+fp/hard\libc_nano.a
LOAD C:/ST/STM32CubeIDE_2.2.0/STM32CubeIDE/plugins/com.st.stm32cube.ide.mcu.externaltools.gnu-tools-for-stm32.14.3.rel1.win32_1.0.100.202602081740/tools/bin/../lib/gcc/arm-none-eabi/14.3.1/../../../../arm-none-eabi/lib/thumb/v7e-m+fp/hard\libnosys.a
END GROUP
LOAD C:/ST/STM32CubeIDE_2.2.0/STM32CubeIDE/plugins/com.st.stm32cube.ide.mcu.externaltools.gnu-tools-for-stm32.14.3.rel1.win32_1.0.100.202602081740/tools/bin/../lib/gcc/arm-none-eabi/14.3.1/thumb/v7e-m+fp/hard/crtend.o
LOAD C:/ST/STM32CubeIDE_2.2.0/STM32CubeIDE/plugins/com.st.stm32cube.ide.mcu.externaltools.gnu-tools-for-stm32.14.3.rel1.win32_1.0.100.202602081740/tools/bin/../lib/gcc/arm-none-eabi/14.3.1/thumb/v7e-m+fp/hard/crtn.o
                0x20020000                        _estack = (ORIGIN (RAM) + LENGTH (RAM))
                0x00000200                        _Min_Heap_Size = 0x200
                0x00000400                        _Min_Stack_Size = 0x400

.isr_vector     0x08000000      0x188
                0x08000000                        . = ALIGN (0x4)
 *(.isr_vector)
 .isr_vector    0x08000000      0x188 ./Core/Startup/startup_stm32f405rgtx.o
                0x08000000                g_pfnVectors
                0x08000188                        . = ALIGN (0x4)

.text           0x08000190    0x101b4
                0x08000190                        . = ALIGN (0x4)
 *(.text)
 .text          0x08000190       0x40 C:/ST/STM32CubeIDE_2.2.0/STM32CubeIDE/plugins/com.st.stm32cube.ide.mcu.externaltools.gnu-tools-for-stm32.14.3.rel1.win32_1.0.100.202602081740/tools/bin/../lib/gcc/arm-none-eabi/14.3.1/thumb/v7e-m+fp/hard/crtbegin.o
 .text          0x080001d0       0x10 C:/ST/STM32CubeIDE_2.2.0/STM32CubeIDE/plugins/com.st.stm32cube.ide.mcu.externaltools.gnu-tools-for-stm32.14.3.rel1.win32_1.0.100.202602081740/tools/bin/../lib/gcc/arm-none-eabi/14.3.1/../../../../arm-none-eabi/lib/thumb/v7e-m+fp/hard\libc_nano.a(libc_a-strlen.o)
                0x080001d0                strlen
 .text          0x080001e0       0xa0 C:/ST/STM32CubeIDE_2.2.0/STM32CubeIDE/plugins/com.st.stm32cube.ide.mcu.externaltools.gnu-tools-for-stm32.14.3.rel1.win32_1.0.100.202602081740/tools/bin/../lib/gcc/arm-none-eabi/14.3.1/../../../../arm-none-eabi/lib/thumb/v7e-m+fp/hard\libc_nano.a(libc_a-memchr.o)
                0x080001e0                memchr
 .text          0x08000280      0x378 C:/ST/STM32CubeIDE_2.2.0/STM32CubeIDE/plugins/com.st.stm32cube.ide.mcu.externaltools.gnu-tools-for-stm32.14.3.rel1.win32_1.0.100.202602081740/tools/bin/../lib/gcc/arm-none-eabi/14.3.1/thumb/v7e-m+fp/hard\libgcc.a(_arm_addsubdf3.o)
                0x08000280                __aeabi_drsub
                0x08000288                __aeabi_dsub
                0x08000288                __subdf3
                0x0800028c                __aeabi_dadd
                0x0800028c                __adddf3
                0x08000504                __floatunsidf
                0x08000504                __aeabi_ui2d
                0x08000524                __floatsidf
                0x08000524                __aeabi_i2d
                0x08000548                __aeabi_f2d
                0x08000548                __extendsfdf2
                0x0800058c                __floatundidf
                0x0800058c                __aeabi_ul2d
                0x0800059c                __floatdidf
                0x0800059c                __aeabi_l2d
 .text          0x080005f8      0x424 C:/ST/STM32CubeIDE_2.2.0/STM32CubeIDE/plugins/com.st.stm32cube.ide.mcu.externaltools.gnu-tools-for-stm32.14.3.rel1.win32_1.0.100.202602081740/tools/bin/../lib/gcc/arm-none-eabi/14.3.1/thumb/v7e-m+fp/hard\libgcc.a(_arm_muldivdf3.o)
                0x080005f8                __aeabi_dmul
                0x080005f8                __muldf3
                0x0800084c                __divdf3
                0x0800084c                __aeabi_ddiv
 .text          0x08000a1c      0x110 C:/ST/STM32CubeIDE_2.2.0/STM32CubeIDE/plugins/com.st.stm32cube.ide.mcu.externaltools.gnu-tools-for-stm32.14.3.rel1.win32_1.0.100.202602081740/tools/bin/../lib/gcc/arm-none-eabi/14.3.1/thumb/v7e-m+fp/hard\libgcc.a(_arm_cmpdf2.o)
                0x08000a1c                __gtdf2
                0x08000a1c                __gedf2
                0x08000a24                __ltdf2
                0x08000a24                __ledf2
                0x08000a2c                __nedf2
                0x08000a2c                __eqdf2
                0x08000a2c                __cmpdf2
                0x08000aa8                __aeabi_cdrcmple
                0x08000ab8                __aeabi_cdcmpeq
                0x08000ab8                __aeabi_cdcmple
                0x08000ac8                __aeabi_dcmpeq
                0x08000adc                __aeabi_dcmplt
                0x08000af0                __aeabi_dcmple
                0x08000b04                __aeabi_dcmpge
                0x08000b18                __aeabi_dcmpgt
 .text          0x08000b2c       0x2c C:/ST/STM32CubeIDE_2.2.0/STM32CubeIDE/plugins/com.st.stm32cube.ide.mcu.externaltools.gnu-tools-for-stm32.14.3.rel1.win32_1.0.100.202602081740/tools/bin/../lib/gcc/arm-none-eabi/14.3.1/thumb/v7e-m+fp/hard\libgcc.a(_arm_unorddf2.o)
                0x08000b2c                __unorddf2
                0x08000b2c                __aeabi_dcmpun
 .text          0x08000b58       0x40 C:/ST/STM32CubeIDE_2.2.0/STM32CubeIDE/plugins/com.st.stm32cube.ide.mcu.externaltools.gnu-tools-for-stm32.14.3.rel1.win32_1.0.100.202602081740/tools/bin/../lib/gcc/arm-none-eabi/14.3.1/thumb/v7e-m+fp/hard\libgcc.a(_arm_fixunsdfsi.o)
                0x08000b58                __aeabi_d2uiz
                0x08000b58                __fixunsdfsi
 .text          0x08000b98       0xa0 C:/ST/STM32CubeIDE_2.2.0/STM32CubeIDE/plugins/com.st.stm32cube.ide.mcu.externaltools.gnu-tools-for-stm32.14.3.rel1.win32_1.0.100.202602081740/tools/bin/../lib/gcc/arm-none-eabi/14.3.1/thumb/v7e-m+fp/hard\libgcc.a(_arm_truncdfsf2.o)
                0x08000b98                __truncdfsf2
                0x08000b98                __aeabi_d2f
 .text          0x08000c38      0x21c C:/ST/STM32CubeIDE_2.2.0/STM32CubeIDE/plugins/com.st.stm32cube.ide.mcu.externaltools.gnu-tools-for-stm32.14.3.rel1.win32_1.0.100.202602081740/tools/bin/../lib/gcc/arm-none-eabi/14.3.1/thumb/v7e-m+fp/hard\libgcc.a(_arm_addsubsf3.o)
                0x08000c38                __aeabi_frsub
                0x08000c40                __subsf3
                0x08000c40                __aeabi_fsub
                0x08000c44                __aeabi_fadd
                0x08000c44                __addsf3
                0x08000da4                __aeabi_ui2f
                0x08000da4                __floatunsisf
                0x08000dac                __aeabi_i2f
                0x08000dac                __floatsisf
                0x08000dc8                __aeabi_ul2f
                0x08000dc8                __floatundisf
                0x08000dd8                __aeabi_l2f
                0x08000dd8                __floatdisf
 .text          0x08000e54       0xa0 C:/ST/STM32CubeIDE_2.2.0/STM32CubeIDE/plugins/com.st.stm32cube.ide.mcu.externaltools.gnu-tools-for-stm32.14.3.rel1.win32_1.0.100.202602081740/tools/bin/../lib/gcc/arm-none-eabi/14.3.1/thumb/v7e-m+fp/hard\libgcc.a(_aeabi_ldivmod.o)
                0x08000e54                __aeabi_ldivmod
 .text          0x08000ef4       0x30 C:/ST/STM32CubeIDE_2.2.0/STM32CubeIDE/plugins/com.st.stm32cube.ide.mcu.externaltools.gnu-tools-for-stm32.14.3.rel1.win32_1.0.100.202602081740/tools/bin/../lib/gcc/arm-none-eabi/14.3.1/thumb/v7e-m+fp/hard\libgcc.a(_aeabi_uldivmod.o)
                0x08000ef4                __aeabi_uldivmod
 .text          0x08000f24      0x2f8 C:/ST/STM32CubeIDE_2.2.0/STM32CubeIDE/plugins/com.st.stm32cube.ide.mcu.externaltools.gnu-tools-for-stm32.14.3.rel1.win32_1.0.100.202602081740/tools/bin/../lib/gcc/arm-none-eabi/14.3.1/thumb/v7e-m+fp/hard\libgcc.a(_udivmoddi4.o)
                0x08000f24                __udivmoddi4
 .text          0x0800121c        0x4 C:/ST/STM32CubeIDE_2.2.0/STM32CubeIDE/plugins/com.st.stm32cube.ide.mcu.externaltools.gnu-tools-for-stm32.14.3.rel1.win32_1.0.100.202602081740/tools/bin/../lib/gcc/arm-none-eabi/14.3.1/thumb/v7e-m+fp/hard\libgcc.a(_dvmd_tls.o)
                0x0800121c                __aeabi_idiv0
                0x0800121c                __aeabi_ldiv0
 *(.text*)
 .text.AppEngine_Init
                0x08001220        0x4 ./Core/Src/app_engine.o
                0x08001220                AppEngine_Init
 .text.AppEngine_RequestStart
                0x08001224        0x4 ./Core/Src/app_engine.o
                0x08001224                AppEngine_RequestStart
 .text.AppEngine_IsBusy
                0x08001228        0x4 ./Core/Src/app_engine.o
                0x08001228                AppEngine_IsBusy
 .text.AppEngine_ModeId
                0x0800122c        0x8 ./Core/Src/app_engine.o
                0x0800122c                AppEngine_ModeId
 .text.AppEngine_ProfileId
                0x08001234        0x8 ./Core/Src/app_engine.o
                0x08001234                AppEngine_ProfileId
 .text.AppEngine_SourceId
                0x0800123c        0x8 ./Core/Src/app_engine.o
                0x0800123c                AppEngine_SourceId
 .text.AppEngine_ProfileFingerprint
                0x08001244       0x40 ./Core/Src/app_engine.o
                0x08001244                AppEngine_ProfileFingerprint
 .text.vApplicationStackOverflowHook
                0x08001284       0x1c ./Core/Src/freertos.o
                0x08001284                vApplicationStackOverflowHook
 .text.vApplicationMallocFailedHook
                0x080012a0       0x1c ./Core/Src/freertos.o
                0x080012a0                vApplicationMallocFailedHook
 .text.MA600_Deselect
                0x080012bc       0x10 ./Core/Src/ma600.o
 .text.MA600_Select
                0x080012cc       0x10 ./Core/Src/ma600.o
 .text.MA600_ReadRegChecked.part.0
                0x080012dc       0x64 ./Core/Src/ma600.o
 .text.HAL_SPI_TxRxCpltCallback
                0x08001340       0x34 ./Core/Src/ma600.o
                0x08001340                HAL_SPI_TxRxCpltCallback
 .text.HAL_SPI_ErrorCallback
                0x08001374       0x34 ./Core/Src/ma600.o
                0x08001374                HAL_SPI_ErrorCallback
 .text.MA600_AngleTransportName
                0x080013a8        0x8 ./Core/Src/ma600.o
                0x080013a8                MA600_AngleTransportName
 .text.MA600_RawToDegrees
                0x080013b0       0x24 ./Core/Src/ma600.o
                0x080013b0                MA600_RawToDegrees
 .text.MA600_ReadStatus
                0x080013d4       0x38 ./Core/Src/ma600.o
                0x080013d4                MA600_ReadStatus
 .text.MA600_ReadRawChecked
                0x0800140c      0x11c ./Core/Src/ma600.o
                0x0800140c                MA600_ReadRawChecked
 .text.MA600_ReadRegChecked
                0x08001528        0xa ./Core/Src/ma600.o
                0x08001528                MA600_ReadRegChecked
 *fill*         0x08001532        0x2 
 .text.MA600_ClearErrorFlags
                0x08001534       0x38 ./Core/Src/ma600.o
                0x08001534                MA600_ClearErrorFlags
 .text.MA600_PrecheckAndClearStatus
                0x0800156c       0x6c ./Core/Src/ma600.o
                0x0800156c                MA600_PrecheckAndClearStatus
 .text.MA600_UnwrapContextInit
                0x080015d8       0x1a ./Core/Src/ma600.o
                0x080015d8                MA600_UnwrapContextInit
 .text.MA600_UnwrapUpdate
                0x080015f2       0x7e ./Core/Src/ma600.o
                0x080015f2                MA600_UnwrapUpdate
 .text.MA600_ReadConfiguration
                0x08001670      0x120 ./Core/Src/ma600.o
                0x08001670                MA600_ReadConfiguration
 .text.MA600_ValidateConfigurationSafetyGate
                0x08001790       0x30 ./Core/Src/ma600.o
                0x08001790                MA600_ValidateConfigurationSafetyGate
 .text.MA600_ValidateConfigurationLockedGate
                0x080017c0       0x66 ./Core/Src/ma600.o
                0x080017c0                MA600_ValidateConfigurationLockedGate
 *fill*         0x08001826        0x2 
 .text.MA600_ConfigGateResultName
                0x08001828       0x18 ./Core/Src/ma600.o
                0x08001828                MA600_ConfigGateResultName
 .text.MA600_ConfigurationGateSelfTest
                0x08001840      0x11c ./Core/Src/ma600.o
                0x08001840                MA600_ConfigurationGateSelfTest
 .text.MA600_DwtInit
                0x0800195c       0x28 ./Core/Src/ma600.o
                0x0800195c                MA600_DwtInit
 .text.MA600_Init
                0x08001984        0xe ./Core/Src/ma600.o
                0x08001984                MA600_Init
 *fill*         0x08001992        0x2 
 .text.MA600_DwtUsToCycles
                0x08001994       0x18 ./Core/Src/ma600.o
                0x08001994                MA600_DwtUsToCycles
 .text.SafeSubI64
                0x080019ac       0x3c ./Core/Src/ma600_acquisition.o
 .text.InsertionSortI64
                0x080019e8       0x40 ./Core/Src/ma600_acquisition.o
 .text.DefaultPointNow
                0x08001a28        0xc ./Core/Src/ma600_acquisition.o
 .text.DefaultPointWaitUntil
                0x08001a34       0x14 ./Core/Src/ma600_acquisition.o
 .text.PointSelfTestNow
                0x08001a48        0x4 ./Core/Src/ma600_acquisition.o
 .text.PointSelfTestWaitUntil
                0x08001a4c       0x20 ./Core/Src/ma600_acquisition.o
 .text.PointSelfTestRead
                0x08001a6c       0x3e ./Core/Src/ma600_acquisition.o
 .text.PointSelfTestInitIo
                0x08001aaa       0x20 ./Core/Src/ma600_acquisition.o
 .text.DefaultPointRead
                0x08001aca        0x8 ./Core/Src/ma600_acquisition.o
 .text.MA600_AcquisitionInit
                0x08001ad2       0x1a ./Core/Src/ma600_acquisition.o
                0x08001ad2                MA600_AcquisitionInit
 .text.MA600_AcquireSample
                0x08001aec       0xe4 ./Core/Src/ma600_acquisition.o
                0x08001aec                MA600_AcquireSample
 .text.MA600_UnwrappedRawToDegrees
                0x08001bd0       0x24 ./Core/Src/ma600_acquisition.o
                0x08001bd0                MA600_UnwrappedRawToDegrees
 .text.MA600_DivRoundNearestAwayFromZero
                0x08001bf4       0x7e ./Core/Src/ma600_acquisition.o
                0x08001bf4                MA600_DivRoundNearestAwayFromZero
 .text.MedianOfSortedI64.constprop.0
                0x08001c72       0x74 ./Core/Src/ma600_acquisition.o
 .text.MA600_ComputeCanonicalPointMeanQ16
                0x08001ce6       0xb2 ./Core/Src/ma600_acquisition.o
                0x08001ce6                MA600_ComputeCanonicalPointMeanQ16
 .text.MA600_ComputeCanonicalErrorAtTargetQ16
                0x08001d98       0x4e ./Core/Src/ma600_acquisition.o
                0x08001d98                MA600_ComputeCanonicalErrorAtTargetQ16
 *fill*         0x08001de6        0x2 
 .text.MA600_ReadAveragedPointWithIo
                0x08001de8      0x514 ./Core/Src/ma600_acquisition.o
                0x08001de8                MA600_ReadAveragedPointWithIo
 .text.MA600_ReadAveragedPoint
                0x080022fc       0x40 ./Core/Src/ma600_acquisition.o
                0x080022fc                MA600_ReadAveragedPoint
 .text.MA600_PointSamplerSelfTest
                0x0800233c      0x874 ./Core/Src/ma600_acquisition.o
                0x0800233c                MA600_PointSamplerSelfTest
 .text.StartDefaultTask
                0x08002bb0      0x414 ./Core/Src/main.o
                0x08002bb0                StartDefaultTask
 .text.HAL_TIM_PeriodElapsedCallback
                0x08002fc4       0x14 ./Core/Src/main.o
                0x08002fc4                HAL_TIM_PeriodElapsedCallback
 .text.Error_Handler
                0x08002fd8       0x28 ./Core/Src/main.o
                0x08002fd8                Error_Handler
 .text.SystemClock_Config
                0x08003000       0xa0 ./Core/Src/main.o
                0x08003000                SystemClock_Config
 .text.startup.main
                0x080030a0      0x580 ./Core/Src/main.o
                0x080030a0                main
 .text.Motor_Init
                0x08003620       0x24 ./Core/Src/motor.o
                0x08003620                Motor_Init
 .text.Motor_Enable
                0x08003644        0x4 ./Core/Src/motor.o
                0x08003644                Motor_Enable
 .text.Motor_Disable
                0x08003648        0x4 ./Core/Src/motor.o
                0x08003648                Motor_Disable
 .text.Motor_SetElectricalPos
                0x0800364c        0x4 ./Core/Src/motor.o
                0x0800364c                Motor_SetElectricalPos
 .text.Motor_ResetPositionController
                0x08003650       0x1c ./Core/Src/motor.o
                0x08003650                Motor_ResetPositionController
 .text.Motor_ResetControlSession
                0x0800366c        0xe ./Core/Src/motor.o
                0x0800366c                Motor_ResetControlSession
 *fill*         0x0800367a        0x2 
 .text.Motor_RunControllerSelfTest
                0x0800367c       0xbc ./Core/Src/motor.o
                0x0800367c                Motor_RunControllerSelfTest
 .text.Motor_GetControllerState
                0x08003738       0x4c ./Core/Src/motor.o
                0x08003738                Motor_GetControllerState
 .text.Motor_MoveToAngle
                0x08003784       0x9c ./Core/Src/motor.o
                0x08003784                Motor_MoveToAngle
 .text.Motor_ElectricalOffset
                0x08003820       0x10 ./Core/Src/motor.o
                0x08003820                Motor_ElectricalOffset
 .text.Motor_GetPolePairs
                0x08003830        0x4 ./Core/Src/motor.o
                0x08003830                Motor_GetPolePairs
 .text.Motor_GetPoleCount
                0x08003834        0x4 ./Core/Src/motor.o
                0x08003834                Motor_GetPoleCount
 .text.Motor_GetCommandedPos
                0x08003838       0x18 ./Core/Src/motor.o
                0x08003838                Motor_GetCommandedPos
 .text.Motor_GetHomeControllerProfileId
                0x08003850        0x8 ./Core/Src/motor.o
                0x08003850                Motor_GetHomeControllerProfileId
 .text.MotorPwm_PhaseValue
                0x08003858       0x7c ./Core/Src/motor_pwm.o
 .text.MotorPwm_Enable
                0x080038d4       0x20 ./Core/Src/motor_pwm.o
                0x080038d4                MotorPwm_Enable
 .text.MotorPwm_Disable
                0x080038f4       0x20 ./Core/Src/motor_pwm.o
                0x080038f4                MotorPwm_Disable
 .text.MotorPwm_SetElectricalPos
                0x08003914       0x68 ./Core/Src/motor_pwm.o
                0x08003914                MotorPwm_SetElectricalPos
 .text.MotorPwm_ResetCommand
                0x0800397c       0x10 ./Core/Src/motor_pwm.o
                0x0800397c                MotorPwm_ResetCommand
 .text.MotorPwm_Init
                0x0800398c       0x4c ./Core/Src/motor_pwm.o
                0x0800398c                MotorPwm_Init
 .text.MotorPwm_GetCommandState
                0x080039d8       0x14 ./Core/Src/motor_pwm.o
                0x080039d8                MotorPwm_GetCommandState
 .text.FindKnownJigByUid
                0x080039ec       0x48 ./Core/Src/nonlinear_test.o
 .text.MA600_ResultName
                0x08003a34       0x18 ./Core/Src/nonlinear_test.o
 .text.ControllerStateIsReset
                0x08003a4c       0x76 ./Core/Src/nonlinear_test.o
 *fill*         0x08003ac2        0x2 
 .text.LogLineLarge
                0x08003ac4       0x54 ./Core/Src/nonlinear_test.o
 .text.LogLine  0x08003b18       0x48 ./Core/Src/nonlinear_test.o
 .text.ReadLogAndGateConfiguration
                0x08003b60      0x15c ./Core/Src/nonlinear_test.o
 .text.FormatDegN
                0x08003cbc       0x74 ./Core/Src/nonlinear_test.o
 .text.WaitForPointSettle
                0x08003d30      0x170 ./Core/Src/nonlinear_test.o
 .text.ComputeHarmonicFull
                0x08003ea0      0x118 ./Core/Src/nonlinear_test.o
 .text.AccumulateCounterDelta.part.0
                0x08003fb8       0x4c ./Core/Src/nonlinear_test.o
 .text.NlSmoothstepCommandRaw.part.0
                0x08004004       0x4e ./Core/Src/nonlinear_test.o
 .text.FormatI64.part.0.constprop.0
                0x08004052       0x90 ./Core/Src/nonlinear_test.o
 .text.FormatI64PipeList.part.0.constprop.0
                0x080040e2       0x68 ./Core/Src/nonlinear_test.o
 *fill*         0x0800414a        0x2 
 .text.FinalizeApproachEarlyExit.constprop.0
                0x0800414c      0x144 ./Core/Src/nonlinear_test.o
 .text.RecordShadowPoint.constprop.0
                0x08004290      0x184 ./Core/Src/nonlinear_test.o
 .text.SortAscending.constprop.0
                0x08004414       0x40 ./Core/Src/nonlinear_test.o
 .text.FindHarmonic.constprop.0
                0x08004454       0x28 ./Core/Src/nonlinear_test.o
 .text.ComputeResidualRms.constprop.0
                0x0800447c       0xdc ./Core/Src/nonlinear_test.o
 .text.ComputeModelMetricsByOrders.constprop.0
                0x08004558      0x198 ./Core/Src/nonlinear_test.o
 .text.FormatDeg2.constprop.0
                0x080046f0       0x60 ./Core/Src/nonlinear_test.o
 .text.RampCommandToTarget.constprop.0
                0x08004750      0x144 ./Core/Src/nonlinear_test.o
 .text.PrintSweepLog.constprop.0
                0x08004894     0x1974 ./Core/Src/nonlinear_test.o
 .text.NonlinearTest_Run.constprop.0
                0x08006208     0x1bd8 ./Core/Src/nonlinear_test.o
 .text.RunBatchSweep
                0x08007de0      0x168 ./Core/Src/nonlinear_test.o
 .text.NonlinearEngine_Task
                0x08007f48      0x1d0 ./Core/Src/nonlinear_test.o
 .text.NonlinearEngine_Init
                0x08008118       0xa8 ./Core/Src/nonlinear_test.o
                0x08008118                NonlinearEngine_Init
 .text.NonlinearEngine_RequestStart
                0x080081c0       0x3c ./Core/Src/nonlinear_test.o
                0x080081c0                NonlinearEngine_RequestStart
 .text.NonlinearEngine_IsBusy
                0x080081fc        0xc ./Core/Src/nonlinear_test.o
                0x080081fc                NonlinearEngine_IsBusy
 .text.PositionController_Reset
                0x08008208       0x10 ./Core/Src/position_controller.o
                0x08008208                PositionController_Reset
 .text.PositionController_Init
                0x08008218       0x24 ./Core/Src/position_controller.o
                0x08008218                PositionController_Init
 .text.PositionController_Update
                0x0800823c      0x10c ./Core/Src/position_controller.o
                0x0800823c                PositionController_Update
 .text.PositionController_GetCommandedPosition
                0x08008348       0x14 ./Core/Src/position_controller.o
                0x08008348                PositionController_GetCommandedPosition
 .text.PositionController_RunSelfTest
                0x0800835c      0x278 ./Core/Src/position_controller.o
                0x0800835c                PositionController_RunSelfTest
 .text.HAL_MspInit
                0x080085d4       0x40 ./Core/Src/stm32f4xx_hal_msp.o
                0x080085d4                HAL_MspInit
 .text.HAL_ADC_MspInit
                0x08008614       0xb4 ./Core/Src/stm32f4xx_hal_msp.o
                0x08008614                HAL_ADC_MspInit
 .text.HAL_I2C_MspInit
                0x080086c8      0x120 ./Core/Src/stm32f4xx_hal_msp.o
                0x080086c8                HAL_I2C_MspInit
 .text.HAL_SPI_MspInit
                0x080087e8       0xfc ./Core/Src/stm32f4xx_hal_msp.o
                0x080087e8                HAL_SPI_MspInit
 .text.HAL_TIM_Base_MspInit
                0x080088e4       0xa0 ./Core/Src/stm32f4xx_hal_msp.o
                0x080088e4                HAL_TIM_Base_MspInit
 .text.HAL_TIM_PWM_MspInit
                0x08008984       0x40 ./Core/Src/stm32f4xx_hal_msp.o
                0x08008984                HAL_TIM_PWM_MspInit
 .text.HAL_TIM_MspPostInit
                0x080089c4       0x90 ./Core/Src/stm32f4xx_hal_msp.o
                0x080089c4                HAL_TIM_MspPostInit
 .text.HAL_UART_MspInit
                0x08008a54      0x1d4 ./Core/Src/stm32f4xx_hal_msp.o
                0x08008a54                HAL_UART_MspInit
 .text.HAL_InitTick
                0x08008c28       0xa0 ./Core/Src/stm32f4xx_hal_timebase_tim.o
                0x08008c28                HAL_InitTick
 .text.NMI_Handler
                0x08008cc8        0x2 ./Core/Src/stm32f4xx_it.o
                0x08008cc8                NMI_Handler
 .text.HardFault_Handler
                0x08008cca        0x2 ./Core/Src/stm32f4xx_it.o
                0x08008cca                HardFault_Handler
 .text.MemManage_Handler
                0x08008ccc        0x2 ./Core/Src/stm32f4xx_it.o
                0x08008ccc                MemManage_Handler
 .text.BusFault_Handler
                0x08008cce        0x2 ./Core/Src/stm32f4xx_it.o
                0x08008cce                BusFault_Handler
 .text.UsageFault_Handler
                0x08008cd0        0x2 ./Core/Src/stm32f4xx_it.o
                0x08008cd0                UsageFault_Handler
 .text.DebugMon_Handler
                0x08008cd2        0x2 ./Core/Src/stm32f4xx_it.o
                0x08008cd2                DebugMon_Handler
 .text.DMA1_Stream1_IRQHandler
                0x08008cd4        0xc ./Core/Src/stm32f4xx_it.o
                0x08008cd4                DMA1_Stream1_IRQHandler
 .text.DMA1_Stream3_IRQHandler
                0x08008ce0        0xc ./Core/Src/stm32f4xx_it.o
                0x08008ce0                DMA1_Stream3_IRQHandler
 .text.DMA1_Stream5_IRQHandler
                0x08008cec        0xc ./Core/Src/stm32f4xx_it.o
                0x08008cec                DMA1_Stream5_IRQHandler
 .text.DMA1_Stream6_IRQHandler
                0x08008cf8        0xc ./Core/Src/stm32f4xx_it.o
                0x08008cf8                DMA1_Stream6_IRQHandler
 .text.ADC_IRQHandler
                0x08008d04        0xc ./Core/Src/stm32f4xx_it.o
                0x08008d04                ADC_IRQHandler
 .text.TIM2_IRQHandler
                0x08008d10        0xc ./Core/Src/stm32f4xx_it.o
                0x08008d10                TIM2_IRQHandler
 .text.I2C2_EV_IRQHandler
                0x08008d1c        0xc ./Core/Src/stm32f4xx_it.o
                0x08008d1c                I2C2_EV_IRQHandler
 .text.I2C2_ER_IRQHandler
                0x08008d28        0xc ./Core/Src/stm32f4xx_it.o
                0x08008d28                I2C2_ER_IRQHandler
 .text.USART2_IRQHandler
                0x08008d34        0xc ./Core/Src/stm32f4xx_it.o
                0x08008d34                USART2_IRQHandler
 .text.USART3_IRQHandler
                0x08008d40        0xc ./Core/Src/stm32f4xx_it.o
                0x08008d40                USART3_IRQHandler
 .text.TIM8_TRG_COM_TIM14_IRQHandler
                0x08008d4c       0x1c ./Core/Src/stm32f4xx_it.o
                0x08008d4c                TIM8_TRG_COM_TIM14_IRQHandler
 .text.DMA1_Stream7_IRQHandler
                0x08008d68        0xc ./Core/Src/stm32f4xx_it.o
                0x08008d68                DMA1_Stream7_IRQHandler
 .text.DMA2_Stream0_IRQHandler
                0x08008d74        0xc ./Core/Src/stm32f4xx_it.o
                0x08008d74                DMA2_Stream0_IRQHandler
 .text.DMA2_Stream2_IRQHandler
                0x08008d80        0xc ./Core/Src/stm32f4xx_it.o
                0x08008d80                DMA2_Stream2_IRQHandler
 .text.DMA2_Stream3_IRQHandler
                0x08008d8c        0xc ./Core/Src/stm32f4xx_it.o
                0x08008d8c                DMA2_Stream3_IRQHandler
 .text.SPI1_IRQHandler
                0x08008d98        0xc ./Core/Src/stm32f4xx_it.o
                0x08008d98                SPI1_IRQHandler
 .text._sbrk    0x08008da4       0x3c ./Core/Src/sysmem.o
                0x08008da4                _sbrk
 .text.SystemInit
                0x08008de0       0x14 ./Core/Src/system_stm32f4xx.o
                0x08008de0                SystemInit
 .text.Reset_Handler
                0x08008df4       0x50 ./Core/Startup/startup_stm32f405rgtx.o
                0x08008df4                Reset_Handler
 .text.Default_Handler
                0x08008e44        0x2 ./Core/Startup/startup_stm32f405rgtx.o
                0x08008e44                RTC_Alarm_IRQHandler
                0x08008e44                HASH_RNG_IRQHandler
                0x08008e44                EXTI2_IRQHandler
                0x08008e44                TIM8_CC_IRQHandler
                0x08008e44                TIM1_CC_IRQHandler
                0x08008e44                DMA2_Stream5_IRQHandler
                0x08008e44                PVD_IRQHandler
                0x08008e44                SDIO_IRQHandler
                0x08008e44                TAMP_STAMP_IRQHandler
                0x08008e44                CAN2_RX1_IRQHandler
                0x08008e44                EXTI3_IRQHandler
                0x08008e44                TIM1_UP_TIM10_IRQHandler
                0x08008e44                TIM8_UP_TIM13_IRQHandler
                0x08008e44                I2C3_ER_IRQHandler
                0x08008e44                EXTI0_IRQHandler
                0x08008e44                DMA1_Stream2_IRQHandler
                0x08008e44                CAN1_RX0_IRQHandler
                0x08008e44                FPU_IRQHandler
                0x08008e44                OTG_HS_WKUP_IRQHandler
                0x08008e44                CAN2_SCE_IRQHandler
                0x08008e44                TIM6_DAC_IRQHandler
                0x08008e44                TIM1_BRK_TIM9_IRQHandler
                0x08008e44                CAN2_RX0_IRQHandler
                0x08008e44                USART6_IRQHandler
                0x08008e44                CAN1_RX1_IRQHandler
                0x08008e44                UART5_IRQHandler
                0x08008e44                TIM4_IRQHandler
                0x08008e44                I2C1_EV_IRQHandler
                0x08008e44                UART4_IRQHandler
                0x08008e44                TIM3_IRQHandler
                0x08008e44                RCC_IRQHandler
                0x08008e44                TIM8_BRK_TIM12_IRQHandler
                0x08008e44                Default_Handler
                0x08008e44                EXTI15_10_IRQHandler
                0x08008e44                TIM7_IRQHandler
                0x08008e44                CAN2_TX_IRQHandler
                0x08008e44                TIM5_IRQHandler
                0x08008e44                DMA2_Stream7_IRQHandler
                0x08008e44                I2C3_EV_IRQHandler
                0x08008e44                EXTI9_5_IRQHandler
                0x08008e44                RTC_WKUP_IRQHandler
                0x08008e44                SPI2_IRQHandler
                0x08008e44                OTG_HS_EP1_IN_IRQHandler
                0x08008e44                DMA1_Stream0_IRQHandler
                0x08008e44                CAN1_TX_IRQHandler
                0x08008e44                EXTI4_IRQHandler
                0x08008e44                FSMC_IRQHandler
                0x08008e44                OTG_HS_EP1_OUT_IRQHandler
                0x08008e44                WWDG_IRQHandler
                0x08008e44                OTG_FS_WKUP_IRQHandler
                0x08008e44                TIM1_TRG_COM_TIM11_IRQHandler
                0x08008e44                OTG_HS_IRQHandler
                0x08008e44                EXTI1_IRQHandler
                0x08008e44                DMA2_Stream1_IRQHandler
                0x08008e44                CAN1_SCE_IRQHandler
                0x08008e44                FLASH_IRQHandler
                0x08008e44                DMA2_Stream4_IRQHandler
                0x08008e44                USART1_IRQHandler
                0x08008e44                OTG_FS_IRQHandler
                0x08008e44                SPI3_IRQHandler
                0x08008e44                DMA1_Stream4_IRQHandler
                0x08008e44                I2C1_ER_IRQHandler
                0x08008e44                DMA2_Stream6_IRQHandler
 *fill*         0x08008e46        0x2 
 .text.HAL_Init
                0x08008e48       0x34 ./Drivers/STM32F4xx_HAL_Driver/Src/stm32f4xx_hal.o
                0x08008e48                HAL_Init
 .text.HAL_IncTick
                0x08008e7c       0x18 ./Drivers/STM32F4xx_HAL_Driver/Src/stm32f4xx_hal.o
                0x08008e7c                HAL_IncTick
 .text.HAL_GetTick
                0x08008e94        0xc ./Drivers/STM32F4xx_HAL_Driver/Src/stm32f4xx_hal.o
                0x08008e94                HAL_GetTick
 .text.HAL_ADC_Init
                0x08008ea0      0x14c ./Drivers/STM32F4xx_HAL_Driver/Src/stm32f4xx_hal_adc.o
                0x08008ea0                HAL_ADC_Init
 .text.HAL_ADC_ConvCpltCallback
                0x08008fec        0x2 ./Drivers/STM32F4xx_HAL_Driver/Src/stm32f4xx_hal_adc.o
                0x08008fec                HAL_ADC_ConvCpltCallback
 .text.HAL_ADC_LevelOutOfWindowCallback
                0x08008fee        0x2 ./Drivers/STM32F4xx_HAL_Driver/Src/stm32f4xx_hal_adc.o
                0x08008fee                HAL_ADC_LevelOutOfWindowCallback
 .text.HAL_ADC_ErrorCallback
                0x08008ff0        0x2 ./Drivers/STM32F4xx_HAL_Driver/Src/stm32f4xx_hal_adc.o
                0x08008ff0                HAL_ADC_ErrorCallback
 .text.HAL_ADC_IRQHandler
                0x08008ff2      0x11c ./Drivers/STM32F4xx_HAL_Driver/Src/stm32f4xx_hal_adc.o
                0x08008ff2                HAL_ADC_IRQHandler
 *fill*         0x0800910e        0x2 
 .text.HAL_ADC_ConfigChannel
                0x08009110      0x120 ./Drivers/STM32F4xx_HAL_Driver/Src/stm32f4xx_hal_adc.o
                0x08009110                HAL_ADC_ConfigChannel
 .text.HAL_ADCEx_InjectedConvCpltCallback
                0x08009230        0x2 ./Drivers/STM32F4xx_HAL_Driver/Src/stm32f4xx_hal_adc_ex.o
                0x08009230                HAL_ADCEx_InjectedConvCpltCallback
 *fill*         0x08009232        0x2 
 .text.HAL_NVIC_SetPriorityGrouping
                0x08009234       0x24 ./Drivers/STM32F4xx_HAL_Driver/Src/stm32f4xx_hal_cortex.o
                0x08009234                HAL_NVIC_SetPriorityGrouping
 .text.HAL_NVIC_SetPriority
                0x08009258       0x64 ./Drivers/STM32F4xx_HAL_Driver/Src/stm32f4xx_hal_cortex.o
                0x08009258                HAL_NVIC_SetPriority
 .text.HAL_NVIC_EnableIRQ
                0x080092bc       0x1c ./Drivers/STM32F4xx_HAL_Driver/Src/stm32f4xx_hal_cortex.o
                0x080092bc                HAL_NVIC_EnableIRQ
 .text.DMA_CalcBaseAndBitshift
                0x080092d8       0x2c ./Drivers/STM32F4xx_HAL_Driver/Src/stm32f4xx_hal_dma.o
 .text.HAL_DMA_Init
                0x08009304       0xfc ./Drivers/STM32F4xx_HAL_Driver/Src/stm32f4xx_hal_dma.o
                0x08009304                HAL_DMA_Init
 .text.HAL_DMA_Start_IT
                0x08009400       0x72 ./Drivers/STM32F4xx_HAL_Driver/Src/stm32f4xx_hal_dma.o
                0x08009400                HAL_DMA_Start_IT
 .text.HAL_DMA_Abort
                0x08009472       0x7c ./Drivers/STM32F4xx_HAL_Driver/Src/stm32f4xx_hal_dma.o
                0x08009472                HAL_DMA_Abort
 .text.HAL_DMA_Abort_IT
                0x080094ee       0x24 ./Drivers/STM32F4xx_HAL_Driver/Src/stm32f4xx_hal_dma.o
                0x080094ee                HAL_DMA_Abort_IT
 *fill*         0x08009512        0x2 
 .text.HAL_DMA_IRQHandler
                0x08009514      0x17c ./Drivers/STM32F4xx_HAL_Driver/Src/stm32f4xx_hal_dma.o
                0x08009514                HAL_DMA_IRQHandler
 .text.HAL_DMA_GetState
                0x08009690        0x6 ./Drivers/STM32F4xx_HAL_Driver/Src/stm32f4xx_hal_dma.o
                0x08009690                HAL_DMA_GetState
 *fill*         0x08009696        0x2 
 .text.HAL_GPIO_Init
                0x08009698      0x1b0 ./Drivers/STM32F4xx_HAL_Driver/Src/stm32f4xx_hal_gpio.o
                0x08009698                HAL_GPIO_Init
 .text.HAL_GPIO_ReadPin
                0x08009848        0xc ./Drivers/STM32F4xx_HAL_Driver/Src/stm32f4xx_hal_gpio.o
                0x08009848                HAL_GPIO_ReadPin
 .text.HAL_GPIO_WritePin
                0x08009854        0xa ./Drivers/STM32F4xx_HAL_Driver/Src/stm32f4xx_hal_gpio.o
                0x08009854                HAL_GPIO_WritePin
 .text.HAL_GPIO_TogglePin
                0x0800985e       0x12 ./Drivers/STM32F4xx_HAL_Driver/Src/stm32f4xx_hal_gpio.o
                0x0800985e                HAL_GPIO_TogglePin
 .text.HAL_I2C_Init
                0x08009870      0x150 ./Drivers/STM32F4xx_HAL_Driver/Src/stm32f4xx_hal_i2c.o
                0x08009870                HAL_I2C_Init
 .text.HAL_I2C_MasterTxCpltCallback
                0x080099c0        0x2 ./Drivers/STM32F4xx_HAL_Driver/Src/stm32f4xx_hal_i2c.o
                0x080099c0                HAL_I2C_MasterTxCpltCallback
 .text.HAL_I2C_MasterRxCpltCallback
                0x080099c2        0x2 ./Drivers/STM32F4xx_HAL_Driver/Src/stm32f4xx_hal_i2c.o
                0x080099c2                HAL_I2C_MasterRxCpltCallback
 .text.HAL_I2C_SlaveTxCpltCallback
                0x080099c4        0x2 ./Drivers/STM32F4xx_HAL_Driver/Src/stm32f4xx_hal_i2c.o
                0x080099c4                HAL_I2C_SlaveTxCpltCallback
 .text.HAL_I2C_SlaveRxCpltCallback
                0x080099c6        0x2 ./Drivers/STM32F4xx_HAL_Driver/Src/stm32f4xx_hal_i2c.o
                0x080099c6                HAL_I2C_SlaveRxCpltCallback
 .text.HAL_I2C_AddrCallback
                0x080099c8        0x2 ./Drivers/STM32F4xx_HAL_Driver/Src/stm32f4xx_hal_i2c.o
                0x080099c8                HAL_I2C_AddrCallback
 .text.HAL_I2C_ListenCpltCallback
                0x080099ca        0x2 ./Drivers/STM32F4xx_HAL_Driver/Src/stm32f4xx_hal_i2c.o
                0x080099ca                HAL_I2C_ListenCpltCallback
 .text.HAL_I2C_MemTxCpltCallback
                0x080099cc        0x2 ./Drivers/STM32F4xx_HAL_Driver/Src/stm32f4xx_hal_i2c.o
                0x080099cc                HAL_I2C_MemTxCpltCallback
 .text.I2C_MemoryTransmit_TXE_BTF
                0x080099ce       0xa2 ./Drivers/STM32F4xx_HAL_Driver/Src/stm32f4xx_hal_i2c.o
 .text.HAL_I2C_MemRxCpltCallback
                0x08009a70        0x2 ./Drivers/STM32F4xx_HAL_Driver/Src/stm32f4xx_hal_i2c.o
                0x08009a70                HAL_I2C_MemRxCpltCallback
 .text.HAL_I2C_ErrorCallback
                0x08009a72        0x2 ./Drivers/STM32F4xx_HAL_Driver/Src/stm32f4xx_hal_i2c.o
                0x08009a72                HAL_I2C_ErrorCallback
 .text.HAL_I2C_AbortCpltCallback
                0x08009a74        0x2 ./Drivers/STM32F4xx_HAL_Driver/Src/stm32f4xx_hal_i2c.o
                0x08009a74                HAL_I2C_AbortCpltCallback
 *fill*         0x08009a76        0x2 
 .text.I2C_DMAAbort
                0x08009a78       0xc0 ./Drivers/STM32F4xx_HAL_Driver/Src/stm32f4xx_hal_i2c.o
 .text.I2C_ITError
                0x08009b38      0x150 ./Drivers/STM32F4xx_HAL_Driver/Src/stm32f4xx_hal_i2c.o
 .text.HAL_I2C_EV_IRQHandler
                0x08009c88      0x888 ./Drivers/STM32F4xx_HAL_Driver/Src/stm32f4xx_hal_i2c.o
                0x08009c88                HAL_I2C_EV_IRQHandler
 .text.HAL_I2C_ER_IRQHandler
                0x0800a510      0x130 ./Drivers/STM32F4xx_HAL_Driver/Src/stm32f4xx_hal_i2c.o
                0x0800a510                HAL_I2C_ER_IRQHandler
 .text.HAL_RCC_OscConfig
                0x0800a640      0x35c ./Drivers/STM32F4xx_HAL_Driver/Src/stm32f4xx_hal_rcc.o
                0x0800a640                HAL_RCC_OscConfig
 .text.HAL_RCC_GetSysClockFreq
                0x0800a99c       0x5c ./Drivers/STM32F4xx_HAL_Driver/Src/stm32f4xx_hal_rcc.o
                0x0800a99c                HAL_RCC_GetSysClockFreq
 .text.HAL_RCC_ClockConfig
                0x0800a9f8      0x134 ./Drivers/STM32F4xx_HAL_Driver/Src/stm32f4xx_hal_rcc.o
                0x0800a9f8                HAL_RCC_ClockConfig
 .text.HAL_RCC_GetPCLK1Freq
                0x0800ab2c       0x20 ./Drivers/STM32F4xx_HAL_Driver/Src/stm32f4xx_hal_rcc.o
                0x0800ab2c                HAL_RCC_GetPCLK1Freq
 .text.HAL_RCC_GetPCLK2Freq
                0x0800ab4c       0x20 ./Drivers/STM32F4xx_HAL_Driver/Src/stm32f4xx_hal_rcc.o
                0x0800ab4c                HAL_RCC_GetPCLK2Freq
 .text.HAL_RCC_GetClockConfig
                0x0800ab6c       0x3c ./Drivers/STM32F4xx_HAL_Driver/Src/stm32f4xx_hal_rcc.o
                0x0800ab6c                HAL_RCC_GetClockConfig
 .text.SPI_AbortRx_ISR
                0x0800aba8       0x58 ./Drivers/STM32F4xx_HAL_Driver/Src/stm32f4xx_hal_spi.o
 .text.SPI_AbortTx_ISR
                0x0800ac00       0x1a ./Drivers/STM32F4xx_HAL_Driver/Src/stm32f4xx_hal_spi.o
 *fill*         0x0800ac1a        0x2 
 .text.SPI_WaitFlagStateUntilTimeout.constprop.0
                0x0800ac1c       0xb0 ./Drivers/STM32F4xx_HAL_Driver/Src/stm32f4xx_hal_spi.o
 .text.SPI_EndRxTransaction
                0x0800accc       0x54 ./Drivers/STM32F4xx_HAL_Driver/Src/stm32f4xx_hal_spi.o
 .text.SPI_EndRxTxTransaction
                0x0800ad20       0x58 ./Drivers/STM32F4xx_HAL_Driver/Src/stm32f4xx_hal_spi.o
 .text.HAL_SPI_Init
                0x0800ad78       0xb8 ./Drivers/STM32F4xx_HAL_Driver/Src/stm32f4xx_hal_spi.o
                0x0800ad78                HAL_SPI_Init
 .text.HAL_SPI_Transmit
                0x0800ae30      0x15a ./Drivers/STM32F4xx_HAL_Driver/Src/stm32f4xx_hal_spi.o
                0x0800ae30                HAL_SPI_Transmit
 .text.HAL_SPI_TransmitReceive
                0x0800af8a      0x1e0 ./Drivers/STM32F4xx_HAL_Driver/Src/stm32f4xx_hal_spi.o
                0x0800af8a                HAL_SPI_TransmitReceive
 .text.HAL_SPI_Receive
                0x0800b16a      0x13a ./Drivers/STM32F4xx_HAL_Driver/Src/stm32f4xx_hal_spi.o
                0x0800b16a                HAL_SPI_Receive
 .text.HAL_SPI_TransmitReceive_DMA
                0x0800b2a4      0x108 ./Drivers/STM32F4xx_HAL_Driver/Src/stm32f4xx_hal_spi.o
                0x0800b2a4                HAL_SPI_TransmitReceive_DMA
 .text.HAL_SPI_Abort
                0x0800b3ac      0x124 ./Drivers/STM32F4xx_HAL_Driver/Src/stm32f4xx_hal_spi.o
                0x0800b3ac                HAL_SPI_Abort
 .text.HAL_SPI_RxCpltCallback
                0x0800b4d0        0x2 ./Drivers/STM32F4xx_HAL_Driver/Src/stm32f4xx_hal_spi.o
                0x0800b4d0                HAL_SPI_RxCpltCallback
 .text.HAL_SPI_RxHalfCpltCallback
                0x0800b4d2        0x2 ./Drivers/STM32F4xx_HAL_Driver/Src/stm32f4xx_hal_spi.o
                0x0800b4d2                HAL_SPI_RxHalfCpltCallback
 .text.SPI_DMAHalfReceiveCplt
                0x0800b4d4        0xa ./Drivers/STM32F4xx_HAL_Driver/Src/stm32f4xx_hal_spi.o
 .text.HAL_SPI_TxRxHalfCpltCallback
                0x0800b4de        0x2 ./Drivers/STM32F4xx_HAL_Driver/Src/stm32f4xx_hal_spi.o
                0x0800b4de                HAL_SPI_TxRxHalfCpltCallback
 .text.SPI_DMAHalfTransmitReceiveCplt
                0x0800b4e0        0xa ./Drivers/STM32F4xx_HAL_Driver/Src/stm32f4xx_hal_spi.o
 .text.SPI_DMAError
                0x0800b4ea       0x22 ./Drivers/STM32F4xx_HAL_Driver/Src/stm32f4xx_hal_spi.o
 .text.SPI_DMAReceiveCplt
                0x0800b50c       0x66 ./Drivers/STM32F4xx_HAL_Driver/Src/stm32f4xx_hal_spi.o
 .text.SPI_DMATransmitReceiveCplt
                0x0800b572       0x5a ./Drivers/STM32F4xx_HAL_Driver/Src/stm32f4xx_hal_spi.o
 .text.HAL_SPI_IRQHandler
                0x0800b5cc      0x10c ./Drivers/STM32F4xx_HAL_Driver/Src/stm32f4xx_hal_spi.o
                0x0800b5cc                HAL_SPI_IRQHandler
 .text.SPI_DMAAbortOnError
                0x0800b6d8       0x10 ./Drivers/STM32F4xx_HAL_Driver/Src/stm32f4xx_hal_spi.o
 .text.TIM_OC1_SetConfig
                0x0800b6e8       0x58 ./Drivers/STM32F4xx_HAL_Driver/Src/stm32f4xx_hal_tim.o
 .text.TIM_OC3_SetConfig
                0x0800b740       0x5c ./Drivers/STM32F4xx_HAL_Driver/Src/stm32f4xx_hal_tim.o
 .text.TIM_OC4_SetConfig
                0x0800b79c       0x4c ./Drivers/STM32F4xx_HAL_Driver/Src/stm32f4xx_hal_tim.o
 .text.HAL_TIM_Base_Start_IT
                0x0800b7e8       0x74 ./Drivers/STM32F4xx_HAL_Driver/Src/stm32f4xx_hal_tim.o
                0x0800b7e8                HAL_TIM_Base_Start_IT
 .text.HAL_TIM_IC_MspInit
                0x0800b85c        0x2 ./Drivers/STM32F4xx_HAL_Driver/Src/stm32f4xx_hal_tim.o
                0x0800b85c                HAL_TIM_IC_MspInit
 .text.HAL_TIM_OC_DelayElapsedCallback
                0x0800b85e        0x2 ./Drivers/STM32F4xx_HAL_Driver/Src/stm32f4xx_hal_tim.o
                0x0800b85e                HAL_TIM_OC_DelayElapsedCallback
 .text.HAL_TIM_IC_CaptureCallback
                0x0800b860        0x2 ./Drivers/STM32F4xx_HAL_Driver/Src/stm32f4xx_hal_tim.o
                0x0800b860                HAL_TIM_IC_CaptureCallback
 .text.HAL_TIM_PWM_PulseFinishedCallback
                0x0800b862        0x2 ./Drivers/STM32F4xx_HAL_Driver/Src/stm32f4xx_hal_tim.o
                0x0800b862                HAL_TIM_PWM_PulseFinishedCallback
 .text.HAL_TIM_TriggerCallback
                0x0800b864        0x2 ./Drivers/STM32F4xx_HAL_Driver/Src/stm32f4xx_hal_tim.o
                0x0800b864                HAL_TIM_TriggerCallback
 .text.HAL_TIM_IRQHandler
                0x0800b866      0x144 ./Drivers/STM32F4xx_HAL_Driver/Src/stm32f4xx_hal_tim.o
                0x0800b866                HAL_TIM_IRQHandler
 *fill*         0x0800b9aa        0x2 
 .text.TIM_Base_SetConfig
                0x0800b9ac       0xa0 ./Drivers/STM32F4xx_HAL_Driver/Src/stm32f4xx_hal_tim.o
                0x0800b9ac                TIM_Base_SetConfig
 .text.HAL_TIM_Base_Init
                0x0800ba4c       0x58 ./Drivers/STM32F4xx_HAL_Driver/Src/stm32f4xx_hal_tim.o
                0x0800ba4c                HAL_TIM_Base_Init
 .text.HAL_TIM_PWM_Init
                0x0800baa4       0x58 ./Drivers/STM32F4xx_HAL_Driver/Src/stm32f4xx_hal_tim.o
                0x0800baa4                HAL_TIM_PWM_Init
 .text.HAL_TIM_IC_Init
                0x0800bafc       0x58 ./Drivers/STM32F4xx_HAL_Driver/Src/stm32f4xx_hal_tim.o
                0x0800bafc                HAL_TIM_IC_Init
 .text.TIM_OC2_SetConfig
                0x0800bb54       0x60 ./Drivers/STM32F4xx_HAL_Driver/Src/stm32f4xx_hal_tim.o
                0x0800bb54                TIM_OC2_SetConfig
 .text.HAL_TIM_PWM_ConfigChannel
                0x0800bbb4       0xb0 ./Drivers/STM32F4xx_HAL_Driver/Src/stm32f4xx_hal_tim.o
                0x0800bbb4                HAL_TIM_PWM_ConfigChannel
 .text.TIM_TI1_SetConfig
                0x0800bc64       0x70 ./Drivers/STM32F4xx_HAL_Driver/Src/stm32f4xx_hal_tim.o
                0x0800bc64                TIM_TI1_SetConfig
 .text.HAL_TIM_IC_ConfigChannel
                0x0800bcd4      0x118 ./Drivers/STM32F4xx_HAL_Driver/Src/stm32f4xx_hal_tim.o
                0x0800bcd4                HAL_TIM_IC_ConfigChannel
 .text.TIM_ETR_SetConfig
                0x0800bdec       0x14 ./Drivers/STM32F4xx_HAL_Driver/Src/stm32f4xx_hal_tim.o
                0x0800bdec                TIM_ETR_SetConfig
 .text.HAL_TIM_ConfigClockSource
                0x0800be00      0x132 ./Drivers/STM32F4xx_HAL_Driver/Src/stm32f4xx_hal_tim.o
                0x0800be00                HAL_TIM_ConfigClockSource
 .text.TIM_CCxChannelCmd
                0x0800bf32       0x1c ./Drivers/STM32F4xx_HAL_Driver/Src/stm32f4xx_hal_tim.o
                0x0800bf32                TIM_CCxChannelCmd
 *fill*         0x0800bf4e        0x2 
 .text.HAL_TIM_OC_Start
                0x0800bf50       0xbc ./Drivers/STM32F4xx_HAL_Driver/Src/stm32f4xx_hal_tim.o
                0x0800bf50                HAL_TIM_OC_Start
 .text.HAL_TIM_PWM_Start
                0x0800c00c        0x4 ./Drivers/STM32F4xx_HAL_Driver/Src/stm32f4xx_hal_tim.o
                0x0800c00c                HAL_TIM_PWM_Start
 .text.HAL_TIMEx_MasterConfigSynchronization
                0x0800c010       0x7c ./Drivers/STM32F4xx_HAL_Driver/Src/stm32f4xx_hal_tim_ex.o
                0x0800c010                HAL_TIMEx_MasterConfigSynchronization
 .text.HAL_TIMEx_ConfigBreakDeadTime
                0x0800c08c       0x4c ./Drivers/STM32F4xx_HAL_Driver/Src/stm32f4xx_hal_tim_ex.o
                0x0800c08c                HAL_TIMEx_ConfigBreakDeadTime
 .text.HAL_TIMEx_CommutCallback
                0x0800c0d8        0x2 ./Drivers/STM32F4xx_HAL_Driver/Src/stm32f4xx_hal_tim_ex.o
                0x0800c0d8                HAL_TIMEx_CommutCallback
 .text.HAL_TIMEx_BreakCallback
                0x0800c0da        0x2 ./Drivers/STM32F4xx_HAL_Driver/Src/stm32f4xx_hal_tim_ex.o
                0x0800c0da                HAL_TIMEx_BreakCallback
 .text.UART_EndRxTransfer
                0x0800c0dc       0x5c ./Drivers/STM32F4xx_HAL_Driver/Src/stm32f4xx_hal_uart.o
 .text.UART_SetConfig
                0x0800c138       0xbc ./Drivers/STM32F4xx_HAL_Driver/Src/stm32f4xx_hal_uart.o
 .text.UART_WaitOnFlagUntilTimeout.constprop.0
                0x0800c1f4       0x6c ./Drivers/STM32F4xx_HAL_Driver/Src/stm32f4xx_hal_uart.o
 .text.HAL_UART_Init
                0x0800c260       0x5c ./Drivers/STM32F4xx_HAL_Driver/Src/stm32f4xx_hal_uart.o
                0x0800c260                HAL_UART_Init
 .text.HAL_UART_Transmit
                0x0800c2bc       0xaa ./Drivers/STM32F4xx_HAL_Driver/Src/stm32f4xx_hal_uart.o
                0x0800c2bc                HAL_UART_Transmit
 .text.HAL_UART_TxCpltCallback
                0x0800c366        0x2 ./Drivers/STM32F4xx_HAL_Driver/Src/stm32f4xx_hal_uart.o
                0x0800c366                HAL_UART_TxCpltCallback
 .text.HAL_UART_RxCpltCallback
                0x0800c368        0x2 ./Drivers/STM32F4xx_HAL_Driver/Src/stm32f4xx_hal_uart.o
                0x0800c368                HAL_UART_RxCpltCallback
 .text.HAL_UART_ErrorCallback
                0x0800c36a        0x2 ./Drivers/STM32F4xx_HAL_Driver/Src/stm32f4xx_hal_uart.o
                0x0800c36a                HAL_UART_ErrorCallback
 .text.UART_DMAAbortOnError
                0x0800c36c       0x10 ./Drivers/STM32F4xx_HAL_Driver/Src/stm32f4xx_hal_uart.o
 .text.HAL_UARTEx_RxEventCallback
                0x0800c37c        0x2 ./Drivers/STM32F4xx_HAL_Driver/Src/stm32f4xx_hal_uart.o
                0x0800c37c                HAL_UARTEx_RxEventCallback
 .text.UART_Receive_IT.isra.0
                0x0800c37e       0xb2 ./Drivers/STM32F4xx_HAL_Driver/Src/stm32f4xx_hal_uart.o
 .text.HAL_UART_IRQHandler
                0x0800c430      0x28c ./Drivers/STM32F4xx_HAL_Driver/Src/stm32f4xx_hal_uart.o
                0x0800c430                HAL_UART_IRQHandler
 .text.SysTick_Handler
                0x0800c6bc       0x1a ./Middlewares/Third_Party/FreeRTOS/Source/CMSIS_RTOS_V2/cmsis_os2.o
                0x0800c6bc                SysTick_Handler
 *fill*         0x0800c6d6        0x2 
 .text.osKernelInitialize
                0x0800c6d8       0x24 ./Middlewares/Third_Party/FreeRTOS/Source/CMSIS_RTOS_V2/cmsis_os2.o
                0x0800c6d8                osKernelInitialize
 .text.osKernelStart
                0x0800c6fc       0x34 ./Middlewares/Third_Party/FreeRTOS/Source/CMSIS_RTOS_V2/cmsis_os2.o
                0x0800c6fc                osKernelStart
 .text.osKernelGetTickCount
                0x0800c730        0xe ./Middlewares/Third_Party/FreeRTOS/Source/CMSIS_RTOS_V2/cmsis_os2.o
                0x0800c730                osKernelGetTickCount
 .text.osThreadNew
                0x0800c73e       0x8c ./Middlewares/Third_Party/FreeRTOS/Source/CMSIS_RTOS_V2/cmsis_os2.o
                0x0800c73e                osThreadNew
 .text.osDelay  0x0800c7ca       0x18 ./Middlewares/Third_Party/FreeRTOS/Source/CMSIS_RTOS_V2/cmsis_os2.o
                0x0800c7ca                osDelay
 .text.osDelayUntil
                0x0800c7e2       0x2e ./Middlewares/Third_Party/FreeRTOS/Source/CMSIS_RTOS_V2/cmsis_os2.o
                0x0800c7e2                osDelayUntil
 .text.osSemaphoreDelete
                0x0800c810       0x26 ./Middlewares/Third_Party/FreeRTOS/Source/CMSIS_RTOS_V2/cmsis_os2.o
                0x0800c810                osSemaphoreDelete
 .text.osMessageQueueNew
                0x0800c836       0x76 ./Middlewares/Third_Party/FreeRTOS/Source/CMSIS_RTOS_V2/cmsis_os2.o
                0x0800c836                osMessageQueueNew
 .text.osMessageQueuePut
                0x0800c8ac       0x62 ./Middlewares/Third_Party/FreeRTOS/Source/CMSIS_RTOS_V2/cmsis_os2.o
                0x0800c8ac                osMessageQueuePut
 .text.osMessageQueueGet
                0x0800c90e       0x60 ./Middlewares/Third_Party/FreeRTOS/Source/CMSIS_RTOS_V2/cmsis_os2.o
                0x0800c90e                osMessageQueueGet
 .text.osMessageQueueDelete
                0x0800c96e        0x4 ./Middlewares/Third_Party/FreeRTOS/Source/CMSIS_RTOS_V2/cmsis_os2.o
                0x0800c96e                osMessageQueueDelete
 *fill*         0x0800c972        0x2 
 .text.vApplicationGetIdleTaskMemory
                0x0800c974       0x18 ./Middlewares/Third_Party/FreeRTOS/Source/CMSIS_RTOS_V2/cmsis_os2.o
                0x0800c974                vApplicationGetIdleTaskMemory
 .text.vApplicationGetTimerTaskMemory
                0x0800c98c       0x18 ./Middlewares/Third_Party/FreeRTOS/Source/CMSIS_RTOS_V2/cmsis_os2.o
                0x0800c98c                vApplicationGetTimerTaskMemory
 .text.vListInitialise
                0x0800c9a4       0x16 ./Middlewares/Third_Party/FreeRTOS/Source/list.o
                0x0800c9a4                vListInitialise
 .text.vListInitialiseItem
                0x0800c9ba        0x6 ./Middlewares/Third_Party/FreeRTOS/Source/list.o
                0x0800c9ba                vListInitialiseItem
 .text.vListInsertEnd
                0x0800c9c0       0x16 ./Middlewares/Third_Party/FreeRTOS/Source/list.o
                0x0800c9c0                vListInsertEnd
 .text.vListInsert
                0x0800c9d6       0x2e ./Middlewares/Third_Party/FreeRTOS/Source/list.o
                0x0800c9d6                vListInsert
 .text.uxListRemove
                0x0800ca04       0x20 ./Middlewares/Third_Party/FreeRTOS/Source/list.o
                0x0800ca04                uxListRemove
 .text.prvIsQueueEmpty
                0x0800ca24       0x16 ./Middlewares/Third_Party/FreeRTOS/Source/queue.o
 .text.prvCopyDataToQueue
                0x0800ca3a       0x66 ./Middlewares/Third_Party/FreeRTOS/Source/queue.o
 .text.prvCopyDataFromQueue
                0x0800caa0       0x2a ./Middlewares/Third_Party/FreeRTOS/Source/queue.o
 .text.prvUnlockQueue
                0x0800caca       0x6c ./Middlewares/Third_Party/FreeRTOS/Source/queue.o
 .text.xQueueGenericReset
                0x0800cb36       0x7e ./Middlewares/Third_Party/FreeRTOS/Source/queue.o
                0x0800cb36                xQueueGenericReset
 .text.xQueueGenericCreateStatic
                0x0800cbb4       0x9c ./Middlewares/Third_Party/FreeRTOS/Source/queue.o
                0x0800cbb4                xQueueGenericCreateStatic
 .text.xQueueGenericCreate
                0x0800cc50       0x4e ./Middlewares/Third_Party/FreeRTOS/Source/queue.o
                0x0800cc50                xQueueGenericCreate
 .text.xQueueGenericSend
                0x0800cc9e      0x164 ./Middlewares/Third_Party/FreeRTOS/Source/queue.o
                0x0800cc9e                xQueueGenericSend
 .text.xQueueGenericSendFromISR
                0x0800ce02       0xba ./Middlewares/Third_Party/FreeRTOS/Source/queue.o
                0x0800ce02                xQueueGenericSendFromISR
 .text.xQueueReceive
                0x0800cebc      0x13e ./Middlewares/Third_Party/FreeRTOS/Source/queue.o
                0x0800cebc                xQueueReceive
 .text.xQueueReceiveFromISR
                0x0800cffa       0x9a ./Middlewares/Third_Party/FreeRTOS/Source/queue.o
                0x0800cffa                xQueueReceiveFromISR
 .text.vQueueAddToRegistry
                0x0800d094       0x24 ./Middlewares/Third_Party/FreeRTOS/Source/queue.o
                0x0800d094                vQueueAddToRegistry
 .text.vQueueUnregisterQueue
                0x0800d0b8       0x30 ./Middlewares/Third_Party/FreeRTOS/Source/queue.o
                0x0800d0b8                vQueueUnregisterQueue
 .text.vQueueDelete
                0x0800d0e8       0x2a ./Middlewares/Third_Party/FreeRTOS/Source/queue.o
                0x0800d0e8                vQueueDelete
 .text.vQueueWaitForMessageRestricted
                0x0800d112       0x46 ./Middlewares/Third_Party/FreeRTOS/Source/queue.o
                0x0800d112                vQueueWaitForMessageRestricted
 .text.prvAddNewTaskToReadyList
                0x0800d158      0x100 ./Middlewares/Third_Party/FreeRTOS/Source/tasks.o
 .text.prvAddCurrentTaskToDelayedList
                0x0800d258       0x70 ./Middlewares/Third_Party/FreeRTOS/Source/tasks.o
 .text.prvResetNextTaskUnblockTime
                0x0800d2c8       0x24 ./Middlewares/Third_Party/FreeRTOS/Source/tasks.o
 .text.prvDeleteTCB
                0x0800d2ec       0x3c ./Middlewares/Third_Party/FreeRTOS/Source/tasks.o
 .text.prvIdleTask
                0x0800d328       0x60 ./Middlewares/Third_Party/FreeRTOS/Source/tasks.o
 .text.prvInitialiseNewTask.constprop.0
                0x0800d388       0xb8 ./Middlewares/Third_Party/FreeRTOS/Source/tasks.o
 .text.xTaskCreateStatic
                0x0800d440       0x70 ./Middlewares/Third_Party/FreeRTOS/Source/tasks.o
                0x0800d440                xTaskCreateStatic
 .text.xTaskCreate
                0x0800d4b0       0x5c ./Middlewares/Third_Party/FreeRTOS/Source/tasks.o
                0x0800d4b0                xTaskCreate
 .text.vTaskStartScheduler
                0x0800d50c       0xa0 ./Middlewares/Third_Party/FreeRTOS/Source/tasks.o
                0x0800d50c                vTaskStartScheduler
 .text.vTaskSuspendAll
                0x0800d5ac       0x10 ./Middlewares/Third_Party/FreeRTOS/Source/tasks.o
                0x0800d5ac                vTaskSuspendAll
 .text.xTaskGetTickCount
                0x0800d5bc        0xc ./Middlewares/Third_Party/FreeRTOS/Source/tasks.o
                0x0800d5bc                xTaskGetTickCount
 .text.xTaskGetTickCountFromISR
                0x0800d5c8       0x10 ./Middlewares/Third_Party/FreeRTOS/Source/tasks.o
                0x0800d5c8                xTaskGetTickCountFromISR
 .text.xTaskIncrementTick
                0x0800d5d8      0x12c ./Middlewares/Third_Party/FreeRTOS/Source/tasks.o
                0x0800d5d8                xTaskIncrementTick
 .text.xTaskResumeAll
                0x0800d704       0xe8 ./Middlewares/Third_Party/FreeRTOS/Source/tasks.o
                0x0800d704                xTaskResumeAll
 .text.vTaskDelayUntil
                0x0800d7ec       0x94 ./Middlewares/Third_Party/FreeRTOS/Source/tasks.o
                0x0800d7ec                vTaskDelayUntil
 .text.vTaskDelay
                0x0800d880       0x48 ./Middlewares/Third_Party/FreeRTOS/Source/tasks.o
                0x0800d880                vTaskDelay
 .text.vTaskSwitchContext
                0x0800d8c8       0xa8 ./Middlewares/Third_Party/FreeRTOS/Source/tasks.o
                0x0800d8c8                vTaskSwitchContext
 .text.vTaskPlaceOnEventList
                0x0800d970       0x34 ./Middlewares/Third_Party/FreeRTOS/Source/tasks.o
                0x0800d970                vTaskPlaceOnEventList
 .text.vTaskPlaceOnEventListRestricted
                0x0800d9a4       0x3c ./Middlewares/Third_Party/FreeRTOS/Source/tasks.o
                0x0800d9a4                vTaskPlaceOnEventListRestricted
 .text.xTaskRemoveFromEventList
                0x0800d9e0       0x80 ./Middlewares/Third_Party/FreeRTOS/Source/tasks.o
                0x0800d9e0                xTaskRemoveFromEventList
 .text.vTaskInternalSetTimeOutState
                0x0800da60       0x18 ./Middlewares/Third_Party/FreeRTOS/Source/tasks.o
                0x0800da60                vTaskInternalSetTimeOutState
 .text.xTaskCheckForTimeOut
                0x0800da78       0x78 ./Middlewares/Third_Party/FreeRTOS/Source/tasks.o
                0x0800da78                xTaskCheckForTimeOut
 .text.vTaskMissedYield
                0x0800daf0        0xc ./Middlewares/Third_Party/FreeRTOS/Source/tasks.o
                0x0800daf0                vTaskMissedYield
 .text.uxTaskGetStackHighWaterMark
                0x0800dafc       0x20 ./Middlewares/Third_Party/FreeRTOS/Source/tasks.o
                0x0800dafc                uxTaskGetStackHighWaterMark
 .text.xTaskGetSchedulerState
                0x0800db1c       0x20 ./Middlewares/Third_Party/FreeRTOS/Source/tasks.o
                0x0800db1c                xTaskGetSchedulerState
 .text.xTaskPriorityDisinherit
                0x0800db3c       0x84 ./Middlewares/Third_Party/FreeRTOS/Source/tasks.o
                0x0800db3c                xTaskPriorityDisinherit
 .text.prvInsertTimerInActiveList
                0x0800dbc0       0x3c ./Middlewares/Third_Party/FreeRTOS/Source/timers.o
 .text.prvCheckForValidListAndQueue
                0x0800dbfc       0x68 ./Middlewares/Third_Party/FreeRTOS/Source/timers.o
 .text.xTimerCreateTimerTask
                0x0800dc64       0x64 ./Middlewares/Third_Party/FreeRTOS/Source/timers.o
                0x0800dc64                xTimerCreateTimerTask
 .text.xTimerGenericCommand
                0x0800dcc8       0x58 ./Middlewares/Third_Party/FreeRTOS/Source/timers.o
                0x0800dcc8                xTimerGenericCommand
 .text.prvSwitchTimerLists
                0x0800dd20       0x74 ./Middlewares/Third_Party/FreeRTOS/Source/timers.o
 .text.prvTimerTask
                0x0800dd94      0x1f0 ./Middlewares/Third_Party/FreeRTOS/Source/timers.o
 .text.prvPortStartFirstTask
                0x0800df84       0x28 ./Middlewares/Third_Party/FreeRTOS/Source/portable/GCC/ARM_CM4F/port.o
 .text.vPortEnableVFP
                0x0800dfac       0x14 ./Middlewares/Third_Party/FreeRTOS/Source/portable/GCC/ARM_CM4F/port.o
 .text.prvTaskExitError
                0x0800dfc0       0x40 ./Middlewares/Third_Party/FreeRTOS/Source/portable/GCC/ARM_CM4F/port.o
 .text.pxPortInitialiseStack
                0x0800e000       0x2c ./Middlewares/Third_Party/FreeRTOS/Source/portable/GCC/ARM_CM4F/port.o
                0x0800e000                pxPortInitialiseStack
 *fill*         0x0800e02c        0x4 
 .text.SVC_Handler
                0x0800e030       0x24 ./Middlewares/Third_Party/FreeRTOS/Source/portable/GCC/ARM_CM4F/port.o
                0x0800e030                SVC_Handler
 .text.vPortEnterCritical
                0x0800e054       0x40 ./Middlewares/Third_Party/FreeRTOS/Source/portable/GCC/ARM_CM4F/port.o
                0x0800e054                vPortEnterCritical
 .text.vPortExitCritical
                0x0800e094       0x28 ./Middlewares/Third_Party/FreeRTOS/Source/portable/GCC/ARM_CM4F/port.o
                0x0800e094                vPortExitCritical
 *fill*         0x0800e0bc        0x4 
 .text.PendSV_Handler
                0x0800e0c0       0x64 ./Middlewares/Third_Party/FreeRTOS/Source/portable/GCC/ARM_CM4F/port.o
                0x0800e0c0                PendSV_Handler
 .text.xPortSysTickHandler
                0x0800e124       0x2c ./Middlewares/Third_Party/FreeRTOS/Source/portable/GCC/ARM_CM4F/port.o
                0x0800e124                xPortSysTickHandler
 .text.vPortSetupTimerInterrupt
                0x0800e150       0x24 ./Middlewares/Third_Party/FreeRTOS/Source/portable/GCC/ARM_CM4F/port.o
                0x0800e150                vPortSetupTimerInterrupt
 .text.xPortStartScheduler
                0x0800e174      0x108 ./Middlewares/Third_Party/FreeRTOS/Source/portable/GCC/ARM_CM4F/port.o
                0x0800e174                xPortStartScheduler
 .text.vPortValidateInterruptPriority
                0x0800e27c       0x5c ./Middlewares/Third_Party/FreeRTOS/Source/portable/GCC/ARM_CM4F/port.o
                0x0800e27c                vPortValidateInterruptPriority
 .text.prvInsertBlockIntoFreeList
                0x0800e2d8       0x4c ./Middlewares/Third_Party/FreeRTOS/Source/portable/MemMang/heap_4.o
 .text.pvPortMalloc
                0x0800e324      0x134 ./Middlewares/Third_Party/FreeRTOS/Source/portable/MemMang/heap_4.o
                0x0800e324                pvPortMalloc
 .text.vPortFree
                0x0800e458       0x7c ./Middlewares/Third_Party/FreeRTOS/Source/portable/MemMang/heap_4.o
                0x0800e458                vPortFree
 .text.xPortGetFreeHeapSize
                0x0800e4d4        0xc ./Middlewares/Third_Party/FreeRTOS/Source/portable/MemMang/heap_4.o
                0x0800e4d4                xPortGetFreeHeapSize
 .text.xPortGetMinimumEverFreeHeapSize
                0x0800e4e0        0xc ./Middlewares/Third_Party/FreeRTOS/Source/portable/MemMang/heap_4.o
                0x0800e4e0                xPortGetMinimumEverFreeHeapSize
 .text.snprintf
                0x0800e4ec       0x6c C:/ST/STM32CubeIDE_2.2.0/STM32CubeIDE/plugins/com.st.stm32cube.ide.mcu.externaltools.gnu-tools-for-stm32.14.3.rel1.win32_1.0.100.202602081740/tools/bin/../lib/gcc/arm-none-eabi/14.3.1/../../../../arm-none-eabi/lib/thumb/v7e-m+fp/hard\libc_nano.a(libc_a-snprintf.o)
                0x0800e4ec                sniprintf
                0x0800e4ec                snprintf
 .text._vsnprintf_r
                0x0800e558       0x5c C:/ST/STM32CubeIDE_2.2.0/STM32CubeIDE/plugins/com.st.stm32cube.ide.mcu.externaltools.gnu-tools-for-stm32.14.3.rel1.win32_1.0.100.202602081740/tools/bin/../lib/gcc/arm-none-eabi/14.3.1/../../../../arm-none-eabi/lib/thumb/v7e-m+fp/hard\libc_nano.a(libc_a-vsnprintf.o)
                0x0800e558                _vsniprintf_r
                0x0800e558                _vsnprintf_r
 .text.vsnprintf
                0x0800e5b4       0x1c C:/ST/STM32CubeIDE_2.2.0/STM32CubeIDE/plugins/com.st.stm32cube.ide.mcu.externaltools.gnu-tools-for-stm32.14.3.rel1.win32_1.0.100.202602081740/tools/bin/../lib/gcc/arm-none-eabi/14.3.1/../../../../arm-none-eabi/lib/thumb/v7e-m+fp/hard\libc_nano.a(libc_a-vsnprintf.o)
                0x0800e5b4                vsniprintf
                0x0800e5b4                vsnprintf
 .text.memset   0x0800e5d0       0x10 C:/ST/STM32CubeIDE_2.2.0/STM32CubeIDE/plugins/com.st.stm32cube.ide.mcu.externaltools.gnu-tools-for-stm32.14.3.rel1.win32_1.0.100.202602081740/tools/bin/../lib/gcc/arm-none-eabi/14.3.1/../../../../arm-none-eabi/lib/thumb/v7e-m+fp/hard\libc_nano.a(libc_a-memset.o)
                0x0800e5d0                memset
 .text._reclaim_reent
                0x0800e5e0       0xbc C:/ST/STM32CubeIDE_2.2.0/STM32CubeIDE/plugins/com.st.stm32cube.ide.mcu.externaltools.gnu-tools-for-stm32.14.3.rel1.win32_1.0.100.202602081740/tools/bin/../lib/gcc/arm-none-eabi/14.3.1/../../../../arm-none-eabi/lib/thumb/v7e-m+fp/hard\libc_nano.a(libc_a-reent.o)
                0x0800e5e0                _reclaim_reent
 .text.__errno  0x0800e69c        0xc C:/ST/STM32CubeIDE_2.2.0/STM32CubeIDE/plugins/com.st.stm32cube.ide.mcu.externaltools.gnu-tools-for-stm32.14.3.rel1.win32_1.0.100.202602081740/tools/bin/../lib/gcc/arm-none-eabi/14.3.1/../../../../arm-none-eabi/lib/thumb/v7e-m+fp/hard\libc_nano.a(libc_a-errno.o)
                0x0800e69c                __errno
 .text.__libc_init_array
                0x0800e6a8       0x48 C:/ST/STM32CubeIDE_2.2.0/STM32CubeIDE/plugins/com.st.stm32cube.ide.mcu.externaltools.gnu-tools-for-stm32.14.3.rel1.win32_1.0.100.202602081740/tools/bin/../lib/gcc/arm-none-eabi/14.3.1/../../../../arm-none-eabi/lib/thumb/v7e-m+fp/hard\libc_nano.a(libc_a-init.o)
                0x0800e6a8                __libc_init_array
 .text.__retarget_lock_acquire_recursive
                0x0800e6f0        0x2 C:/ST/STM32CubeIDE_2.2.0/STM32CubeIDE/plugins/com.st.stm32cube.ide.mcu.externaltools.gnu-tools-for-stm32.14.3.rel1.win32_1.0.100.202602081740/tools/bin/../lib/gcc/arm-none-eabi/14.3.1/../../../../arm-none-eabi/lib/thumb/v7e-m+fp/hard\libc_nano.a(libc_a-lock.o)
                0x0800e6f0                __retarget_lock_acquire_recursive
 .text.__retarget_lock_release_recursive
                0x0800e6f2        0x2 C:/ST/STM32CubeIDE_2.2.0/STM32CubeIDE/plugins/com.st.stm32cube.ide.mcu.externaltools.gnu-tools-for-stm32.14.3.rel1.win32_1.0.100.202602081740/tools/bin/../lib/gcc/arm-none-eabi/14.3.1/../../../../arm-none-eabi/lib/thumb/v7e-m+fp/hard\libc_nano.a(libc_a-lock.o)
                0x0800e6f2                __retarget_lock_release_recursive
 .text.strcpy   0x0800e6f4       0x10 C:/ST/STM32CubeIDE_2.2.0/STM32CubeIDE/plugins/com.st.stm32cube.ide.mcu.externaltools.gnu-tools-for-stm32.14.3.rel1.win32_1.0.100.202602081740/tools/bin/../lib/gcc/arm-none-eabi/14.3.1/../../../../arm-none-eabi/lib/thumb/v7e-m+fp/hard\libc_nano.a(libc_a-strcpy.o)
                0x0800e6f4                strcpy
 .text.memcpy   0x0800e704       0x1c C:/ST/STM32CubeIDE_2.2.0/STM32CubeIDE/plugins/com.st.stm32cube.ide.mcu.externaltools.gnu-tools-for-stm32.14.3.rel1.win32_1.0.100.202602081740/tools/bin/../lib/gcc/arm-none-eabi/14.3.1/../../../../arm-none-eabi/lib/thumb/v7e-m+fp/hard\libc_nano.a(libc_a-memcpy-stub.o)
                0x0800e704                memcpy
 .text._free_r  0x0800e720       0x94 C:/ST/STM32CubeIDE_2.2.0/STM32CubeIDE/plugins/com.st.stm32cube.ide.mcu.externaltools.gnu-tools-for-stm32.14.3.rel1.win32_1.0.100.202602081740/tools/bin/../lib/gcc/arm-none-eabi/14.3.1/../../../../arm-none-eabi/lib/thumb/v7e-m+fp/hard\libc_nano.a(libc_a-freer.o)
                0x0800e720                _free_r
 .text.sbrk_aligned
                0x0800e7b4       0x44 C:/ST/STM32CubeIDE_2.2.0/STM32CubeIDE/plugins/com.st.stm32cube.ide.mcu.externaltools.gnu-tools-for-stm32.14.3.rel1.win32_1.0.100.202602081740/tools/bin/../lib/gcc/arm-none-eabi/14.3.1/../../../../arm-none-eabi/lib/thumb/v7e-m+fp/hard\libc_nano.a(libc_a-mallocr.o)
 .text._malloc_r
                0x0800e7f8      0x100 C:/ST/STM32CubeIDE_2.2.0/STM32CubeIDE/plugins/com.st.stm32cube.ide.mcu.externaltools.gnu-tools-for-stm32.14.3.rel1.win32_1.0.100.202602081740/tools/bin/../lib/gcc/arm-none-eabi/14.3.1/../../../../arm-none-eabi/lib/thumb/v7e-m+fp/hard\libc_nano.a(libc_a-mallocr.o)
                0x0800e7f8                _malloc_r
 .text.__malloc_lock
                0x0800e8f8        0xc C:/ST/STM32CubeIDE_2.2.0/STM32CubeIDE/plugins/com.st.stm32cube.ide.mcu.externaltools.gnu-tools-for-stm32.14.3.rel1.win32_1.0.100.202602081740/tools/bin/../lib/gcc/arm-none-eabi/14.3.1/../../../../arm-none-eabi/lib/thumb/v7e-m+fp/hard\libc_nano.a(libc_a-mlock.o)
                0x0800e8f8                __malloc_lock
 .text.__malloc_unlock
                0x0800e904        0xc C:/ST/STM32CubeIDE_2.2.0/STM32CubeIDE/plugins/com.st.stm32cube.ide.mcu.externaltools.gnu-tools-for-stm32.14.3.rel1.win32_1.0.100.202602081740/tools/bin/../lib/gcc/arm-none-eabi/14.3.1/../../../../arm-none-eabi/lib/thumb/v7e-m+fp/hard\libc_nano.a(libc_a-mlock.o)
                0x0800e904                __malloc_unlock
 .text.__ssputs_r
                0x0800e910       0xc0 C:/ST/STM32CubeIDE_2.2.0/STM32CubeIDE/plugins/com.st.stm32cube.ide.mcu.externaltools.gnu-tools-for-stm32.14.3.rel1.win32_1.0.100.202602081740/tools/bin/../lib/gcc/arm-none-eabi/14.3.1/../../../../arm-none-eabi/lib/thumb/v7e-m+fp/hard\libc_nano.a(libc_a-nano-svfprintf.o)
                0x0800e910                __ssputs_r
 .text._svfprintf_r
                0x0800e9d0      0x1f0 C:/ST/STM32CubeIDE_2.2.0/STM32CubeIDE/plugins/com.st.stm32cube.ide.mcu.externaltools.gnu-tools-for-stm32.14.3.rel1.win32_1.0.100.202602081740/tools/bin/../lib/gcc/arm-none-eabi/14.3.1/../../../../arm-none-eabi/lib/thumb/v7e-m+fp/hard\libc_nano.a(libc_a-nano-svfprintf.o)
                0x0800e9d0                _svfiprintf_r
                0x0800e9d0                _svfprintf_r
 .text._printf_common
                0x0800ebc0       0xda C:/ST/STM32CubeIDE_2.2.0/STM32CubeIDE/plugins/com.st.stm32cube.ide.mcu.externaltools.gnu-tools-for-stm32.14.3.rel1.win32_1.0.100.202602081740/tools/bin/../lib/gcc/arm-none-eabi/14.3.1/../../../../arm-none-eabi/lib/thumb/v7e-m+fp/hard\libc_nano.a(libc_a-nano-vfprintf_i.o)
                0x0800ebc0                _printf_common
 *fill*         0x0800ec9a        0x2 
 .text._printf_i
                0x0800ec9c      0x24c C:/ST/STM32CubeIDE_2.2.0/STM32CubeIDE/plugins/com.st.stm32cube.ide.mcu.externaltools.gnu-tools-for-stm32.14.3.rel1.win32_1.0.100.202602081740/tools/bin/../lib/gcc/arm-none-eabi/14.3.1/../../../../arm-none-eabi/lib/thumb/v7e-m+fp/hard\libc_nano.a(libc_a-nano-vfprintf_i.o)
                0x0800ec9c                _printf_i
 .text.memmove  0x0800eee8       0x32 C:/ST/STM32CubeIDE_2.2.0/STM32CubeIDE/plugins/com.st.stm32cube.ide.mcu.externaltools.gnu-tools-for-stm32.14.3.rel1.win32_1.0.100.202602081740/tools/bin/../lib/gcc/arm-none-eabi/14.3.1/../../../../arm-none-eabi/lib/thumb/v7e-m+fp/hard\libc_nano.a(libc_a-memmove.o)
                0x0800eee8                memmove
 *fill*         0x0800ef1a        0x2 
 .text._sbrk_r  0x0800ef1c       0x20 C:/ST/STM32CubeIDE_2.2.0/STM32CubeIDE/plugins/com.st.stm32cube.ide.mcu.externaltools.gnu-tools-for-stm32.14.3.rel1.win32_1.0.100.202602081740/tools/bin/../lib/gcc/arm-none-eabi/14.3.1/../../../../arm-none-eabi/lib/thumb/v7e-m+fp/hard\libc_nano.a(libc_a-sbrkr.o)
                0x0800ef1c                _sbrk_r
 .text._realloc_r
                0x0800ef3c       0x5c C:/ST/STM32CubeIDE_2.2.0/STM32CubeIDE/plugins/com.st.stm32cube.ide.mcu.externaltools.gnu-tools-for-stm32.14.3.rel1.win32_1.0.100.202602081740/tools/bin/../lib/gcc/arm-none-eabi/14.3.1/../../../../arm-none-eabi/lib/thumb/v7e-m+fp/hard\libc_nano.a(libc_a-reallocr.o)
                0x0800ef3c                _realloc_r
 .text._malloc_usable_size_r
                0x0800ef98       0x10 C:/ST/STM32CubeIDE_2.2.0/STM32CubeIDE/plugins/com.st.stm32cube.ide.mcu.externaltools.gnu-tools-for-stm32.14.3.rel1.win32_1.0.100.202602081740/tools/bin/../lib/gcc/arm-none-eabi/14.3.1/../../../../arm-none-eabi/lib/thumb/v7e-m+fp/hard\libc_nano.a(libc_a-msizer.o)
                0x0800ef98                _malloc_usable_size_r
 .text.sqrt     0x0800efa8       0x68 C:/ST/STM32CubeIDE_2.2.0/STM32CubeIDE/plugins/com.st.stm32cube.ide.mcu.externaltools.gnu-tools-for-stm32.14.3.rel1.win32_1.0.100.202602081740/tools/bin/../lib/gcc/arm-none-eabi/14.3.1/../../../../arm-none-eabi/lib/thumb/v7e-m+fp/hard\libm.a(libm_a-w_sqrt.o)
                0x0800efa8                sqrt
 .text.atan2f   0x0800f010        0x4 C:/ST/STM32CubeIDE_2.2.0/STM32CubeIDE/plugins/com.st.stm32cube.ide.mcu.externaltools.gnu-tools-for-stm32.14.3.rel1.win32_1.0.100.202602081740/tools/bin/../lib/gcc/arm-none-eabi/14.3.1/../../../../arm-none-eabi/lib/thumb/v7e-m+fp/hard\libm.a(libm_a-wf_atan2.o)
                0x0800f010                atan2f
 .text.sqrtf    0x0800f014       0x44 C:/ST/STM32CubeIDE_2.2.0/STM32CubeIDE/plugins/com.st.stm32cube.ide.mcu.externaltools.gnu-tools-for-stm32.14.3.rel1.win32_1.0.100.202602081740/tools/bin/../lib/gcc/arm-none-eabi/14.3.1/../../../../arm-none-eabi/lib/thumb/v7e-m+fp/hard\libm.a(libm_a-wf_sqrt.o)
                0x0800f014                sqrtf
 .text.cosf     0x0800f058       0x70 C:/ST/STM32CubeIDE_2.2.0/STM32CubeIDE/plugins/com.st.stm32cube.ide.mcu.externaltools.gnu-tools-for-stm32.14.3.rel1.win32_1.0.100.202602081740/tools/bin/../lib/gcc/arm-none-eabi/14.3.1/../../../../arm-none-eabi/lib/thumb/v7e-m+fp/hard\libm.a(libm_a-sf_cos.o)
                0x0800f058                cosf
 .text.sinf     0x0800f0c8       0x74 C:/ST/STM32CubeIDE_2.2.0/STM32CubeIDE/plugins/com.st.stm32cube.ide.mcu.externaltools.gnu-tools-for-stm32.14.3.rel1.win32_1.0.100.202602081740/tools/bin/../lib/gcc/arm-none-eabi/14.3.1/../../../../arm-none-eabi/lib/thumb/v7e-m+fp/hard\libm.a(libm_a-sf_sin.o)
                0x0800f0c8                sinf
 .text.lroundf  0x0800f13c       0x68 C:/ST/STM32CubeIDE_2.2.0/STM32CubeIDE/plugins/com.st.stm32cube.ide.mcu.externaltools.gnu-tools-for-stm32.14.3.rel1.win32_1.0.100.202602081740/tools/bin/../lib/gcc/arm-none-eabi/14.3.1/../../../../arm-none-eabi/lib/thumb/v7e-m+fp/hard\libm.a(libm_a-sf_lround.o)
                0x0800f13c                lroundf
 .text.__ieee754_sqrt
                0x0800f1a4      0x1f0 C:/ST/STM32CubeIDE_2.2.0/STM32CubeIDE/plugins/com.st.stm32cube.ide.mcu.externaltools.gnu-tools-for-stm32.14.3.rel1.win32_1.0.100.202602081740/tools/bin/../lib/gcc/arm-none-eabi/14.3.1/../../../../arm-none-eabi/lib/thumb/v7e-m+fp/hard\libm.a(libm_a-e_sqrt.o)
                0x0800f1a4                __ieee754_sqrt
 .text.__ieee754_sqrtf
                0x0800f394        0x8 C:/ST/STM32CubeIDE_2.2.0/STM32CubeIDE/plugins/com.st.stm32cube.ide.mcu.externaltools.gnu-tools-for-stm32.14.3.rel1.win32_1.0.100.202602081740/tools/bin/../lib/gcc/arm-none-eabi/14.3.1/../../../../arm-none-eabi/lib/thumb/v7e-m+fp/hard\libm.a(libm_a-ef_sqrt.o)
                0x0800f394                __ieee754_sqrtf
 .text.ceilf    0x0800f39c       0x94 C:/ST/STM32CubeIDE_2.2.0/STM32CubeIDE/plugins/com.st.stm32cube.ide.mcu.externaltools.gnu-tools-for-stm32.14.3.rel1.win32_1.0.100.202602081740/tools/bin/../lib/gcc/arm-none-eabi/14.3.1/../../../../arm-none-eabi/lib/thumb/v7e-m+fp/hard\libm.a(libm_a-sf_ceil.o)
                0x0800f39c                ceilf
 .text.__kernel_cosf
                0x0800f430      0x104 C:/ST/STM32CubeIDE_2.2.0/STM32CubeIDE/plugins/com.st.stm32cube.ide.mcu.externaltools.gnu-tools-for-stm32.14.3.rel1.win32_1.0.100.202602081740/tools/bin/../lib/gcc/arm-none-eabi/14.3.1/../../../../arm-none-eabi/lib/thumb/v7e-m+fp/hard\libm.a(libm_a-kf_cos.o)
                0x0800f430                __kernel_cosf
 .text.__kernel_sinf
                0x0800f534       0x90 C:/ST/STM32CubeIDE_2.2.0/STM32CubeIDE/plugins/com.st.stm32cube.ide.mcu.externaltools.gnu-tools-for-stm32.14.3.rel1.win32_1.0.100.202602081740/tools/bin/../lib/gcc/arm-none-eabi/14.3.1/../../../../arm-none-eabi/lib/thumb/v7e-m+fp/hard\libm.a(libm_a-kf_sin.o)
                0x0800f534                __kernel_sinf
 .text.__ieee754_atan2f
                0x0800f5c4      0x14c C:/ST/STM32CubeIDE_2.2.0/STM32CubeIDE/plugins/com.st.stm32cube.ide.mcu.externaltools.gnu-tools-for-stm32.14.3.rel1.win32_1.0.100.202602081740/tools/bin/../lib/gcc/arm-none-eabi/14.3.1/../../../../arm-none-eabi/lib/thumb/v7e-m+fp/hard\libm.a(libm_a-ef_atan2.o)
                0x0800f5c4                __ieee754_atan2f
 .text.__ieee754_rem_pio2f
                0x0800f710      0x26c C:/ST/STM32CubeIDE_2.2.0/STM32CubeIDE/plugins/com.st.stm32cube.ide.mcu.externaltools.gnu-tools-for-stm32.14.3.rel1.win32_1.0.100.202602081740/tools/bin/../lib/gcc/arm-none-eabi/14.3.1/../../../../arm-none-eabi/lib/thumb/v7e-m+fp/hard\libm.a(libm_a-ef_rem_pio2.o)
                0x0800f710                __ieee754_rem_pio2f
 .text.atanf    0x0800f97c      0x1a4 C:/ST/STM32CubeIDE_2.2.0/STM32CubeIDE/plugins/com.st.stm32cube.ide.mcu.externaltools.gnu-tools-for-stm32.14.3.rel1.win32_1.0.100.202602081740/tools/bin/../lib/gcc/arm-none-eabi/14.3.1/../../../../arm-none-eabi/lib/thumb/v7e-m+fp/hard\libm.a(libm_a-sf_atan.o)
                0x0800f97c                atanf
 .text.fabsf    0x0800fb20       0x10 C:/ST/STM32CubeIDE_2.2.0/STM32CubeIDE/plugins/com.st.stm32cube.ide.mcu.externaltools.gnu-tools-for-stm32.14.3.rel1.win32_1.0.100.202602081740/tools/bin/../lib/gcc/arm-none-eabi/14.3.1/../../../../arm-none-eabi/lib/thumb/v7e-m+fp/hard\libm.a(libm_a-sf_fabs.o)
                0x0800fb20                fabsf
 .text.__kernel_rem_pio2f
                0x0800fb30      0x68c C:/ST/STM32CubeIDE_2.2.0/STM32CubeIDE/plugins/com.st.stm32cube.ide.mcu.externaltools.gnu-tools-for-stm32.14.3.rel1.win32_1.0.100.202602081740/tools/bin/../lib/gcc/arm-none-eabi/14.3.1/../../../../arm-none-eabi/lib/thumb/v7e-m+fp/hard\libm.a(libm_a-kf_rem_pio2.o)
                0x0800fb30                __kernel_rem_pio2f
 .text.scalbnf  0x080101bc       0xdc C:/ST/STM32CubeIDE_2.2.0/STM32CubeIDE/plugins/com.st.stm32cube.ide.mcu.externaltools.gnu-tools-for-stm32.14.3.rel1.win32_1.0.100.202602081740/tools/bin/../lib/gcc/arm-none-eabi/14.3.1/../../../../arm-none-eabi/lib/thumb/v7e-m+fp/hard\libm.a(libm_a-sf_scalbn.o)
                0x080101bc                scalbnf
 .text.floorf   0x08010298       0x94 C:/ST/STM32CubeIDE_2.2.0/STM32CubeIDE/plugins/com.st.stm32cube.ide.mcu.externaltools.gnu-tools-for-stm32.14.3.rel1.win32_1.0.100.202602081740/tools/bin/../lib/gcc/arm-none-eabi/14.3.1/../../../../arm-none-eabi/lib/thumb/v7e-m+fp/hard\libm.a(libm_a-sf_floor.o)
                0x08010298                floorf
 *(.glue_7)
 .glue_7        0x0801032c        0x0 linker stubs
 *(.glue_7t)
 .glue_7t       0x0801032c        0x0 linker stubs
 *(.eh_frame)
 .eh_frame      0x0801032c        0x0 C:/ST/STM32CubeIDE_2.2.0/STM32CubeIDE/plugins/com.st.stm32cube.ide.mcu.externaltools.gnu-tools-for-stm32.14.3.rel1.win32_1.0.100.202602081740/tools/bin/../lib/gcc/arm-none-eabi/14.3.1/thumb/v7e-m+fp/hard/crtbegin.o
 *(.init)
 .init          0x0801032c        0x4 C:/ST/STM32CubeIDE_2.2.0/STM32CubeIDE/plugins/com.st.stm32cube.ide.mcu.externaltools.gnu-tools-for-stm32.14.3.rel1.win32_1.0.100.202602081740/tools/bin/../lib/gcc/arm-none-eabi/14.3.1/thumb/v7e-m+fp/hard/crti.o
                0x0801032c                _init
 .init          0x08010330        0x8 C:/ST/STM32CubeIDE_2.2.0/STM32CubeIDE/plugins/com.st.stm32cube.ide.mcu.externaltools.gnu-tools-for-stm32.14.3.rel1.win32_1.0.100.202602081740/tools/bin/../lib/gcc/arm-none-eabi/14.3.1/thumb/v7e-m+fp/hard/crtn.o
 *(.fini)
 .fini          0x08010338        0x4 C:/ST/STM32CubeIDE_2.2.0/STM32CubeIDE/plugins/com.st.stm32cube.ide.mcu.externaltools.gnu-tools-for-stm32.14.3.rel1.win32_1.0.100.202602081740/tools/bin/../lib/gcc/arm-none-eabi/14.3.1/thumb/v7e-m+fp/hard/crti.o
                0x08010338                _fini
 .fini          0x0801033c        0x8 C:/ST/STM32CubeIDE_2.2.0/STM32CubeIDE/plugins/com.st.stm32cube.ide.mcu.externaltools.gnu-tools-for-stm32.14.3.rel1.win32_1.0.100.202602081740/tools/bin/../lib/gcc/arm-none-eabi/14.3.1/thumb/v7e-m+fp/hard/crtn.o
                0x08010344                        . = ALIGN (0x4)
                0x08010344                        _etext = .

.vfp11_veneer   0x08010344        0x0
 .vfp11_veneer  0x08010344        0x0 linker stubs

.v4_bx          0x08010344        0x0
 .v4_bx         0x08010344        0x0 linker stubs

.iplt           0x08010344        0x0
 .iplt          0x08010344        0x0 C:/ST/STM32CubeIDE_2.2.0/STM32CubeIDE/plugins/com.st.stm32cube.ide.mcu.externaltools.gnu-tools-for-stm32.14.3.rel1.win32_1.0.100.202602081740/tools/bin/../lib/gcc/arm-none-eabi/14.3.1/thumb/v7e-m+fp/hard/crtbegin.o

.rodata         0x08010348     0x3f18
                0x08010348                        . = ALIGN (0x4)
 *(.rodata)
 .rodata        0x08010348        0xc ./Core/Src/ma600.o
 .rodata        0x08010354       0x20 ./Core/Src/ma600_acquisition.o
 .rodata        0x08010374       0x8c ./Core/Src/position_controller.o
 *(.rodata*)
 .rodata.AppEngine_ModeId.str1.1
                0x08010400     0x382c ./Core/Src/app_engine.o
                                  0xc (size before relaxing)
 .rodata.AppEngine_ProfileId.str1.1
                0x08013c2c       0x1d ./Core/Src/app_engine.o
 .rodata.AppEngine_SourceId.str1.1
                0x08013c2c       0x17 ./Core/Src/app_engine.o
 .rodata.MA600_AngleTransportName.str1.1
                0x08013c2c       0x1c ./Core/Src/ma600.o
 .rodata.MA600_ConfigGateResultName.str1.1
                0x08013c2c       0x1b ./Core/Src/ma600.o
 .rodata.str1.1
                0x08013c2c       0xdb ./Core/Src/ma600.o
 .rodata.CSWTCH.49
                0x08013c2c       0x30 ./Core/Src/ma600.o
 .rodata.StartDefaultTask.str1.1
                0x08013c5c      0x1b3 ./Core/Src/main.o
 .rodata.str1.1
                0x08013c5c        0xc ./Core/Src/main.o
 .rodata.defaultTask_attributes
                0x08013c5c       0x24 ./Core/Src/main.o
                0x08013c5c                defaultTask_attributes
 .rodata.Motor_GetHomeControllerProfileId.str1.1
                0x08013c80       0x14 ./Core/Src/motor.o
 .rodata.POSITION_CONFIG
                0x08013c80       0x1c ./Core/Src/motor.o
 .rodata.MA600_ResultName.str1.1
                0x08013c9c        0x8 ./Core/Src/nonlinear_test.o
 .rodata.ReadLogAndGateConfiguration.str1.1
                0x08013c9c      0x2cf ./Core/Src/nonlinear_test.o
 .rodata.FormatDegN.str1.1
                0x08013c9c       0x15 ./Core/Src/nonlinear_test.o
 .rodata.ComputeModelMetricsByOrders.constprop.0.str1.1
                0x08013c9c       0x3a ./Core/Src/nonlinear_test.o
 .rodata.FormatDeg2.constprop.0.str1.1
                0x08013c9c       0x15 ./Core/Src/nonlinear_test.o
 .rodata.PrintSweepLog.constprop.0.str1.1
                0x08013c9c     0x2917 ./Core/Src/nonlinear_test.o
 .rodata.NonlinearTest_Run.constprop.0.str1.1
                0x08013c9c      0x444 ./Core/Src/nonlinear_test.o
 .rodata.RunBatchSweep.str1.1
                0x08013c9c      0x15c ./Core/Src/nonlinear_test.o
 .rodata.NonlinearEngine_Task.str1.1
                0x08013c9c      0x1b1 ./Core/Src/nonlinear_test.o
 .rodata.CSWTCH.264
                0x08013c9c        0x8 ./Core/Src/nonlinear_test.o
 .rodata.str1.1
                0x08013ca4      0x19b ./Core/Src/nonlinear_test.o
 .rodata.CSWTCH.253
                0x08013ca4       0x20 ./Core/Src/nonlinear_test.o
 .rodata.CSWTCH.251
                0x08013cc4       0x10 ./Core/Src/nonlinear_test.o
 .rodata.CSWTCH.240
                0x08013cd4       0x10 ./Core/Src/nonlinear_test.o
 .rodata.CSWTCH.236
                0x08013ce4       0x28 ./Core/Src/nonlinear_test.o
 .rodata.names.0
                0x08013d0c       0x10 ./Core/Src/nonlinear_test.o
 .rodata.nominalHoldMs.1
                0x08013d1c       0x10 ./Core/Src/nonlinear_test.o
 .rodata.testTaskAttributes.2
                0x08013d2c       0x24 ./Core/Src/nonlinear_test.o
 .rodata.NL_LEGACY_HARMONIC_ORDERS
                0x08013d50        0x6 ./Core/Src/nonlinear_test.o
 .rodata.NL_HARMONIC_ORDERS
                0x08013d56        0xc ./Core/Src/nonlinear_test.o
 *fill*         0x08013d62        0x2 
 .rodata.NL_KNOWN_JIGS
                0x08013d64       0xc4 ./Core/Src/nonlinear_test.o
 .rodata.APBPrescTable
                0x08013e28        0x8 ./Core/Src/system_stm32f4xx.o
                0x08013e28                APBPrescTable
 .rodata.AHBPrescTable
                0x08013e30       0x10 ./Core/Src/system_stm32f4xx.o
                0x08013e30                AHBPrescTable
 .rodata.flagBitshiftOffset.0
                0x08013e40        0x8 ./Drivers/STM32F4xx_HAL_Driver/Src/stm32f4xx_hal_dma.o
 .rodata.vTaskStartScheduler.str1.1
                0x08013e48        0x5 ./Middlewares/Third_Party/FreeRTOS/Source/tasks.o
 .rodata.prvCheckForValidListAndQueue.str1.1
                0x08013e48        0x5 ./Middlewares/Third_Party/FreeRTOS/Source/timers.o
 .rodata.xTimerCreateTimerTask.str1.1
                0x08013e48        0x8 ./Middlewares/Third_Party/FreeRTOS/Source/timers.o
 .rodata._svfprintf_r.str1.1
                0x08013e48       0x11 C:/ST/STM32CubeIDE_2.2.0/STM32CubeIDE/plugins/com.st.stm32cube.ide.mcu.externaltools.gnu-tools-for-stm32.14.3.rel1.win32_1.0.100.202602081740/tools/bin/../lib/gcc/arm-none-eabi/14.3.1/../../../../arm-none-eabi/lib/thumb/v7e-m+fp/hard\libc_nano.a(libc_a-nano-svfprintf.o)
 .rodata._printf_i.str1.1
                0x08013e48       0x22 C:/ST/STM32CubeIDE_2.2.0/STM32CubeIDE/plugins/com.st.stm32cube.ide.mcu.externaltools.gnu-tools-for-stm32.14.3.rel1.win32_1.0.100.202602081740/tools/bin/../lib/gcc/arm-none-eabi/14.3.1/../../../../arm-none-eabi/lib/thumb/v7e-m+fp/hard\libc_nano.a(libc_a-nano-vfprintf_i.o)
 .rodata.tiny   0x08013e48        0x8 C:/ST/STM32CubeIDE_2.2.0/STM32CubeIDE/plugins/com.st.stm32cube.ide.mcu.externaltools.gnu-tools-for-stm32.14.3.rel1.win32_1.0.100.202602081740/tools/bin/../lib/gcc/arm-none-eabi/14.3.1/../../../../arm-none-eabi/lib/thumb/v7e-m+fp/hard\libm.a(libm_a-e_sqrt.o)
 .rodata.one    0x08013e50        0x8 C:/ST/STM32CubeIDE_2.2.0/STM32CubeIDE/plugins/com.st.stm32cube.ide.mcu.externaltools.gnu-tools-for-stm32.14.3.rel1.win32_1.0.100.202602081740/tools/bin/../lib/gcc/arm-none-eabi/14.3.1/../../../../arm-none-eabi/lib/thumb/v7e-m+fp/hard\libm.a(libm_a-e_sqrt.o)
 .rodata.CSWTCH.9
                0x08013e58        0xc C:/ST/STM32CubeIDE_2.2.0/STM32CubeIDE/plugins/com.st.stm32cube.ide.mcu.externaltools.gnu-tools-for-stm32.14.3.rel1.win32_1.0.100.202602081740/tools/bin/../lib/gcc/arm-none-eabi/14.3.1/../../../../arm-none-eabi/lib/thumb/v7e-m+fp/hard\libm.a(libm_a-ef_atan2.o)
 .rodata.CSWTCH.8